/media/tramtran/DATA/Gremsy/Ethernet_COM/SleepMode/../Libraries/RTOS/Base/Inc/rtos_base_common.hpp:65:13:RTOS::Base::Common::~Common()	0	static
/media/tramtran/DATA/Gremsy/Ethernet_COM/SleepMode/../Libraries/RTOS/Base/Inc/rtos_base_common.hpp:79:24:virtual StatusEnum RTOS::Base::Common::Open()	0	static
/media/tramtran/DATA/Gremsy/Ethernet_COM/SleepMode/../Libraries/RTOS/Base/Inc/rtos_base_common.hpp:85:24:virtual StatusEnum RTOS::Base::Common::Close()	0	static
/media/tramtran/DATA/Gremsy/Ethernet_COM/SleepMode/../Libraries/RTOS/Base/Inc/rtos_base_common.hpp:92:18:virtual bool RTOS::Base::Common::IsOpen()	0	static
/media/tramtran/DATA/Gremsy/Ethernet_COM/SleepMode/../Libraries/RTOS/Base/Inc/rtos_base_task.hpp:99:19:virtual RTOS::Base::Task& RTOS::Base::Task::operator+=(RTOS::FuncRtosTaskCallbackType)	0	static
/media/tramtran/DATA/Gremsy/Ethernet_COM/SleepMode/../Libraries/RTOS/Base/Inc/rtos_base_task.hpp:110:18:virtual void RTOS::Base::Task::Sleep(uint32_t)	0	static
/media/tramtran/DATA/Gremsy/Ethernet_COM/SleepMode/../Libraries/RTOS/Base/Inc/rtos_base_task.hpp:116:18:virtual void RTOS::Base::Task::Sleep()	0	static
/media/tramtran/DATA/Gremsy/Ethernet_COM/SleepMode/../Libraries/RTOS/Base/Inc/rtos_base_event.hpp:62:22:virtual uint32_t RTOS::Base::Event::Set(uint32_t)	0	static
/media/tramtran/DATA/Gremsy/Ethernet_COM/SleepMode/../Libraries/RTOS/Base/Inc/rtos_base_event.hpp:68:22:virtual uint32_t RTOS::Base::Event::Wait(uint32_t, uint32_t)	0	static
/media/tramtran/DATA/Gremsy/Ethernet_COM/SleepMode/../Libraries/RTOS/Base/Inc/rtos_base_event.hpp:41:19:RTOS::Base::Event::~Event()	0	static
/media/tramtran/DATA/Gremsy/Ethernet_COM/SleepMode/../Libraries/Hardware/Base/Inc/hardware_base_common.hpp:69:13:HW::Base::Common::~Common()	0	static
/media/tramtran/DATA/Gremsy/Ethernet_COM/SleepMode/../Libraries/Hardware/Base/Inc/hardware_base_common.hpp:84:24:virtual StatusEnum HW::Base::Common::Open()	0	static
/media/tramtran/DATA/Gremsy/Ethernet_COM/SleepMode/../Libraries/Hardware/Base/Inc/hardware_base_common.hpp:90:24:virtual StatusEnum HW::Base::Common::Close()	0	static
/media/tramtran/DATA/Gremsy/Ethernet_COM/SleepMode/../Libraries/Hardware/Base/Inc/hardware_base_common.hpp:96:18:virtual bool HW::Base::Common::IsOpen()	0	static
/media/tramtran/DATA/Gremsy/Ethernet_COM/SleepMode/../Libraries/Hardware/Base/Inc/hardware_base_peripheral_uart.hpp:129:13:HW::Base::Uart::~Uart()	16	static
/media/tramtran/DATA/Gremsy/Ethernet_COM/SleepMode/../Libraries/Hardware/Base/Inc/hardware_base_peripheral_uart.hpp:220:24:virtual StatusEnum HW::Base::Uart::Write(Type::String)	0	static
/media/tramtran/DATA/Gremsy/Ethernet_COM/SleepMode/../Libraries/Hardware/Base/Inc/hardware_base_peripheral_uart.hpp:227:24:virtual StatusEnum HW::Base::Uart::Write(uint8_t*, int)	0	static
/media/tramtran/DATA/Gremsy/Ethernet_COM/SleepMode/../Libraries/Hardware/Base/Inc/hardware_base_peripheral_uart.hpp:231:21:virtual PinEnum HW::Base::Uart::GetTxPin()	0	static
/media/tramtran/DATA/Gremsy/Ethernet_COM/SleepMode/../Libraries/Hardware/Base/Inc/hardware_base_peripheral_uart.hpp:237:21:virtual PinEnum HW::Base::Uart::GetRxPin()	0	static
/media/tramtran/DATA/Gremsy/Ethernet_COM/SleepMode/../Libraries/Hardware/Base/Inc/hardware_base_peripheral_spi.hpp:183:24:virtual StatusEnum HW::Base::Spi::SendGet(uint8_t*, uint8_t*, int)	0	static
/media/tramtran/DATA/Gremsy/Ethernet_COM/SleepMode/../Libraries/Hardware/Base/Inc/hardware_base_peripheral_spi.hpp:190:24:virtual StatusEnum HW::Base::Spi::Send(uint8_t*, int)	0	static
/media/tramtran/DATA/Gremsy/Ethernet_COM/SleepMode/../Libraries/Hardware/Base/Inc/hardware_base_peripheral_spi.hpp:197:24:virtual StatusEnum HW::Base::Spi::Send(std::span<const unsigned char>)	8	static
/media/tramtran/DATA/Gremsy/Ethernet_COM/SleepMode/../Libraries/Hardware/Base/Inc/hardware_base_peripheral_spi.hpp:198:24:virtual StatusEnum HW::Base::Spi::Get(uint8_t*, int)	0	static
/media/tramtran/DATA/Gremsy/Ethernet_COM/SleepMode/../Libraries/Hardware/Base/Inc/hardware_base_peripheral_spi.hpp:199:24:virtual StatusEnum HW::Base::Spi::Read(uint8_t*, uint8_t*, int)	0	static
/media/tramtran/DATA/Gremsy/Ethernet_COM/SleepMode/../Libraries/Hardware/Base/Inc/hardware_base_peripheral_spi.hpp:207:24:virtual StatusEnum HW::Base::Spi::Add(Type::String, HW::FuncPeripheralSpiWriteCallbackType, object)	0	static
/media/tramtran/DATA/Gremsy/Ethernet_COM/SleepMode/../Libraries/Hardware/Base/Inc/hardware_base_peripheral_spi.hpp:221:24:virtual StatusEnum HW::Base::Spi::Add(Type::String, HW::FuncPeripheralSpiWriteCallbackType, uint32_t, object)	0	static
/media/tramtran/DATA/Gremsy/Ethernet_COM/SleepMode/../Libraries/Hardware/Base/Inc/hardware_base_peripheral_spi.hpp:229:24:virtual StatusEnum HW::Base::Spi::Abort()	0	static
/media/tramtran/DATA/Gremsy/Ethernet_COM/SleepMode/../Libraries/Hardware/Base/Inc/hardware_base_peripheral_spi.hpp:231:18:virtual void HW::Base::Spi::Lock()	0	static
/media/tramtran/DATA/Gremsy/Ethernet_COM/SleepMode/../Libraries/Hardware/Base/Inc/hardware_base_peripheral_spi.hpp:232:18:virtual void HW::Base::Spi::Unlock()	0	static
/media/tramtran/DATA/Gremsy/Ethernet_COM/SleepMode/../Libraries/Hardware/Base/Inc/hardware_base_peripheral_spi.hpp:240:18:virtual void HW::Base::Spi::__ITTxRxCpltProcess()	0	static
/media/tramtran/DATA/Gremsy/Ethernet_COM/SleepMode/../Libraries/Hardware/Base/Inc/hardware_base_peripheral_spi.hpp:246:18:virtual void HW::Base::Spi::__TaskProcess()	0	static
/media/tramtran/DATA/Gremsy/Ethernet_COM/SleepMode/../Libraries/Hardware/Base/Inc/hardware_base_peripheral_spi.hpp:251:18:virtual void HW::Base::Spi::__ErrorProcess()	0	static
/media/tramtran/DATA/Gremsy/Ethernet_COM/SleepMode/../Libraries/ThirdParty/MavlinkV2/ardupilotmega/../checksum.h:35:20:void crc_accumulate(uint8_t, uint16_t*)	0	static
/media/tramtran/DATA/Gremsy/Ethernet_COM/SleepMode/../Libraries/ThirdParty/MavlinkV2/ardupilotmega/../checksum.h:65:24:uint16_t crc_calculate(const uint8_t*, uint16_t)	24	static
/media/tramtran/DATA/Gremsy/Ethernet_COM/SleepMode/../Libraries/ThirdParty/MavlinkV2/ardupilotmega/../checksum.h:85:20:void crc_accumulate_buffer(uint16_t*, const char*, uint16_t)	16	static
/media/tramtran/DATA/Gremsy/Ethernet_COM/SleepMode/../Libraries/ThirdParty/MavlinkV2/ardupilotmega/../mavlink_sha256.h:105:20:void mavlink_sha256_calc(mavlink_sha256_ctx*, uint32_t*)	328	static
/media/tramtran/DATA/Gremsy/Ethernet_COM/SleepMode/../Libraries/Modules/Base/module_base_common.hpp:95:24:virtual StatusEnum Module::Base::Common::Open()	0	static
/media/tramtran/DATA/Gremsy/Ethernet_COM/SleepMode/../Libraries/Modules/Base/module_base_common.hpp:101:24:virtual StatusEnum Module::Base::Common::Close()	0	static
/media/tramtran/DATA/Gremsy/Ethernet_COM/SleepMode/../Libraries/Modules/Base/module_base_common.hpp:107:18:virtual bool Module::Base::Common::IsOpen()	0	static
/media/tramtran/DATA/Gremsy/Ethernet_COM/SleepMode/../Libraries/Modules/Base/module_base_protocol_mavlink.hpp:346:24:virtual StatusEnum Module::Base::ProtocolMavlink::ReceivedByte(uint8_t)	0	static
/media/tramtran/DATA/Gremsy/Ethernet_COM/SleepMode/../Libraries/Modules/Base/module_base_protocol_mavlink.hpp:352:38:virtual Module::ProtocolMavlinkStateEnum Module::Base::ProtocolMavlink::GetState()	0	static
/media/tramtran/DATA/Gremsy/Ethernet_COM/SleepMode/../Libraries/Modules/Base/module_base_protocol_mavlink.hpp:486:24:virtual StatusEnum Module::Base::ProtocolMavlink::AddTxOnce(object, uint32_t, Module::FuncProtocolMavlinkTransmittedMessageCallbackType)	8	static
/media/tramtran/DATA/Gremsy/Ethernet_COM/SleepMode/../Libraries/Modules/Base/module_base_protocol_mavlink.hpp:628:18:virtual bool Module::Base::ProtocolMavlink::IsReceivedMessage(uint32_t, Module::FuncProtocolMavlinkReceivedMessageCallbackType)	4	static
/media/tramtran/DATA/Gremsy/Ethernet_COM/SleepMode/../Libraries/Modules/Base/module_base_protocol_mavlink.hpp:657:18:virtual bool Module::Base::ProtocolMavlink::IsTransmitContinousMessage(uint32_t, Module::FuncProtocolMavlinkTransmittedMessageCallbackType)	4	static
/media/tramtran/DATA/Gremsy/Ethernet_COM/SleepMode/../Libraries/Modules/Base/module_base_protocol_mavlink.hpp:685:24:virtual StatusEnum Module::Base::ProtocolMavlink::SearchReceiveMessage(uint32_t, uint32_t*)	4	static
/media/tramtran/DATA/Gremsy/Ethernet_COM/SleepMode/../Libraries/Modules/Base/module_base_protocol_mavlink.hpp:717:24:virtual StatusEnum Module::Base::ProtocolMavlink::SearchTransmitContinousMessage(uint32_t, uint32_t*)	4	static
/media/tramtran/DATA/Gremsy/Ethernet_COM/SleepMode/../Libraries/Modules/Base/module_base_protocol_mavlink.hpp:745:18:virtual bool Module::Base::ProtocolMavlink::IsSystem(uint8_t, uint8_t)	0	static
/media/tramtran/DATA/Gremsy/Ethernet_COM/SleepMode/../Libraries/Driver/ConnectionBase.hpp:66:24:virtual StatusEnum Connection::Open()	0	static
/media/tramtran/DATA/Gremsy/Ethernet_COM/SleepMode/../Libraries/Driver/ConnectionBase.hpp:73:24:virtual StatusEnum Connection::Close()	0	static
/media/tramtran/DATA/Gremsy/Ethernet_COM/SleepMode/../Libraries/Driver/ConnectionBase.hpp:80:18:virtual void Connection::ReadDataCallback(std::span<const unsigned char>)	8	static
/media/tramtran/DATA/Gremsy/Ethernet_COM/SleepMode/User/StorageParam/StorageParam.hpp:146:7:constexpr Storage::NetworkParam::~NetworkParam()	0	static
/media/tramtran/DATA/Gremsy/Ethernet_COM/SleepMode/User/MavlinkHandler/MavlinkHandler.hpp:88:10:virtual void MavlinkHandler::Reset()	0	static
/media/tramtran/DATA/Gremsy/Ethernet_COM/SleepMode/../Submodule/SG14/SG14/inplace_function.h:101:19:static constexpr void stdext::inplace_function_detail::vtable<void, const unsigned char*, short unsigned int>::vtable()::<lambda(stdext::inplace_function_detail::vtable<void, const unsigned char*, short unsigned int>::storage_ptr_t, stdext::inplace_function_detail::vtable<void, const unsigned char*, short unsigned int>::storage_ptr_t)>::_FUN(stdext::inplace_function_detail::vtable<void, const unsigned char*, short unsigned int>::storage_ptr_t, stdext::inplace_function_detail::vtable<void, const unsigned char*, short unsigned int>::storage_ptr_t)	0	static
/media/tramtran/DATA/Gremsy/Ethernet_COM/SleepMode/../Submodule/SG14/SG14/inplace_function.h:102:23:static constexpr void stdext::inplace_function_detail::vtable<void, const unsigned char*, short unsigned int>::vtable()::<lambda(stdext::inplace_function_detail::vtable<void, const unsigned char*, short unsigned int>::storage_ptr_t, stdext::inplace_function_detail::vtable<void, const unsigned char*, short unsigned int>::storage_ptr_t)>::_FUN(stdext::inplace_function_detail::vtable<void, const unsigned char*, short unsigned int>::storage_ptr_t, stdext::inplace_function_detail::vtable<void, const unsigned char*, short unsigned int>::storage_ptr_t)	0	static
/media/tramtran/DATA/Gremsy/Ethernet_COM/SleepMode/../Submodule/SG14/SG14/inplace_function.h:103:25:static constexpr void stdext::inplace_function_detail::vtable<void, const unsigned char*, short unsigned int>::vtable()::<lambda(stdext::inplace_function_detail::vtable<void, const unsigned char*, short unsigned int>::storage_ptr_t)>::_FUN(stdext::inplace_function_detail::vtable<void, const unsigned char*, short unsigned int>::storage_ptr_t)	0	static
/media/tramtran/DATA/Gremsy/Ethernet_COM/SleepMode/../Submodule/SG14/SG14/inplace_function.h:112:19:static constexpr void stdext::inplace_function_detail::vtable<void>::vtable<HW::Peripheral::Uart::<lambda()> >(stdext::inplace_function_detail::wrapper<HW::Peripheral::Uart::<lambda()> >)::<lambda(stdext::inplace_function_detail::vtable<void>::storage_ptr_t, stdext::inplace_function_detail::vtable<void>::storage_ptr_t)>::_FUN(stdext::inplace_function_detail::vtable<void>::storage_ptr_t, stdext::inplace_function_detail::vtable<void>::storage_ptr_t)	0	static
/media/tramtran/DATA/Gremsy/Ethernet_COM/SleepMode/../Submodule/SG14/SG14/inplace_function.h:115:23:static constexpr void stdext::inplace_function_detail::vtable<void>::vtable<HW::Peripheral::Uart::<lambda()> >(stdext::inplace_function_detail::wrapper<HW::Peripheral::Uart::<lambda()> >)::<lambda(stdext::inplace_function_detail::vtable<void>::storage_ptr_t, stdext::inplace_function_detail::vtable<void>::storage_ptr_t)>::_FUN(stdext::inplace_function_detail::vtable<void>::storage_ptr_t, stdext::inplace_function_detail::vtable<void>::storage_ptr_t)	0	static
/media/tramtran/DATA/Gremsy/Ethernet_COM/SleepMode/../Submodule/SG14/SG14/inplace_function.h:121:25:static constexpr void stdext::inplace_function_detail::vtable<void>::vtable<HW::Peripheral::Uart::<lambda()> >(stdext::inplace_function_detail::wrapper<HW::Peripheral::Uart::<lambda()> >)::<lambda(stdext::inplace_function_detail::vtable<void>::storage_ptr_t)>::_FUN(stdext::inplace_function_detail::vtable<void>::storage_ptr_t)	0	static
/media/tramtran/DATA/Gremsy/Ethernet_COM/SleepMode/../Submodule/SG14/SG14/inplace_function.h:112:19:static constexpr void stdext::inplace_function_detail::vtable<bool, mavlink_channel_t>::vtable<MavlinkHandler::Open()::<lambda(mavlink_channel_t)> >(stdext::inplace_function_detail::wrapper<MavlinkHandler::Open()::<lambda(mavlink_channel_t)> >)::<lambda(stdext::inplace_function_detail::vtable<bool, mavlink_channel_t>::storage_ptr_t, stdext::inplace_function_detail::vtable<bool, mavlink_channel_t>::storage_ptr_t)>::_FUN(stdext::inplace_function_detail::vtable<bool, mavlink_channel_t>::storage_ptr_t, stdext::inplace_function_detail::vtable<bool, mavlink_channel_t>::storage_ptr_t)	0	static
/media/tramtran/DATA/Gremsy/Ethernet_COM/SleepMode/../Submodule/SG14/SG14/inplace_function.h:115:23:static constexpr void stdext::inplace_function_detail::vtable<bool, mavlink_channel_t>::vtable<MavlinkHandler::Open()::<lambda(mavlink_channel_t)> >(stdext::inplace_function_detail::wrapper<MavlinkHandler::Open()::<lambda(mavlink_channel_t)> >)::<lambda(stdext::inplace_function_detail::vtable<bool, mavlink_channel_t>::storage_ptr_t, stdext::inplace_function_detail::vtable<bool, mavlink_channel_t>::storage_ptr_t)>::_FUN(stdext::inplace_function_detail::vtable<bool, mavlink_channel_t>::storage_ptr_t, stdext::inplace_function_detail::vtable<bool, mavlink_channel_t>::storage_ptr_t)	0	static
/media/tramtran/DATA/Gremsy/Ethernet_COM/SleepMode/../Submodule/SG14/SG14/inplace_function.h:121:25:static constexpr void stdext::inplace_function_detail::vtable<bool, mavlink_channel_t>::vtable<MavlinkHandler::Open()::<lambda(mavlink_channel_t)> >(stdext::inplace_function_detail::wrapper<MavlinkHandler::Open()::<lambda(mavlink_channel_t)> >)::<lambda(stdext::inplace_function_detail::vtable<bool, mavlink_channel_t>::storage_ptr_t)>::_FUN(stdext::inplace_function_detail::vtable<bool, mavlink_channel_t>::storage_ptr_t)	0	static
/media/tramtran/DATA/Gremsy/Ethernet_COM/SleepMode/../Submodule/SG14/SG14/inplace_function.h:112:19:static constexpr void stdext::inplace_function_detail::vtable<void, mavlink_channel_t, const __mavlink_message&>::vtable<MavlinkHandler::Open()::<lambda(mavlink_channel_t, const mavlink_message_t&)> >(stdext::inplace_function_detail::wrapper<MavlinkHandler::Open()::<lambda(mavlink_channel_t, const mavlink_message_t&)> >)::<lambda(stdext::inplace_function_detail::vtable<void, mavlink_channel_t, const __mavlink_message&>::storage_ptr_t, stdext::inplace_function_detail::vtable<void, mavlink_channel_t, const __mavlink_message&>::storage_ptr_t)>::_FUN(stdext::inplace_function_detail::vtable<void, mavlink_channel_t, const __mavlink_message&>::storage_ptr_t, stdext::inplace_function_detail::vtable<void, mavlink_channel_t, const __mavlink_message&>::storage_ptr_t)	0	static
/media/tramtran/DATA/Gremsy/Ethernet_COM/SleepMode/../Submodule/SG14/SG14/inplace_function.h:115:23:static constexpr void stdext::inplace_function_detail::vtable<void, mavlink_channel_t, const __mavlink_message&>::vtable<MavlinkHandler::Open()::<lambda(mavlink_channel_t, const mavlink_message_t&)> >(stdext::inplace_function_detail::wrapper<MavlinkHandler::Open()::<lambda(mavlink_channel_t, const mavlink_message_t&)> >)::<lambda(stdext::inplace_function_detail::vtable<void, mavlink_channel_t, const __mavlink_message&>::storage_ptr_t, stdext::inplace_function_detail::vtable<void, mavlink_channel_t, const __mavlink_message&>::storage_ptr_t)>::_FUN(stdext::inplace_function_detail::vtable<void, mavlink_channel_t, const __mavlink_message&>::storage_ptr_t, stdext::inplace_function_detail::vtable<void, mavlink_channel_t, const __mavlink_message&>::storage_ptr_t)	0	static
/media/tramtran/DATA/Gremsy/Ethernet_COM/SleepMode/../Submodule/SG14/SG14/inplace_function.h:121:25:static constexpr void stdext::inplace_function_detail::vtable<void, mavlink_channel_t, const __mavlink_message&>::vtable<MavlinkHandler::Open()::<lambda(mavlink_channel_t, const mavlink_message_t&)> >(stdext::inplace_function_detail::wrapper<MavlinkHandler::Open()::<lambda(mavlink_channel_t, const mavlink_message_t&)> >)::<lambda(stdext::inplace_function_detail::vtable<void, mavlink_channel_t, const __mavlink_message&>::storage_ptr_t)>::_FUN(stdext::inplace_function_detail::vtable<void, mavlink_channel_t, const __mavlink_message&>::storage_ptr_t)	0	static
/media/tramtran/DATA/Gremsy/Ethernet_COM/SleepMode/../Submodule/SG14/SG14/inplace_function.h:112:19:static constexpr void stdext::inplace_function_detail::vtable<void, mavlink_channel_t, const __mavlink_message&>::vtable<MavlinkHandler::Open()::<lambda(mavlink_channel_t, const mavlink_message_t&)> >(stdext::inplace_function_detail::wrapper<MavlinkHandler::Open()::<lambda(mavlink_channel_t, const mavlink_message_t&)> >)::<lambda(stdext::inplace_function_detail::vtable<void, mavlink_channel_t, const __mavlink_message&>::storage_ptr_t, stdext::inplace_function_detail::vtable<void, mavlink_channel_t, const __mavlink_message&>::storage_ptr_t)>::_FUN(stdext::inplace_function_detail::vtable<void, mavlink_channel_t, const __mavlink_message&>::storage_ptr_t, stdext::inplace_function_detail::vtable<void, mavlink_channel_t, const __mavlink_message&>::storage_ptr_t)	0	static
/media/tramtran/DATA/Gremsy/Ethernet_COM/SleepMode/../Submodule/SG14/SG14/inplace_function.h:115:23:static constexpr void stdext::inplace_function_detail::vtable<void, mavlink_channel_t, const __mavlink_message&>::vtable<MavlinkHandler::Open()::<lambda(mavlink_channel_t, const mavlink_message_t&)> >(stdext::inplace_function_detail::wrapper<MavlinkHandler::Open()::<lambda(mavlink_channel_t, const mavlink_message_t&)> >)::<lambda(stdext::inplace_function_detail::vtable<void, mavlink_channel_t, const __mavlink_message&>::storage_ptr_t, stdext::inplace_function_detail::vtable<void, mavlink_channel_t, const __mavlink_message&>::storage_ptr_t)>::_FUN(stdext::inplace_function_detail::vtable<void, mavlink_channel_t, const __mavlink_message&>::storage_ptr_t, stdext::inplace_function_detail::vtable<void, mavlink_channel_t, const __mavlink_message&>::storage_ptr_t)	0	static
/media/tramtran/DATA/Gremsy/Ethernet_COM/SleepMode/../Submodule/SG14/SG14/inplace_function.h:121:25:static constexpr void stdext::inplace_function_detail::vtable<void, mavlink_channel_t, const __mavlink_message&>::vtable<MavlinkHandler::Open()::<lambda(mavlink_channel_t, const mavlink_message_t&)> >(stdext::inplace_function_detail::wrapper<MavlinkHandler::Open()::<lambda(mavlink_channel_t, const mavlink_message_t&)> >)::<lambda(stdext::inplace_function_detail::vtable<void, mavlink_channel_t, const __mavlink_message&>::storage_ptr_t)>::_FUN(stdext::inplace_function_detail::vtable<void, mavlink_channel_t, const __mavlink_message&>::storage_ptr_t)	0	static
/media/tramtran/DATA/Gremsy/Ethernet_COM/SleepMode/../Submodule/SG14/SG14/inplace_function.h:112:19:static constexpr void stdext::inplace_function_detail::vtable<void, mavlink_channel_t, const __mavlink_message&>::vtable<MavlinkHandler::Open()::<lambda(mavlink_channel_t, const mavlink_message_t&)> >(stdext::inplace_function_detail::wrapper<MavlinkHandler::Open()::<lambda(mavlink_channel_t, const mavlink_message_t&)> >)::<lambda(stdext::inplace_function_detail::vtable<void, mavlink_channel_t, const __mavlink_message&>::storage_ptr_t, stdext::inplace_function_detail::vtable<void, mavlink_channel_t, const __mavlink_message&>::storage_ptr_t)>::_FUN(stdext::inplace_function_detail::vtable<void, mavlink_channel_t, const __mavlink_message&>::storage_ptr_t, stdext::inplace_function_detail::vtable<void, mavlink_channel_t, const __mavlink_message&>::storage_ptr_t)	0	static
/media/tramtran/DATA/Gremsy/Ethernet_COM/SleepMode/../Submodule/SG14/SG14/inplace_function.h:115:23:static constexpr void stdext::inplace_function_detail::vtable<void, mavlink_channel_t, const __mavlink_message&>::vtable<MavlinkHandler::Open()::<lambda(mavlink_channel_t, const mavlink_message_t&)> >(stdext::inplace_function_detail::wrapper<MavlinkHandler::Open()::<lambda(mavlink_channel_t, const mavlink_message_t&)> >)::<lambda(stdext::inplace_function_detail::vtable<void, mavlink_channel_t, const __mavlink_message&>::storage_ptr_t, stdext::inplace_function_detail::vtable<void, mavlink_channel_t, const __mavlink_message&>::storage_ptr_t)>::_FUN(stdext::inplace_function_detail::vtable<void, mavlink_channel_t, const __mavlink_message&>::storage_ptr_t, stdext::inplace_function_detail::vtable<void, mavlink_channel_t, const __mavlink_message&>::storage_ptr_t)	0	static
/media/tramtran/DATA/Gremsy/Ethernet_COM/SleepMode/../Submodule/SG14/SG14/inplace_function.h:121:25:static constexpr void stdext::inplace_function_detail::vtable<void, mavlink_channel_t, const __mavlink_message&>::vtable<MavlinkHandler::Open()::<lambda(mavlink_channel_t, const mavlink_message_t&)> >(stdext::inplace_function_detail::wrapper<MavlinkHandler::Open()::<lambda(mavlink_channel_t, const mavlink_message_t&)> >)::<lambda(stdext::inplace_function_detail::vtable<void, mavlink_channel_t, const __mavlink_message&>::storage_ptr_t)>::_FUN(stdext::inplace_function_detail::vtable<void, mavlink_channel_t, const __mavlink_message&>::storage_ptr_t)	0	static
/media/tramtran/DATA/Gremsy/Ethernet_COM/SleepMode/../Submodule/SG14/SG14/inplace_function.h:112:19:static constexpr void stdext::inplace_function_detail::vtable<void, mavlink_channel_t, const __mavlink_message&>::vtable<MavlinkHandler::Open()::<lambda(mavlink_channel_t, const mavlink_message_t&)> >(stdext::inplace_function_detail::wrapper<MavlinkHandler::Open()::<lambda(mavlink_channel_t, const mavlink_message_t&)> >)::<lambda(stdext::inplace_function_detail::vtable<void, mavlink_channel_t, const __mavlink_message&>::storage_ptr_t, stdext::inplace_function_detail::vtable<void, mavlink_channel_t, const __mavlink_message&>::storage_ptr_t)>::_FUN(stdext::inplace_function_detail::vtable<void, mavlink_channel_t, const __mavlink_message&>::storage_ptr_t, stdext::inplace_function_detail::vtable<void, mavlink_channel_t, const __mavlink_message&>::storage_ptr_t)	0	static
/media/tramtran/DATA/Gremsy/Ethernet_COM/SleepMode/../Submodule/SG14/SG14/inplace_function.h:115:23:static constexpr void stdext::inplace_function_detail::vtable<void, mavlink_channel_t, const __mavlink_message&>::vtable<MavlinkHandler::Open()::<lambda(mavlink_channel_t, const mavlink_message_t&)> >(stdext::inplace_function_detail::wrapper<MavlinkHandler::Open()::<lambda(mavlink_channel_t, const mavlink_message_t&)> >)::<lambda(stdext::inplace_function_detail::vtable<void, mavlink_channel_t, const __mavlink_message&>::storage_ptr_t, stdext::inplace_function_detail::vtable<void, mavlink_channel_t, const __mavlink_message&>::storage_ptr_t)>::_FUN(stdext::inplace_function_detail::vtable<void, mavlink_channel_t, const __mavlink_message&>::storage_ptr_t, stdext::inplace_function_detail::vtable<void, mavlink_channel_t, const __mavlink_message&>::storage_ptr_t)	0	static
/media/tramtran/DATA/Gremsy/Ethernet_COM/SleepMode/../Submodule/SG14/SG14/inplace_function.h:121:25:static constexpr void stdext::inplace_function_detail::vtable<void, mavlink_channel_t, const __mavlink_message&>::vtable<MavlinkHandler::Open()::<lambda(mavlink_channel_t, const mavlink_message_t&)> >(stdext::inplace_function_detail::wrapper<MavlinkHandler::Open()::<lambda(mavlink_channel_t, const mavlink_message_t&)> >)::<lambda(stdext::inplace_function_detail::vtable<void, mavlink_channel_t, const __mavlink_message&>::storage_ptr_t)>::_FUN(stdext::inplace_function_detail::vtable<void, mavlink_channel_t, const __mavlink_message&>::storage_ptr_t)	0	static
/media/tramtran/DATA/Gremsy/Ethernet_COM/SleepMode/../Submodule/SG14/SG14/inplace_function.h:112:19:static constexpr void stdext::inplace_function_detail::vtable<void, mavlink_channel_t, const __mavlink_message&>::vtable<MavlinkHandler::Open()::<lambda(mavlink_channel_t, const mavlink_message_t&)> >(stdext::inplace_function_detail::wrapper<MavlinkHandler::Open()::<lambda(mavlink_channel_t, const mavlink_message_t&)> >)::<lambda(stdext::inplace_function_detail::vtable<void, mavlink_channel_t, const __mavlink_message&>::storage_ptr_t, stdext::inplace_function_detail::vtable<void, mavlink_channel_t, const __mavlink_message&>::storage_ptr_t)>::_FUN(stdext::inplace_function_detail::vtable<void, mavlink_channel_t, const __mavlink_message&>::storage_ptr_t, stdext::inplace_function_detail::vtable<void, mavlink_channel_t, const __mavlink_message&>::storage_ptr_t)	0	static
/media/tramtran/DATA/Gremsy/Ethernet_COM/SleepMode/../Submodule/SG14/SG14/inplace_function.h:115:23:static constexpr void stdext::inplace_function_detail::vtable<void, mavlink_channel_t, const __mavlink_message&>::vtable<MavlinkHandler::Open()::<lambda(mavlink_channel_t, const mavlink_message_t&)> >(stdext::inplace_function_detail::wrapper<MavlinkHandler::Open()::<lambda(mavlink_channel_t, const mavlink_message_t&)> >)::<lambda(stdext::inplace_function_detail::vtable<void, mavlink_channel_t, const __mavlink_message&>::storage_ptr_t, stdext::inplace_function_detail::vtable<void, mavlink_channel_t, const __mavlink_message&>::storage_ptr_t)>::_FUN(stdext::inplace_function_detail::vtable<void, mavlink_channel_t, const __mavlink_message&>::storage_ptr_t, stdext::inplace_function_detail::vtable<void, mavlink_channel_t, const __mavlink_message&>::storage_ptr_t)	0	static
/media/tramtran/DATA/Gremsy/Ethernet_COM/SleepMode/../Submodule/SG14/SG14/inplace_function.h:121:25:static constexpr void stdext::inplace_function_detail::vtable<void, mavlink_channel_t, const __mavlink_message&>::vtable<MavlinkHandler::Open()::<lambda(mavlink_channel_t, const mavlink_message_t&)> >(stdext::inplace_function_detail::wrapper<MavlinkHandler::Open()::<lambda(mavlink_channel_t, const mavlink_message_t&)> >)::<lambda(stdext::inplace_function_detail::vtable<void, mavlink_channel_t, const __mavlink_message&>::storage_ptr_t)>::_FUN(stdext::inplace_function_detail::vtable<void, mavlink_channel_t, const __mavlink_message&>::storage_ptr_t)	0	static
/media/tramtran/DATA/Gremsy/Ethernet_COM/SleepMode/../Submodule/SG14/SG14/inplace_function.h:101:19:static constexpr void stdext::inplace_function_detail::vtable<void>::vtable()::<lambda(stdext::inplace_function_detail::vtable<void>::storage_ptr_t, stdext::inplace_function_detail::vtable<void>::storage_ptr_t)>::_FUN(stdext::inplace_function_detail::vtable<void>::storage_ptr_t, stdext::inplace_function_detail::vtable<void>::storage_ptr_t)	0	static
/media/tramtran/DATA/Gremsy/Ethernet_COM/SleepMode/../Submodule/SG14/SG14/inplace_function.h:102:23:static constexpr void stdext::inplace_function_detail::vtable<void>::vtable()::<lambda(stdext::inplace_function_detail::vtable<void>::storage_ptr_t, stdext::inplace_function_detail::vtable<void>::storage_ptr_t)>::_FUN(stdext::inplace_function_detail::vtable<void>::storage_ptr_t, stdext::inplace_function_detail::vtable<void>::storage_ptr_t)	0	static
/media/tramtran/DATA/Gremsy/Ethernet_COM/SleepMode/../Submodule/SG14/SG14/inplace_function.h:103:25:static constexpr void stdext::inplace_function_detail::vtable<void>::vtable()::<lambda(stdext::inplace_function_detail::vtable<void>::storage_ptr_t)>::_FUN(stdext::inplace_function_detail::vtable<void>::storage_ptr_t)	0	static
/media/tramtran/DATA/Gremsy/Ethernet_COM/SleepMode/../Submodule/SG14/SG14/inplace_function.h:101:19:static constexpr void stdext::inplace_function_detail::vtable<void, mavlink_channel_t, const __mavlink_message&>::vtable()::<lambda(stdext::inplace_function_detail::vtable<void, mavlink_channel_t, const __mavlink_message&>::storage_ptr_t, stdext::inplace_function_detail::vtable<void, mavlink_channel_t, const __mavlink_message&>::storage_ptr_t)>::_FUN(stdext::inplace_function_detail::vtable<void, mavlink_channel_t, const __mavlink_message&>::storage_ptr_t, stdext::inplace_function_detail::vtable<void, mavlink_channel_t, const __mavlink_message&>::storage_ptr_t)	0	static
/media/tramtran/DATA/Gremsy/Ethernet_COM/SleepMode/../Submodule/SG14/SG14/inplace_function.h:102:23:static constexpr void stdext::inplace_function_detail::vtable<void, mavlink_channel_t, const __mavlink_message&>::vtable()::<lambda(stdext::inplace_function_detail::vtable<void, mavlink_channel_t, const __mavlink_message&>::storage_ptr_t, stdext::inplace_function_detail::vtable<void, mavlink_channel_t, const __mavlink_message&>::storage_ptr_t)>::_FUN(stdext::inplace_function_detail::vtable<void, mavlink_channel_t, const __mavlink_message&>::storage_ptr_t, stdext::inplace_function_detail::vtable<void, mavlink_channel_t, const __mavlink_message&>::storage_ptr_t)	0	static
/media/tramtran/DATA/Gremsy/Ethernet_COM/SleepMode/../Submodule/SG14/SG14/inplace_function.h:103:25:static constexpr void stdext::inplace_function_detail::vtable<void, mavlink_channel_t, const __mavlink_message&>::vtable()::<lambda(stdext::inplace_function_detail::vtable<void, mavlink_channel_t, const __mavlink_message&>::storage_ptr_t)>::_FUN(stdext::inplace_function_detail::vtable<void, mavlink_channel_t, const __mavlink_message&>::storage_ptr_t)	0	static
/media/tramtran/DATA/Gremsy/Ethernet_COM/SleepMode/../Libraries/RTOS/rtos_include.hpp:92:10:void RTOS::FreeTaskServiceCallback(void*) [with Task = TaskStatic<4096>]	8	static
/media/tramtran/DATA/Gremsy/Ethernet_COM/SleepMode/../Submodule/SG14/SG14/inplace_function.h:101:19:static constexpr void stdext::inplace_function_detail::vtable<bool, mavlink_channel_t>::vtable()::<lambda(stdext::inplace_function_detail::vtable<bool, mavlink_channel_t>::storage_ptr_t, stdext::inplace_function_detail::vtable<bool, mavlink_channel_t>::storage_ptr_t)>::_FUN(stdext::inplace_function_detail::vtable<bool, mavlink_channel_t>::storage_ptr_t, stdext::inplace_function_detail::vtable<bool, mavlink_channel_t>::storage_ptr_t)	0	static
/media/tramtran/DATA/Gremsy/Ethernet_COM/SleepMode/../Submodule/SG14/SG14/inplace_function.h:102:23:static constexpr void stdext::inplace_function_detail::vtable<bool, mavlink_channel_t>::vtable()::<lambda(stdext::inplace_function_detail::vtable<bool, mavlink_channel_t>::storage_ptr_t, stdext::inplace_function_detail::vtable<bool, mavlink_channel_t>::storage_ptr_t)>::_FUN(stdext::inplace_function_detail::vtable<bool, mavlink_channel_t>::storage_ptr_t, stdext::inplace_function_detail::vtable<bool, mavlink_channel_t>::storage_ptr_t)	0	static
/media/tramtran/DATA/Gremsy/Ethernet_COM/SleepMode/../Submodule/SG14/SG14/inplace_function.h:103:25:static constexpr void stdext::inplace_function_detail::vtable<bool, mavlink_channel_t>::vtable()::<lambda(stdext::inplace_function_detail::vtable<bool, mavlink_channel_t>::storage_ptr_t)>::_FUN(stdext::inplace_function_detail::vtable<bool, mavlink_channel_t>::storage_ptr_t)	0	static
/media/tramtran/DATA/Gremsy/Ethernet_COM/SleepMode/../Libraries/RTOS/rtos_include.hpp:92:10:void RTOS::FreeTaskServiceCallback(void*) [with Task = TaskStatic<5048>]	8	static
/media/tramtran/DATA/Gremsy/Ethernet_COM/SleepMode/../Libraries/RTOS/rtos_include.hpp:92:10:void RTOS::FreeTaskServiceCallback(void*) [with Task = TaskStatic<2048>]	8	static
/media/tramtran/DATA/Gremsy/Ethernet_COM/SleepMode/../Libraries/RTOS/CMSIS_OS_V2/Inc/rtos_cmsis_os_v2_task_static.hpp:58:16:StatusEnum RTOS::TaskStatic<S>::Open() [with unsigned int S = 4096]	8	static
/media/tramtran/DATA/Gremsy/Ethernet_COM/SleepMode/../Libraries/RTOS/CMSIS_OS_V2/Inc/rtos_cmsis_os_v2_task_static.hpp:58:16:StatusEnum RTOS::TaskStatic<S>::Open() [with unsigned int S = 5048]	8	static
/media/tramtran/DATA/Gremsy/Ethernet_COM/SleepMode/../Libraries/RTOS/CMSIS_OS_V2/Inc/rtos_cmsis_os_v2_task_static.hpp:58:16:StatusEnum RTOS::TaskStatic<S>::Open() [with unsigned int S = 2048]	8	static
/media/tramtran/DATA/Gremsy/Ethernet_COM/SleepMode/../Libraries/RTOS/CMSIS_OS_V2/Inc/rtos_cmsis_os_v2_task_static.hpp:87:16:StatusEnum RTOS::TaskStatic<S>::Close() [with unsigned int S = 4096]	8	static
/media/tramtran/DATA/Gremsy/Ethernet_COM/SleepMode/User/MavlinkHandler/MavlinkHandler.cpp:81:12:virtual StatusEnum MavlinkHandler::Close()	16	static
/media/tramtran/DATA/Gremsy/Ethernet_COM/SleepMode/../Libraries/RTOS/CMSIS_OS_V2/Inc/rtos_cmsis_os_v2_task_static.hpp:87:16:StatusEnum RTOS::TaskStatic<S>::Close() [with unsigned int S = 5048]	8	static
/media/tramtran/DATA/Gremsy/Ethernet_COM/SleepMode/../Libraries/RTOS/CMSIS_OS_V2/Inc/rtos_cmsis_os_v2_task_static.hpp:87:16:StatusEnum RTOS::TaskStatic<S>::Close() [with unsigned int S = 2048]	8	static
/media/tramtran/DATA/Gremsy/Ethernet_COM/SleepMode/../Libraries/ThirdParty/MavlinkV2/ardupilotmega/../mavlink_sha256.h:152:21:void mavlink_sha256_update(mavlink_sha256_ctx*, const void*, uint32_t)	88	static
/media/tramtran/DATA/Gremsy/Ethernet_COM/SleepMode/../Libraries/ThirdParty/MavlinkV2/ardupilotmega/../mavlink_sha256.h:192:21:void mavlink_sha256_final_48(mavlink_sha256_ctx*, uint8_t*)	96	static
/media/tramtran/DATA/Gremsy/Ethernet_COM/SleepMode/../Libraries/ThirdParty/MavlinkV2/ardupilotmega/../mavlink_helpers.h:77:24:uint8_t mavlink_sign_packet(mavlink_signing_t*, uint8_t*, const uint8_t*, uint8_t, const uint8_t*, uint8_t, const uint8_t*)	128	static
/media/tramtran/DATA/Gremsy/Ethernet_COM/SleepMode/../Libraries/ThirdParty/MavlinkV2/ardupilotmega/../mavlink_helpers.h:227:25:uint16_t mavlink_finalize_message_buffer(mavlink_message_t*, uint8_t, uint8_t, mavlink_status_t*, uint8_t, uint8_t, uint8_t)	64	static
/media/tramtran/DATA/Gremsy/Ethernet_COM/SleepMode/../Libraries/ThirdParty/MavlinkV2/ardupilotmega/../common/../standard/../minimal/./mavlink_msg_heartbeat.h:155:24:uint16_t mavlink_msg_heartbeat_pack_chan(uint8_t, uint8_t, uint8_t, mavlink_message_t*, uint8_t, uint8_t, uint8_t, uint32_t, uint8_t)	48	static
/media/tramtran/DATA/Gremsy/Ethernet_COM/SleepMode/../Libraries/ThirdParty/MavlinkV2/ardupilotmega/../common/../standard/../minimal/./mavlink_msg_heartbeat.h:207:24:uint16_t mavlink_msg_heartbeat_encode_chan(uint8_t, uint8_t, uint8_t, mavlink_message_t*, const mavlink_heartbeat_t*)	48	static
/media/tramtran/DATA/Gremsy/Ethernet_COM/SleepMode/../Libraries/ThirdParty/MavlinkV2/ardupilotmega/../common/./mavlink_msg_sys_status.h:258:24:uint16_t mavlink_msg_sys_status_pack_chan(uint8_t, uint8_t, uint8_t, mavlink_message_t*, uint32_t, uint32_t, uint32_t, uint16_t, uint16_t, int16_t, int8_t, uint16_t, uint16_t, uint16_t, uint16_t, uint16_t, uint16_t, uint32_t, uint32_t, uint32_t)	96	static
/media/tramtran/DATA/Gremsy/Ethernet_COM/SleepMode/../Libraries/ThirdParty/MavlinkV2/ardupilotmega/../common/./mavlink_msg_sys_status.h:330:24:uint16_t mavlink_msg_sys_status_encode_chan(uint8_t, uint8_t, uint8_t, mavlink_message_t*, const mavlink_sys_status_t*)	128	static
/media/tramtran/DATA/Gremsy/Ethernet_COM/SleepMode/../Libraries/ThirdParty/MavlinkV2/ardupilotmega/../common/./mavlink_msg_command_ack.h:158:24:uint16_t mavlink_msg_command_ack_pack_chan(uint8_t, uint8_t, uint8_t, mavlink_message_t*, uint16_t, uint8_t, uint8_t, int32_t, uint8_t, uint8_t)	48	static
/media/tramtran/DATA/Gremsy/Ethernet_COM/SleepMode/../Libraries/ThirdParty/MavlinkV2/ardupilotmega/../common/./mavlink_msg_command_ack.h:210:24:uint16_t mavlink_msg_command_ack_encode_chan(uint8_t, uint8_t, uint8_t, mavlink_message_t*, const mavlink_command_ack_t*)	48	static
/media/tramtran/DATA/Gremsy/Ethernet_COM/SleepMode/../Libraries/ThirdParty/MavlinkV2/ardupilotmega/../protocol.h:181:20:void mav_array_memcpy(void*, const void*, size_t)	8	static
/media/tramtran/DATA/Gremsy/Ethernet_COM/SleepMode/../Libraries/ThirdParty/MavlinkV2/ardupilotmega/../common/./mavlink_msg_param_ext_ack.h:135:24:uint16_t mavlink_msg_param_ext_ack_pack_chan(uint8_t, uint8_t, uint8_t, mavlink_message_t*, const char*, const char*, uint8_t, uint8_t)	192	static
/media/tramtran/DATA/Gremsy/Ethernet_COM/SleepMode/../Libraries/ThirdParty/MavlinkV2/ardupilotmega/../common/./mavlink_msg_param_ext_ack.h:181:24:uint16_t mavlink_msg_param_ext_ack_encode_chan(uint8_t, uint8_t, uint8_t, mavlink_message_t*, const mavlink_param_ext_ack_t*)	40	static
/media/tramtran/DATA/Gremsy/Ethernet_COM/SleepMode/../Libraries/ThirdParty/MavlinkV2/ardupilotmega/../common/./mavlink_msg_param_ext_value.h:145:24:uint16_t mavlink_msg_param_ext_value_pack_chan(uint8_t, uint8_t, uint8_t, mavlink_message_t*, const char*, const char*, uint8_t, uint16_t, uint16_t)	192	static
/media/tramtran/DATA/Gremsy/Ethernet_COM/SleepMode/../Libraries/ThirdParty/MavlinkV2/ardupilotmega/../common/./mavlink_msg_param_ext_value.h:193:24:uint16_t mavlink_msg_param_ext_value_encode_chan(uint8_t, uint8_t, uint8_t, mavlink_message_t*, const mavlink_param_ext_value_t*)	48	static
/media/tramtran/DATA/Gremsy/Ethernet_COM/SleepMode/../Libraries/ThirdParty/MavlinkV2/ardupilotmega/../common/./mavlink_msg_component_information_basic.h:178:24:uint16_t mavlink_msg_component_information_basic_pack_chan(uint8_t, uint8_t, uint8_t, mavlink_message_t*, uint32_t, uint64_t, uint32_t, const char*, const char*, const char*, const char*, const char*)	200	static
/media/tramtran/DATA/Gremsy/Ethernet_COM/SleepMode/../Libraries/ThirdParty/MavlinkV2/ardupilotmega/../common/./mavlink_msg_component_information_basic.h:232:24:uint16_t mavlink_msg_component_information_basic_encode_chan(uint8_t, uint8_t, uint8_t, mavlink_message_t*, const mavlink_component_information_basic_t*)	64	static
/media/tramtran/DATA/Gremsy/Ethernet_COM/SleepMode/../Libraries/ThirdParty/MavlinkV2/ardupilotmega/../common/../standard/../minimal/./mavlink_msg_heartbeat.h:382:20:void mavlink_msg_heartbeat_decode(const mavlink_message_t*, mavlink_heartbeat_t*)	8	static
/media/tramtran/DATA/Gremsy/Ethernet_COM/SleepMode/../Libraries/ThirdParty/MavlinkV2/ardupilotmega/../common/./mavlink_msg_command_long.h:521:20:void mavlink_msg_command_long_decode(const mavlink_message_t*, mavlink_command_long_t*)	16	static
/media/tramtran/DATA/Gremsy/Ethernet_COM/SleepMode/../Libraries/ThirdParty/MavlinkV2/ardupilotmega/../common/./mavlink_msg_param_ext_set.h:350:20:void mavlink_msg_param_ext_set_decode(const mavlink_message_t*, mavlink_param_ext_set_t*)	16	static
/media/tramtran/DATA/Gremsy/Ethernet_COM/SleepMode/../Libraries/ThirdParty/MavlinkV2/ardupilotmega/../common/./mavlink_msg_param_ext_request_read.h:322:20:void mavlink_msg_param_ext_request_read_decode(const mavlink_message_t*, mavlink_param_ext_request_read_t*)	8	static
/media/tramtran/DATA/Gremsy/Ethernet_COM/SleepMode/../Libraries/ThirdParty/MavlinkV2/ardupilotmega/../common/./mavlink_msg_param_ext_request_list.h:278:20:void mavlink_msg_param_ext_request_list_decode(const mavlink_message_t*, mavlink_param_ext_request_list_t*)	8	static
/media/tramtran/DATA/Gremsy/Ethernet_COM/SleepMode/../Libraries/RTOS/Base/Inc/rtos_base_common.hpp:65:13:virtual RTOS::Base::Common::~Common()	8	static
/media/tramtran/DATA/Gremsy/Ethernet_COM/SleepMode/../Libraries/Hardware/Base/Inc/hardware_base_common.hpp:69:13:virtual HW::Base::Common::~Common()	8	static
/media/tramtran/DATA/Gremsy/Ethernet_COM/SleepMode/../Libraries/RTOS/Base/Inc/rtos_base_event.hpp:41:19:virtual RTOS::Base::Event::~Event()	8	static
/media/tramtran/DATA/Gremsy/Ethernet_COM/SleepMode/../Libraries/Hardware/Base/Inc/hardware_base_peripheral_uart.hpp:129:13:virtual HW::Base::Uart::~Uart()	8	static
/media/tramtran/DATA/Gremsy/Ethernet_COM/SleepMode/../Libraries/RTOS/Base/Inc/rtos_base_task.hpp:84:13:RTOS::Base::Task::~Task()	8	static
/media/tramtran/DATA/Gremsy/Ethernet_COM/SleepMode/../Libraries/RTOS/Base/Inc/rtos_base_task.hpp:84:13:virtual RTOS::Base::Task::~Task()	8	static
/media/tramtran/DATA/Gremsy/Ethernet_COM/SleepMode/../Libraries/RTOS/CMSIS_OS_V2/Inc/rtos_cmsis_os_v2_task_static.hpp:41:13:RTOS::TaskStatic<5048>::~TaskStatic()	8	static
/media/tramtran/DATA/Gremsy/Ethernet_COM/SleepMode/../Libraries/RTOS/CMSIS_OS_V2/Inc/rtos_cmsis_os_v2_task_static.hpp:41:13:virtual RTOS::TaskStatic<5048>::~TaskStatic()	8	static
/media/tramtran/DATA/Gremsy/Ethernet_COM/SleepMode/../Libraries/RTOS/CMSIS_OS_V2/Inc/rtos_cmsis_os_v2_task_static.hpp:41:13:RTOS::TaskStatic<2048>::~TaskStatic()	8	static
/media/tramtran/DATA/Gremsy/Ethernet_COM/SleepMode/../Libraries/RTOS/CMSIS_OS_V2/Inc/rtos_cmsis_os_v2_task_static.hpp:41:13:virtual RTOS::TaskStatic<2048>::~TaskStatic()	8	static
/media/tramtran/DATA/Gremsy/Ethernet_COM/SleepMode/../Libraries/RTOS/CMSIS_OS_V2/Inc/rtos_cmsis_os_v2_task_static.hpp:41:13:RTOS::TaskStatic<4096>::~TaskStatic()	8	static
/media/tramtran/DATA/Gremsy/Ethernet_COM/SleepMode/../Libraries/RTOS/CMSIS_OS_V2/Inc/rtos_cmsis_os_v2_task_static.hpp:41:13:virtual RTOS::TaskStatic<4096>::~TaskStatic()	8	static
/media/tramtran/DATA/Gremsy/Ethernet_COM/SleepMode/../Libraries/Modules/Base/module_base_common.hpp:77:13:Module::Base::Common::~Common()	16	static
/media/tramtran/DATA/Gremsy/Ethernet_COM/SleepMode/../Libraries/Modules/Base/module_base_common.hpp:77:13:virtual Module::Base::Common::~Common()	8	static
/media/tramtran/DATA/Gremsy/Ethernet_COM/SleepMode/../Libraries/Hardware/Base/Inc/hardware_base_peripheral_spi.hpp:124:18:virtual HW::Base::Spi& HW::Base::Spi::operator+=(HW::FuncPeriperalSpiErrorCallbackType)	8	static
/media/tramtran/DATA/Gremsy/Ethernet_COM/SleepMode/../Libraries/Hardware/Base/Inc/hardware_base_peripheral_uart.hpp:201:19:virtual HW::Base::Uart& HW::Base::Uart::operator+=(HW::FuncPeripheralUartByteDataReadyCallbackType)	8	static
/media/tramtran/DATA/Gremsy/Ethernet_COM/SleepMode/../Libraries/Hardware/Base/Inc/hardware_base_peripheral_uart.hpp:180:19:virtual HW::Base::Uart& HW::Base::Uart::operator+=(HW::FuncPeriperalUartPacketDataReadyCallbackType)	8	static
/media/tramtran/DATA/Gremsy/Ethernet_COM/SleepMode/../Libraries/Hardware/Base/Inc/hardware_base_peripheral_uart.hpp:163:19:virtual HW::Base::Uart& HW::Base::Uart::operator+=(HW::FuncPeriperalUartErrorCallbackType)	8	static
/media/tramtran/DATA/Gremsy/Ethernet_COM/SleepMode/../Libraries/Modules/Base/module_base_protocol_mavlink.hpp:327:30:virtual Module::Base::ProtocolMavlink& Module::Base::ProtocolMavlink::operator+=(Module::FuncProtocolMavlinkTransmittedMessageHeartbeatCallbackType)	8	static
/media/tramtran/DATA/Gremsy/Ethernet_COM/SleepMode/../Libraries/Modules/Base/module_base_protocol_mavlink.hpp:310:30:virtual Module::Base::ProtocolMavlink& Module::Base::ProtocolMavlink::operator+=(Module::FuncProtocolMavlinkReceivedMessageHeartbeatCallbackType)	8	static
/media/tramtran/DATA/Gremsy/Ethernet_COM/SleepMode/../Libraries/Modules/Base/module_base_protocol_mavlink.hpp:293:30:virtual Module::Base::ProtocolMavlink& Module::Base::ProtocolMavlink::operator+=(Module::FuncProtocolMavlinkReceivedMessageIsNotExistCallbackType)	8	static
/media/tramtran/DATA/Gremsy/Ethernet_COM/SleepMode/../Libraries/Modules/Base/module_base_protocol_mavlink.hpp:276:30:virtual Module::Base::ProtocolMavlink& Module::Base::ProtocolMavlink::operator+=(Module::FuncProtocolMavlinkReceivedMessageCallbackType)	8	static
/media/tramtran/DATA/Gremsy/Ethernet_COM/SleepMode/../Libraries/Modules/Base/module_base_protocol_mavlink.hpp:259:30:virtual Module::Base::ProtocolMavlink& Module::Base::ProtocolMavlink::operator+=(Module::FuncProtocolMavlinkTransmittedMessageIsNotExistCallbackType)	8	static
/media/tramtran/DATA/Gremsy/Ethernet_COM/SleepMode/../Libraries/Modules/Base/module_base_protocol_mavlink.hpp:244:30:virtual Module::Base::ProtocolMavlink& Module::Base::ProtocolMavlink::operator+=(Module::FuncProtocolMavlinkTransmittedMessageCallbackType)	8	static
/media/tramtran/DATA/Gremsy/Ethernet_COM/SleepMode/../Libraries/Modules/Base/module_base_protocol_mavlink.hpp:227:30:virtual Module::Base::ProtocolMavlink& Module::Base::ProtocolMavlink::operator+=(Module::FuncProtocolMavlinkWriteCallbackType)	8	static
/media/tramtran/DATA/Gremsy/Ethernet_COM/SleepMode/../Libraries/RTOS/FreeRTOS/Inc/free_rtos_stream_buffer.hpp:43:17:StatusEnum RTOS::StreamBufferStatic<S>::Open() [with unsigned int S = 4096]	32	static
/media/tramtran/DATA/Gremsy/Ethernet_COM/SleepMode/../Submodule/SG14/SG14/inplace_function.h:107:21:static constexpr void stdext::inplace_function_detail::vtable<void>::vtable<HW::Peripheral::Uart::<lambda()> >(stdext::inplace_function_detail::wrapper<HW::Peripheral::Uart::<lambda()> >)::<lambda(stdext::inplace_function_detail::vtable<void>::storage_ptr_t)>::_FUN(stdext::inplace_function_detail::vtable<void>::storage_ptr_t)	8	static
/opt/arm-gnu-toolchain-13.2.Rel1-x86_64-arm-none-eabi/arm-none-eabi/include/c++/13.2.1/bits/stl_algobase.h:2061:5:constexpr _RandomAccessIterator std::__find_if(_RandomAccessIterator, _RandomAccessIterator, _Predicate, random_access_iterator_tag) [with _RandomAccessIterator = const char* const*; _Predicate = __gnu_cxx::__ops::_Iter_pred<MavlinkHandler::_received_param_ext_request_read_callback(mavlink_channel_t, const mavlink_message_t&)::<lambda(const char*)> >]	24	static
/opt/arm-gnu-toolchain-13.2.Rel1-x86_64-arm-none-eabi/arm-none-eabi/include/c++/13.2.1/bits/stl_algo.h:3914:5:constexpr _IIter std::find_if(_IIter, _IIter, _Predicate) [with _IIter = const char* const*; _Predicate = MavlinkHandler::_received_param_ext_request_read_callback(mavlink_channel_t, const mavlink_message_t&)::<lambda(const char*)>]	8	static
/media/tramtran/DATA/Gremsy/Ethernet_COM/SleepMode/../Libraries/Modules/Base/module_base_protocol_mavlink.hpp:518:24:virtual StatusEnum Module::Base::ProtocolMavlink::AddSystem(uint8_t, uint8_t)	24	static
/media/tramtran/DATA/Gremsy/Ethernet_COM/SleepMode/../Libraries/Modules/Base/module_base_protocol_mavlink.hpp:425:24:virtual StatusEnum Module::Base::ProtocolMavlink::AddRx(object, uint32_t, Module::FuncProtocolMavlinkReceivedMessageCallbackType)	24	static
/media/tramtran/DATA/Gremsy/Ethernet_COM/SleepMode/../Libraries/Modules/Base/module_base_protocol_mavlink.hpp:361:24:virtual StatusEnum Module::Base::ProtocolMavlink::AddTx(object, uint32_t, Module::FuncProtocolMavlinkTransmittedMessageCallbackType, uint32_t)	24	static
/media/tramtran/DATA/Gremsy/Ethernet_COM/SleepMode/../Libraries/Modules/Base/module_base_protocol_mavlink.hpp:463:24:virtual StatusEnum Module::Base::ProtocolMavlink::RemoveRx(uint32_t)	16	static
/media/tramtran/DATA/Gremsy/Ethernet_COM/SleepMode/../Libraries/Modules/Base/module_base_protocol_mavlink.hpp:401:24:virtual StatusEnum Module::Base::ProtocolMavlink::RemoveTx(uint32_t)	16	static
/media/tramtran/DATA/Gremsy/Ethernet_COM/SleepMode/../Libraries/RTOS/Base/Inc/rtos_base_task.hpp:60:5:RTOS::Base::Task::Task()	8	static
/media/tramtran/DATA/Gremsy/Ethernet_COM/SleepMode/../Libraries/RTOS/Base/Inc/rtos_base_stream_buffer.hpp:58:5:RTOS::Base::StreamBuffer::~StreamBuffer()	8	static
/media/tramtran/DATA/Gremsy/Ethernet_COM/SleepMode/../Libraries/RTOS/FreeRTOS/Inc/free_rtos_stream_buffer.hpp:40:14:RTOS::StreamBufferStatic<4096>::~StreamBufferStatic()	8	static
/media/tramtran/DATA/Gremsy/Ethernet_COM/SleepMode/../Libraries/RTOS/FreeRTOS/Inc/free_rtos_stream_buffer.hpp:40:14:virtual RTOS::StreamBufferStatic<4096>::~StreamBufferStatic()	8	static
/media/tramtran/DATA/Gremsy/Ethernet_COM/SleepMode/../Libraries/RTOS/Base/Inc/rtos_base_stream_buffer.hpp:58:5:virtual RTOS::Base::StreamBuffer::~StreamBuffer()	8	static
/media/tramtran/DATA/Gremsy/Ethernet_COM/SleepMode/../Libraries/RTOS/CMSIS_OS_V2/Inc/rtos_cmsis_os_v2_task.hpp:54:5:RTOS::Task::Task()	8	static
/media/tramtran/DATA/Gremsy/Ethernet_COM/SleepMode/../Libraries/RTOS/CMSIS_OS_V2/Inc/rtos_cmsis_os_v2_task.hpp:86:13:RTOS::Task::~Task()	8	static
/media/tramtran/DATA/Gremsy/Ethernet_COM/SleepMode/../Libraries/RTOS/CMSIS_OS_V2/Inc/rtos_cmsis_os_v2_task.hpp:86:13:virtual RTOS::Task::~Task()	8	static
/media/tramtran/DATA/Gremsy/Ethernet_COM/SleepMode/../Libraries/RTOS/CMSIS_OS_V2/Inc/rtos_cmsis_os_v2_task_event.hpp:54:5:RTOS::TaskEvent::TaskEvent()	8	static
/media/tramtran/DATA/Gremsy/Ethernet_COM/SleepMode/../Libraries/RTOS/CMSIS_OS_V2/Inc/rtos_cmsis_os_v2_task_event.hpp:102:13:RTOS::TaskEvent::~TaskEvent()	8	static
/media/tramtran/DATA/Gremsy/Ethernet_COM/SleepMode/../Libraries/Modules/Base/module_base_protocol_mavlink.hpp:168:13:Module::Base::ProtocolMavlink::~ProtocolMavlink()	8	static
/media/tramtran/DATA/Gremsy/Ethernet_COM/SleepMode/../Libraries/Modules/Base/module_base_protocol_mavlink.hpp:168:13:virtual Module::Base::ProtocolMavlink::~ProtocolMavlink()	8	static
/media/tramtran/DATA/Gremsy/Ethernet_COM/SleepMode/../Libraries/Modules/Protocol/Inc/module_protocol_mavlink.hpp:41:25:Module::Protocol::Mavlink::~Mavlink()	8	static
/media/tramtran/DATA/Gremsy/Ethernet_COM/SleepMode/../Libraries/Hardware/Base/Inc/hardware_base_peripheral_spi.hpp:99:13:HW::Base::Spi::~Spi()	16	static
/media/tramtran/DATA/Gremsy/Ethernet_COM/SleepMode/../Libraries/Hardware/Base/Inc/hardware_base_peripheral_spi.hpp:99:13:virtual HW::Base::Spi::~Spi()	8	static
/media/tramtran/DATA/Gremsy/Ethernet_COM/SleepMode/../Libraries/RTOS/CMSIS_OS_V2/Inc/rtos_cmsis_os_v2_task_event.hpp:102:13:virtual RTOS::TaskEvent::~TaskEvent()	8	static
/media/tramtran/DATA/Gremsy/Ethernet_COM/SleepMode/../Libraries/Hardware/Stm32U5/Inc/hardware_u5_debug_log.hpp:63:10:HW::Debug::Log& HW::Debug::Log::operator<<(uint32_t)	16	static
/media/tramtran/DATA/Gremsy/Ethernet_COM/SleepMode/../Libraries/Modules/Base/module_base_common.hpp:57:5:Module::Base::Common::Common()	8	static
/media/tramtran/DATA/Gremsy/Ethernet_COM/SleepMode/../Libraries/Modules/Base/module_base_protocol_mavlink.hpp:62:5:Module::Base::ProtocolMavlink::ProtocolMavlink()	8	static
/media/tramtran/DATA/Gremsy/Ethernet_COM/SleepMode/User/MavlinkHandler/MavlinkHandler.cpp:472:1:void __static_initialization_and_destruction_0()	8	static
/media/tramtran/DATA/Gremsy/Ethernet_COM/SleepMode/../Submodule/etl/include/etl/ipool.h:549:11:char* etl::ipool::allocate_item()	8	static
/media/tramtran/DATA/Gremsy/Ethernet_COM/SleepMode/../Submodule/etl/include/etl/ipool.h:316:8:T* etl::ipool::allocate() [with T = etl::iunordered_map<unsigned char, stdext::inplace_function<void(mavlink_channel_t, const __mavlink_message&)> >::node_t]	8	static
/media/tramtran/DATA/Gremsy/Ethernet_COM/SleepMode/../Libraries/Driver/Mavlink/Inc/driver_mavlink_component.hpp:77:9:Driver::Mavlink::Component::PeriodicSendMsg::PeriodicSendMsg(uint8_t, Driver::Mavlink::Component::SendMsgFunc&&, uint32_t)	16	static
/media/tramtran/DATA/Gremsy/Ethernet_COM/SleepMode/../Libraries/Driver/Mavlink/Inc/driver_mavlink_component.hpp:76:12:Driver::Mavlink::Component::PeriodicSendMsg::PeriodicSendMsg(const Driver::Mavlink::Component::PeriodicSendMsg&)	16	static
/media/tramtran/DATA/Gremsy/Ethernet_COM/SleepMode/../Libraries/Driver/Mavlink/Inc/driver_mavlink_serial_com_port.hpp:67:5:Driver::Mavlink::SerialCOMPort::~SerialCOMPort()	8	static
/media/tramtran/DATA/Gremsy/Ethernet_COM/SleepMode/../Libraries/Driver/Mavlink/Inc/driver_mavlink_serial_com_port.hpp:67:5:virtual Driver::Mavlink::SerialCOMPort::~SerialCOMPort()	8	static
/media/tramtran/DATA/Gremsy/Ethernet_COM/SleepMode/../Libraries/Driver/Mavlink/Inc/driver_mavlink_udp_com_port.hpp:74:5:Driver::Mavlink::UdpCOMPort::UdpCOMPort(mavlink_channel_t, Ethernet_COM&)	8	static
/media/tramtran/DATA/Gremsy/Ethernet_COM/SleepMode/../Libraries/Driver/Mavlink/Inc/driver_mavlink_udp_com_port.hpp:81:5:Driver::Mavlink::UdpCOMPort::~UdpCOMPort()	8	static
/media/tramtran/DATA/Gremsy/Ethernet_COM/SleepMode/../Libraries/Driver/Mavlink/Inc/driver_mavlink_udp_com_port.hpp:81:5:virtual Driver::Mavlink::UdpCOMPort::~UdpCOMPort()	8	static
/media/tramtran/DATA/Gremsy/Ethernet_COM/SleepMode/../Libraries/Driver/Mavlink/Inc/driver_mavlink_udp_com_port.hpp:121:10:void Driver::Mavlink::UdpCOMPort::SetDestPort(uint16_t)	16	static
/media/tramtran/DATA/Gremsy/Ethernet_COM/SleepMode/User/StorageParam/StorageParam.hpp:146:7:virtual constexpr Storage::NetworkParam::~NetworkParam()	8	static
/media/tramtran/DATA/Gremsy/Ethernet_COM/SleepMode/User/StorageParam/StorageParam.hpp:148:26:static Storage::NetworkParam& Storage::NetworkParam::GetInstance()	8	static
/media/tramtran/DATA/Gremsy/Ethernet_COM/SleepMode/../Libraries/Hardware/Stm32U5/Inc/hardware_u5_peripheral_uart.hpp:44:23:HW::Peripheral::Uart::~Uart()	8	static
/media/tramtran/DATA/Gremsy/Ethernet_COM/SleepMode/../Libraries/Hardware/Stm32U5/Inc/hardware_u5_peripheral_uart.hpp:44:23:virtual HW::Peripheral::Uart::~Uart()	8	static
/media/tramtran/DATA/Gremsy/Ethernet_COM/SleepMode/../Libraries/Hardware/Stm32U5/Inc/hardware_u5_peripheral_spi.hpp:35:23:HW::Peripheral::Spi::~Spi()	8	static
/media/tramtran/DATA/Gremsy/Ethernet_COM/SleepMode/../Libraries/Hardware/Stm32U5/Inc/hardware_u5_peripheral_spi.hpp:35:23:virtual HW::Peripheral::Spi::~Spi()	8	static
/media/tramtran/DATA/Gremsy/Ethernet_COM/SleepMode/../Libraries/Modules/Ethernet_COM/Ethernet_COM.hpp:96:7:Ethernet_COM::~Ethernet_COM()	8	static
/media/tramtran/DATA/Gremsy/Ethernet_COM/SleepMode/User/ComPortManager/ComPortManager.hpp:12:7:ComPortManager::~ComPortManager()	8	static
/media/tramtran/DATA/Gremsy/Ethernet_COM/SleepMode/User/ComPortManager/ComPortManager.hpp:61:10:void ComPortManager::ApplyNetworkConfig(const NetworkConfig_t&)	16	static
/media/tramtran/DATA/Gremsy/Ethernet_COM/SleepMode/User/MavlinkHandler/MavlinkHandler.cpp:127:6:bool MavlinkHandler::_transmitted_heartbeat_callback(mavlink_channel_t)	328	static
/media/tramtran/DATA/Gremsy/Ethernet_COM/SleepMode/../Submodule/SG14/SG14/inplace_function.h:107:21:static constexpr bool stdext::inplace_function_detail::vtable<bool, mavlink_channel_t>::vtable<MavlinkHandler::Open()::<lambda(mavlink_channel_t)> >(stdext::inplace_function_detail::wrapper<MavlinkHandler::Open()::<lambda(mavlink_channel_t)> >)::<lambda(stdext::inplace_function_detail::vtable<bool, mavlink_channel_t>::storage_ptr_t, mavlink_channel_t&&)>::_FUN(stdext::inplace_function_detail::vtable<bool, mavlink_channel_t>::storage_ptr_t, mavlink_channel_t&&)	8	static
/media/tramtran/DATA/Gremsy/Ethernet_COM/SleepMode/User/MavlinkHandler/MavlinkHandler.cpp:148:6:bool MavlinkHandler::_transmitted_system_status_callback(mavlink_channel_t)	360	static
/media/tramtran/DATA/Gremsy/Ethernet_COM/SleepMode/User/MavlinkHandler/MavlinkHandler.cpp:165:6:bool MavlinkHandler::SendCommandAck(uint16_t, uint8_t, uint8_t, uint8_t, mavlink_channel_t)	352	static
/media/tramtran/DATA/Gremsy/Ethernet_COM/SleepMode/User/MavlinkHandler/MavlinkHandler.cpp:186:6:bool MavlinkHandler::SendCommandAckAircraft(uint16_t, uint8_t, uint8_t, uint8_t)	40	static
/media/tramtran/DATA/Gremsy/Ethernet_COM/SleepMode/User/MavlinkHandler/MavlinkHandler.cpp:194:6:bool MavlinkHandler::_send_command_ack()	16	static
/media/tramtran/DATA/Gremsy/Ethernet_COM/SleepMode/User/MavlinkHandler/MavlinkHandler.cpp:96:6:static bool MavlinkHandler::_sleep_mode_ack_callback(void*, SleepMode_Com::PowerAction, SleepMode_Com::AckResult)	8	static
/media/tramtran/DATA/Gremsy/Ethernet_COM/SleepMode/User/MavlinkHandler/MavlinkHandler.cpp:199:6:bool MavlinkHandler::_send_param_ext_ack(const char*, const char*, uint8_t)	472	static
/media/tramtran/DATA/Gremsy/Ethernet_COM/SleepMode/User/MavlinkHandler/MavlinkHandler.cpp:216:6:bool MavlinkHandler::_send_param_value(const char*, uint8_t)	600	static
/media/tramtran/DATA/Gremsy/Ethernet_COM/SleepMode/User/MavlinkHandler/MavlinkHandler.cpp:240:6:void MavlinkHandler::_send_component_information_basic(mavlink_channel_t)	480	static
/media/tramtran/DATA/Gremsy/Ethernet_COM/SleepMode/User/MavlinkHandler/MavlinkHandler.cpp:273:6:void MavlinkHandler::_received_cmd_long_callback(mavlink_channel_t, const mavlink_message_t&)	56	static
/media/tramtran/DATA/Gremsy/Ethernet_COM/SleepMode/../Submodule/SG14/SG14/inplace_function.h:107:21:static constexpr void stdext::inplace_function_detail::vtable<void, mavlink_channel_t, const __mavlink_message&>::vtable<MavlinkHandler::Open()::<lambda(mavlink_channel_t, const mavlink_message_t&)> >(stdext::inplace_function_detail::wrapper<MavlinkHandler::Open()::<lambda(mavlink_channel_t, const mavlink_message_t&)> >)::<lambda(stdext::inplace_function_detail::vtable<void, mavlink_channel_t, const __mavlink_message&>::storage_ptr_t, mavlink_channel_t&&, const __mavlink_message&)>::_FUN(stdext::inplace_function_detail::vtable<void, mavlink_channel_t, const __mavlink_message&>::storage_ptr_t, mavlink_channel_t&&, const __mavlink_message&)	8	static
/media/tramtran/DATA/Gremsy/Ethernet_COM/SleepMode/User/MavlinkHandler/MavlinkHandler.cpp:409:6:void MavlinkHandler::_received_param_ext_request_read_callback(mavlink_channel_t, const mavlink_message_t&)	56	static
/media/tramtran/DATA/Gremsy/Ethernet_COM/SleepMode/../Submodule/SG14/SG14/inplace_function.h:107:21:static constexpr void stdext::inplace_function_detail::vtable<void, mavlink_channel_t, const __mavlink_message&>::vtable<MavlinkHandler::Open()::<lambda(mavlink_channel_t, const mavlink_message_t&)> >(stdext::inplace_function_detail::wrapper<MavlinkHandler::Open()::<lambda(mavlink_channel_t, const mavlink_message_t&)> >)::<lambda(stdext::inplace_function_detail::vtable<void, mavlink_channel_t, const __mavlink_message&>::storage_ptr_t, mavlink_channel_t&&, const __mavlink_message&)>::_FUN(stdext::inplace_function_detail::vtable<void, mavlink_channel_t, const __mavlink_message&>::storage_ptr_t, mavlink_channel_t&&, const __mavlink_message&)	8	static
/media/tramtran/DATA/Gremsy/Ethernet_COM/SleepMode/User/MavlinkHandler/MavlinkHandler.cpp:435:6:void MavlinkHandler::_received_param_ext_request_list_callback(mavlink_channel_t, const mavlink_message_t&)	24	static
/media/tramtran/DATA/Gremsy/Ethernet_COM/SleepMode/../Submodule/SG14/SG14/inplace_function.h:107:21:static constexpr void stdext::inplace_function_detail::vtable<void, mavlink_channel_t, const __mavlink_message&>::vtable<MavlinkHandler::Open()::<lambda(mavlink_channel_t, const mavlink_message_t&)> >(stdext::inplace_function_detail::wrapper<MavlinkHandler::Open()::<lambda(mavlink_channel_t, const mavlink_message_t&)> >)::<lambda(stdext::inplace_function_detail::vtable<void, mavlink_channel_t, const __mavlink_message&>::storage_ptr_t, mavlink_channel_t&&, const __mavlink_message&)>::_FUN(stdext::inplace_function_detail::vtable<void, mavlink_channel_t, const __mavlink_message&>::storage_ptr_t, mavlink_channel_t&&, const __mavlink_message&)	8	static
/media/tramtran/DATA/Gremsy/Ethernet_COM/SleepMode/User/MavlinkHandler/MavlinkHandler.cpp:459:12:StatusEnum MavlinkHandler::_mavlinkTaskFunc()	8	static
/media/tramtran/DATA/Gremsy/Ethernet_COM/SleepMode/../Submodule/SG14/SG14/inplace_function.h:98:21:stdext::inplace_function_detail::vtable<void, const unsigned char*, short unsigned int>::vtable()::<lambda(stdext::inplace_function_detail::vtable<void, const unsigned char*, short unsigned int>::storage_ptr_t, const unsigned char*&&, short unsigned int&&)>	8	static
/media/tramtran/DATA/Gremsy/Ethernet_COM/SleepMode/../Submodule/SG14/SG14/inplace_function.h:98:21:static constexpr void stdext::inplace_function_detail::vtable<void, const unsigned char*, short unsigned int>::vtable()::<lambda(stdext::inplace_function_detail::vtable<void, const unsigned char*, short unsigned int>::storage_ptr_t, const unsigned char*&&, short unsigned int&&)>::_FUN(stdext::inplace_function_detail::vtable<void, const unsigned char*, short unsigned int>::storage_ptr_t, const unsigned char*&&, short unsigned int&&)	8	static
/media/tramtran/DATA/Gremsy/Ethernet_COM/SleepMode/../Submodule/SG14/SG14/inplace_function.h:300:23:), Capacity, Alignment>) [with R = void; Args = {const unsigned char*, short unsigned int}; unsigned int Capacity = 32; unsigned int Alignment = 8]	16	static
/media/tramtran/DATA/Gremsy/Ethernet_COM/SleepMode/../Libraries/Hardware/Base/Inc/hardware_base_peripheral_spi.hpp:154:18:virtual HW::Base::Spi& HW::Base::Spi::operator+=(HW::LambdaReceivedPacketCallback&&)	48	static
/media/tramtran/DATA/Gremsy/Ethernet_COM/SleepMode/../Libraries/Hardware/Base/Inc/hardware_base_peripheral_uart.hpp:193:19:virtual HW::Base::Uart& HW::Base::Uart::operator+=(HW::LambdaReceivedPacketCallback&&)	48	static
/media/tramtran/DATA/Gremsy/Ethernet_COM/SleepMode/../Submodule/etl/include/etl/unordered_map.h:1347:14:etl::iunordered_map<TKey, T, THash, TKeyEqual>::iterator etl::iunordered_map<TKey, T, THash, TKeyEqual>::find(const_key_reference) [with TKey = unsigned char; T = stdext::inplace_function<void(mavlink_channel_t, const __mavlink_message&)>; THash = etl::hash<unsigned char>; TKeyEqual = etl::equal_to<unsigned char>]	32	static
/media/tramtran/DATA/Gremsy/Ethernet_COM/SleepMode/../Submodule/etl/include/etl/utility.h:249:5:etl::pair<T1, T2>::operator std::pair<_U1, _U2>() [with U1 = const unsigned char; U2 = stdext::inplace_function<void(mavlink_channel_t, const __mavlink_message&)>; T1 = unsigned char; T2 = stdext::inplace_function<void(mavlink_channel_t, const __mavlink_message&)>]	56	static
/media/tramtran/DATA/Gremsy/Ethernet_COM/SleepMode/../Libraries/RTOS/CMSIS_OS_V2/Inc/rtos_cmsis_os_v2_task_static.hpp:112:14:uint32_t RTOS::TaskStatic<S>::Set(uint32_t) [with unsigned int S = 4096]	8	static
/media/tramtran/DATA/Gremsy/Ethernet_COM/SleepMode/User/SleepMode_Com/SleepMode_Com.hpp:108:10:void SleepMode_Com::Heartbeat_Som()	8	static
/media/tramtran/DATA/Gremsy/Ethernet_COM/SleepMode/User/MavlinkHandler/MavlinkHandler.cpp:262:6:void MavlinkHandler::_received_heartbeat_callback(mavlink_channel_t, const mavlink_message_t&)	32	static
/media/tramtran/DATA/Gremsy/Ethernet_COM/SleepMode/../Submodule/SG14/SG14/inplace_function.h:107:21:static constexpr void stdext::inplace_function_detail::vtable<void, mavlink_channel_t, const __mavlink_message&>::vtable<MavlinkHandler::Open()::<lambda(mavlink_channel_t, const mavlink_message_t&)> >(stdext::inplace_function_detail::wrapper<MavlinkHandler::Open()::<lambda(mavlink_channel_t, const mavlink_message_t&)> >)::<lambda(stdext::inplace_function_detail::vtable<void, mavlink_channel_t, const __mavlink_message&>::storage_ptr_t, mavlink_channel_t&&, const __mavlink_message&)>::_FUN(stdext::inplace_function_detail::vtable<void, mavlink_channel_t, const __mavlink_message&>::storage_ptr_t, mavlink_channel_t&&, const __mavlink_message&)	8	static
/media/tramtran/DATA/Gremsy/Ethernet_COM/SleepMode/../Submodule/SG14/SG14/inplace_function.h:98:21:stdext::inplace_function_detail::vtable<void>::vtable()::<lambda(stdext::inplace_function_detail::vtable<void>::storage_ptr_t)>	8	static
/media/tramtran/DATA/Gremsy/Ethernet_COM/SleepMode/../Submodule/SG14/SG14/inplace_function.h:98:21:static constexpr void stdext::inplace_function_detail::vtable<void>::vtable()::<lambda(stdext::inplace_function_detail::vtable<void>::storage_ptr_t)>::_FUN(stdext::inplace_function_detail::vtable<void>::storage_ptr_t)	8	static
/media/tramtran/DATA/Gremsy/Ethernet_COM/SleepMode/../Submodule/SG14/SG14/inplace_function.h:300:23:), Capacity, Alignment>) [with R = void; Args = {}; unsigned int Capacity = 64; unsigned int Alignment = 8]	16	static
/media/tramtran/DATA/Gremsy/Ethernet_COM/SleepMode/../Libraries/RTOS/CMSIS_OS_V2/Inc/rtos_cmsis_os_v2_task_static.hpp:43:5:RTOS::TaskStatic<S>::TaskStatic(PriorityEnum, RTOS::TaskFunc&&, const char*) [with unsigned int S = 2048]	104	static
/media/tramtran/DATA/Gremsy/Ethernet_COM/SleepMode/../Libraries/Hardware/Stm32U5/Inc/hardware_u5_peripheral_uart.hpp:51:5:HW::Peripheral::Uart::Uart(UartIdEnum, uint16_t)	88	static
/media/tramtran/DATA/Gremsy/Ethernet_COM/SleepMode/User/ComPortManager/ComPortManager.hpp:14:5:ComPortManager::ComPortManager()	24	static
/media/tramtran/DATA/Gremsy/Ethernet_COM/SleepMode/User/ComPortManager/ComPortManager.hpp:23:28:static ComPortManager& ComPortManager::GetInstance()	8	static
/media/tramtran/DATA/Gremsy/Ethernet_COM/SleepMode/../Submodule/SG14/SG14/inplace_function.h:98:21:stdext::inplace_function_detail::vtable<void, mavlink_channel_t, const __mavlink_message&>::vtable()::<lambda(stdext::inplace_function_detail::vtable<void, mavlink_channel_t, const __mavlink_message&>::storage_ptr_t, mavlink_channel_t&&, const __mavlink_message&)>	8	static
/media/tramtran/DATA/Gremsy/Ethernet_COM/SleepMode/../Submodule/SG14/SG14/inplace_function.h:98:21:static constexpr void stdext::inplace_function_detail::vtable<void, mavlink_channel_t, const __mavlink_message&>::vtable()::<lambda(stdext::inplace_function_detail::vtable<void, mavlink_channel_t, const __mavlink_message&>::storage_ptr_t, mavlink_channel_t&&, const __mavlink_message&)>::_FUN(stdext::inplace_function_detail::vtable<void, mavlink_channel_t, const __mavlink_message&>::storage_ptr_t, mavlink_channel_t&&, const __mavlink_message&)	8	static
/media/tramtran/DATA/Gremsy/Ethernet_COM/SleepMode/../Submodule/etl/include/etl/unordered_map.h:1788:10:void etl::iunordered_map<TKey, T, THash, TKeyEqual>::adjust_first_last_markers_after_insert(bucket_t*) [with TKey = unsigned char; T = stdext::inplace_function<void(mavlink_channel_t, const __mavlink_message&)>; THash = etl::hash<unsigned char>; TKeyEqual = etl::equal_to<unsigned char>]	0	static
/media/tramtran/DATA/Gremsy/Ethernet_COM/SleepMode/../Submodule/etl/include/etl/unordered_map.h:1722:10:void etl::iunordered_map<TKey, T, THash, TKeyEqual>::initialise() [with TKey = unsigned char; T = stdext::inplace_function<void(mavlink_channel_t, const __mavlink_message&)>; THash = etl::hash<unsigned char>; TKeyEqual = etl::equal_to<unsigned char>]	40	static
/media/tramtran/DATA/Gremsy/Ethernet_COM/SleepMode/../Submodule/etl/include/etl/unordered_map.h:2039:5:etl::unordered_map<TKey, TValue, MAX_SIZE_, MAX_BUCKETS_, THash, TKeyEqual>::~unordered_map() [with TKey = unsigned char; TValue = stdext::inplace_function<void(mavlink_channel_t, const __mavlink_message&)>; unsigned int MAX_SIZE_ = 10; unsigned int MAX_BUCKETS_ = 10; THash = etl::hash<unsigned char>; TKeyEqual = etl::equal_to<unsigned char>]	8	static
/opt/arm-gnu-toolchain-13.2.Rel1-x86_64-arm-none-eabi/arm-none-eabi/include/c++/13.2.1/charconv:470:5:bool std::__detail::__from_chars_pow2_base(const char*&, const char*, _Tp&, int) [with bool _DecOnly = true; _Tp = unsigned int]	20	static
/opt/arm-gnu-toolchain-13.2.Rel1-x86_64-arm-none-eabi/arm-none-eabi/include/c++/13.2.1/charconv:470:5:bool std::__detail::__from_chars_pow2_base(const char*&, const char*, _Tp&, int) [with bool _DecOnly = false; _Tp = unsigned int]	20	static
/opt/arm-gnu-toolchain-13.2.Rel1-x86_64-arm-none-eabi/arm-none-eabi/include/c++/13.2.1/charconv:527:5:constexpr bool std::__detail::__from_chars_alnum(const char*&, const char*, _Tp&, int) [with bool _DecOnly = true; _Tp = unsigned int]	20	static
/opt/arm-gnu-toolchain-13.2.Rel1-x86_64-arm-none-eabi/arm-none-eabi/include/c++/13.2.1/charconv:527:5:constexpr bool std::__detail::__from_chars_alnum(const char*&, const char*, _Tp&, int) [with bool _DecOnly = false; _Tp = unsigned int]	20	static
/opt/arm-gnu-toolchain-13.2.Rel1-x86_64-arm-none-eabi/arm-none-eabi/include/c++/13.2.1/charconv:567:5:std::__detail::__integer_from_chars_result_type<_Tp> std::from_chars(const char*, const char*, _Tp&, int) [with _Tp = int]	40	static
/media/tramtran/DATA/Gremsy/Ethernet_COM/SleepMode/User/StorageParam/StorageParam.hpp:93:10:bool Storage::ParamBase<T>::SaveToFlash() [with T = NetworkConfig_t]	152	static
/media/tramtran/DATA/Gremsy/Ethernet_COM/SleepMode/User/MavlinkHandler/MavlinkHandler.cpp:344:6:void MavlinkHandler::_received_param_ext_callback(mavlink_channel_t, const mavlink_message_t&)	192	static
/media/tramtran/DATA/Gremsy/Ethernet_COM/SleepMode/../Submodule/SG14/SG14/inplace_function.h:107:21:static constexpr void stdext::inplace_function_detail::vtable<void, mavlink_channel_t, const __mavlink_message&>::vtable<MavlinkHandler::Open()::<lambda(mavlink_channel_t, const mavlink_message_t&)> >(stdext::inplace_function_detail::wrapper<MavlinkHandler::Open()::<lambda(mavlink_channel_t, const mavlink_message_t&)> >)::<lambda(stdext::inplace_function_detail::vtable<void, mavlink_channel_t, const __mavlink_message&>::storage_ptr_t, mavlink_channel_t&&, const __mavlink_message&)>::_FUN(stdext::inplace_function_detail::vtable<void, mavlink_channel_t, const __mavlink_message&>::storage_ptr_t, mavlink_channel_t&&, const __mavlink_message&)	8	static
/media/tramtran/DATA/Gremsy/Ethernet_COM/SleepMode/../Libraries/Driver/Mavlink/Inc/driver_mavlink_component.hpp:76:12:Driver::Mavlink::Component::PeriodicSendMsg::PeriodicSendMsg(Driver::Mavlink::Component::PeriodicSendMsg&&)	16	static
/media/tramtran/DATA/Gremsy/Ethernet_COM/SleepMode/../Submodule/etl/include/etl/memory.h:1837:8:void etl::create_copy_at(T*, T&&) [with T = Driver::Mavlink::Component::PeriodicSendMsg]	8	static
/media/tramtran/DATA/Gremsy/Ethernet_COM/SleepMode/../Submodule/etl/include/etl/memory.h:1078:8:void etl::destroy(TIterator, TIterator) [with TIterator = Driver::Mavlink::Component::PeriodicSendMsg*]	16	static
/media/tramtran/DATA/Gremsy/Ethernet_COM/SleepMode/User/MavlinkHandler/MavlinkHandler.hpp:42:7:MavlinkHandler::~MavlinkHandler()	8	static
/media/tramtran/DATA/Gremsy/Ethernet_COM/SleepMode/User/MavlinkHandler/MavlinkHandler.hpp:42:7:virtual MavlinkHandler::~MavlinkHandler()	8	static
/media/tramtran/DATA/Gremsy/Ethernet_COM/SleepMode/../Submodule/etl/include/etl/intrusive_links.h:225:5:typename etl::enable_if<etl::is_forward_link<TLink>::value, void>::type etl::link_splice(TLink&, TLink&) [with TLink = forward_link<0>]	0	static
/media/tramtran/DATA/Gremsy/Ethernet_COM/SleepMode/../Submodule/etl/include/etl/intrusive_forward_list.h:747:14:etl::intrusive_forward_list<TValue, TLink>::iterator etl::intrusive_forward_list<TValue, TLink>::insert_after(iterator, value_type&) [with TValue = etl::iunordered_map<unsigned char, stdext::inplace_function<void(mavlink_channel_t, const __mavlink_message&)> >::node_t; TLink = etl::forward_link<0>]	16	static
/media/tramtran/DATA/Gremsy/Ethernet_COM/SleepMode/../Submodule/etl/include/etl/unordered_map.h:1047:38:std::pair<etl::iunordered_map<TKey, T, THash, TKeyEqual>::iterator, bool> etl::iunordered_map<TKey, T, THash, TKeyEqual>::insert(rvalue_reference) [with TKey = unsigned char; T = stdext::inplace_function<void(mavlink_channel_t, const __mavlink_message&)>; THash = etl::hash<unsigned char>; TKeyEqual = etl::equal_to<unsigned char>]	128	static
/media/tramtran/DATA/Gremsy/Ethernet_COM/SleepMode/../Libraries/Driver/Mavlink/Inc/driver_mavlink_component.hpp:148:16:StatusEnum Driver::Mavlink::Component::AddMsgCallback(uint8_t, MsgCallback&&)	176	static
/media/tramtran/DATA/Gremsy/Ethernet_COM/SleepMode/../Submodule/SG14/SG14/inplace_function.h:98:21:stdext::inplace_function_detail::vtable<bool, mavlink_channel_t>::vtable()::<lambda(stdext::inplace_function_detail::vtable<bool, mavlink_channel_t>::storage_ptr_t, mavlink_channel_t&&)>	8	static
/media/tramtran/DATA/Gremsy/Ethernet_COM/SleepMode/../Submodule/SG14/SG14/inplace_function.h:98:21:static constexpr bool stdext::inplace_function_detail::vtable<bool, mavlink_channel_t>::vtable()::<lambda(stdext::inplace_function_detail::vtable<bool, mavlink_channel_t>::storage_ptr_t, mavlink_channel_t&&)>::_FUN(stdext::inplace_function_detail::vtable<bool, mavlink_channel_t>::storage_ptr_t, mavlink_channel_t&&)	8	static
/media/tramtran/DATA/Gremsy/Ethernet_COM/SleepMode/../Submodule/SG14/SG14/inplace_function.h:300:23:), Capacity, Alignment>) [with R = bool; Args = {mavlink_channel_t}; unsigned int Capacity = 32; unsigned int Alignment = 8]	16	static
/media/tramtran/DATA/Gremsy/Ethernet_COM/SleepMode/../Libraries/Driver/Mavlink/Inc/driver_mavlink_component.hpp:76:12:Driver::Mavlink::Component::PeriodicSendMsg& Driver::Mavlink::Component::PeriodicSendMsg::operator=(Driver::Mavlink::Component::PeriodicSendMsg&&)	56	static
/opt/arm-gnu-toolchain-13.2.Rel1-x86_64-arm-none-eabi/arm-none-eabi/include/c++/13.2.1/bits/stl_algo.h:1792:5:constexpr void std::__unguarded_linear_insert(_RandomAccessIterator, _Compare) [with _RandomAccessIterator = Driver::Mavlink::Component::PeriodicSendMsg*; _Compare = __gnu_cxx::__ops::_Val_comp_iter<Driver::Mavlink::Component::AddPeriodicSendMsg(uint8_t, SendMsgFunc&&, uint32_t)::<lambda(const Driver::Mavlink::Component::PeriodicSendMsg&, const Driver::Mavlink::Component::PeriodicSendMsg&)> >]	88	static
/opt/arm-gnu-toolchain-13.2.Rel1-x86_64-arm-none-eabi/arm-none-eabi/include/c++/13.2.1/bits/move.h:189:5:constexpr std::_Require<std::__not_<std::__is_tuple_like<_Tp> >, std::is_move_constructible<_Tp>, std::is_move_assignable<_Tp> > std::swap(_Tp&, _Tp&) [with _Tp = Driver::Mavlink::Component::PeriodicSendMsg]	88	static
/opt/arm-gnu-toolchain-13.2.Rel1-x86_64-arm-none-eabi/arm-none-eabi/include/c++/13.2.1/bits/stl_algo.h:85:5:constexpr void std::__move_median_to_first(_Iterator, _Iterator, _Iterator, _Iterator, _Compare) [with _Iterator = Driver::Mavlink::Component::PeriodicSendMsg*; _Compare = __gnu_cxx::__ops::_Iter_comp_iter<Driver::Mavlink::Component::AddPeriodicSendMsg(uint8_t, SendMsgFunc&&, uint32_t)::<lambda(const Driver::Mavlink::Component::PeriodicSendMsg&, const Driver::Mavlink::Component::PeriodicSendMsg&)> >]	16	static
/opt/arm-gnu-toolchain-13.2.Rel1-x86_64-arm-none-eabi/arm-none-eabi/include/c++/13.2.1/bits/stl_algo.h:1871:5:constexpr _RandomAccessIterator std::__unguarded_partition(_RandomAccessIterator, _RandomAccessIterator, _RandomAccessIterator, _Compare) [with _RandomAccessIterator = Driver::Mavlink::Component::PeriodicSendMsg*; _Compare = __gnu_cxx::__ops::_Iter_comp_iter<Driver::Mavlink::Component::AddPeriodicSendMsg(uint8_t, SendMsgFunc&&, uint32_t)::<lambda(const Driver::Mavlink::Component::PeriodicSendMsg&, const Driver::Mavlink::Component::PeriodicSendMsg&)> >]	16	static
/opt/arm-gnu-toolchain-13.2.Rel1-x86_64-arm-none-eabi/arm-none-eabi/include/c++/13.2.1/bits/stl_algo.h:1893:5:constexpr _RandomAccessIterator std::__unguarded_partition_pivot(_RandomAccessIterator, _RandomAccessIterator, _Compare) [with _RandomAccessIterator = Driver::Mavlink::Component::PeriodicSendMsg*; _Compare = __gnu_cxx::__ops::_Iter_comp_iter<Driver::Mavlink::Component::AddPeriodicSendMsg(uint8_t, SendMsgFunc&&, uint32_t)::<lambda(const Driver::Mavlink::Component::PeriodicSendMsg&, const Driver::Mavlink::Component::PeriodicSendMsg&)> >]	32	static
/opt/arm-gnu-toolchain-13.2.Rel1-x86_64-arm-none-eabi/arm-none-eabi/include/c++/13.2.1/bits/stl_heap.h:135:5:constexpr void std::__push_heap(_RandomAccessIterator, _Distance, _Distance, _Tp, _Compare&) [with _RandomAccessIterator = Driver::Mavlink::Component::PeriodicSendMsg*; _Distance = int; _Tp = Driver::Mavlink::Component::PeriodicSendMsg; _Compare = __gnu_cxx::__ops::_Iter_comp_val<Driver::Mavlink::Component::AddPeriodicSendMsg(uint8_t, SendMsgFunc&&, uint32_t)::<lambda(const Driver::Mavlink::Component::PeriodicSendMsg&, const Driver::Mavlink::Component::PeriodicSendMsg&)> >]	24	static
/opt/arm-gnu-toolchain-13.2.Rel1-x86_64-arm-none-eabi/arm-none-eabi/include/c++/13.2.1/bits/stl_heap.h:224:5:constexpr void std::__adjust_heap(_RandomAccessIterator, _Distance, _Distance, _Tp, _Compare) [with _RandomAccessIterator = Driver::Mavlink::Component::PeriodicSendMsg*; _Distance = int; _Tp = Driver::Mavlink::Component::PeriodicSendMsg; _Compare = __gnu_cxx::__ops::_Iter_comp_iter<Driver::Mavlink::Component::AddPeriodicSendMsg(uint8_t, SendMsgFunc&&, uint32_t)::<lambda(const Driver::Mavlink::Component::PeriodicSendMsg&, const Driver::Mavlink::Component::PeriodicSendMsg&)> >]	120	static
/opt/arm-gnu-toolchain-13.2.Rel1-x86_64-arm-none-eabi/arm-none-eabi/include/c++/13.2.1/bits/stl_heap.h:340:5:constexpr void std::__make_heap(_RandomAccessIterator, _RandomAccessIterator, _Compare&) [with _RandomAccessIterator = Driver::Mavlink::Component::PeriodicSendMsg*; _Compare = __gnu_cxx::__ops::_Iter_comp_iter<Driver::Mavlink::Component::AddPeriodicSendMsg(uint8_t, SendMsgFunc&&, uint32_t)::<lambda(const Driver::Mavlink::Component::PeriodicSendMsg&, const Driver::Mavlink::Component::PeriodicSendMsg&)> >]	176	static
/opt/arm-gnu-toolchain-13.2.Rel1-x86_64-arm-none-eabi/arm-none-eabi/include/c++/13.2.1/bits/stl_heap.h:254:5:constexpr void std::__pop_heap(_RandomAccessIterator, _RandomAccessIterator, _RandomAccessIterator, _Compare&) [with _RandomAccessIterator = Driver::Mavlink::Component::PeriodicSendMsg*; _Compare = __gnu_cxx::__ops::_Iter_comp_iter<Driver::Mavlink::Component::AddPeriodicSendMsg(uint8_t, SendMsgFunc&&, uint32_t)::<lambda(const Driver::Mavlink::Component::PeriodicSendMsg&, const Driver::Mavlink::Component::PeriodicSendMsg&)> >]	176	static
/opt/arm-gnu-toolchain-13.2.Rel1-x86_64-arm-none-eabi/arm-none-eabi/include/c++/13.2.1/bits/stl_algo.h:1631:5:constexpr void std::__heap_select(_RandomAccessIterator, _RandomAccessIterator, _RandomAccessIterator, _Compare) [with _RandomAccessIterator = Driver::Mavlink::Component::PeriodicSendMsg*; _Compare = __gnu_cxx::__ops::_Iter_comp_iter<Driver::Mavlink::Component::AddPeriodicSendMsg(uint8_t, SendMsgFunc&&, uint32_t)::<lambda(const Driver::Mavlink::Component::PeriodicSendMsg&, const Driver::Mavlink::Component::PeriodicSendMsg&)> >]	32	static
/opt/arm-gnu-toolchain-13.2.Rel1-x86_64-arm-none-eabi/arm-none-eabi/include/c++/13.2.1/bits/stl_heap.h:419:5:constexpr void std::__sort_heap(_RandomAccessIterator, _RandomAccessIterator, _Compare&) [with _RandomAccessIterator = Driver::Mavlink::Component::PeriodicSendMsg*; _Compare = __gnu_cxx::__ops::_Iter_comp_iter<Driver::Mavlink::Component::AddPeriodicSendMsg(uint8_t, SendMsgFunc&&, uint32_t)::<lambda(const Driver::Mavlink::Component::PeriodicSendMsg&, const Driver::Mavlink::Component::PeriodicSendMsg&)> >]	16	static
/opt/arm-gnu-toolchain-13.2.Rel1-x86_64-arm-none-eabi/arm-none-eabi/include/c++/13.2.1/bits/stl_algo.h:1905:5:constexpr void std::__partial_sort(_RandomAccessIterator, _RandomAccessIterator, _RandomAccessIterator, _Compare) [with _RandomAccessIterator = Driver::Mavlink::Component::PeriodicSendMsg*; _Compare = __gnu_cxx::__ops::_Iter_comp_iter<Driver::Mavlink::Component::AddPeriodicSendMsg(uint8_t, SendMsgFunc&&, uint32_t)::<lambda(const Driver::Mavlink::Component::PeriodicSendMsg&, const Driver::Mavlink::Component::PeriodicSendMsg&)> >]	24	static
/opt/arm-gnu-toolchain-13.2.Rel1-x86_64-arm-none-eabi/arm-none-eabi/include/c++/13.2.1/bits/stl_algo.h:1918:5:constexpr void std::__introsort_loop(_RandomAccessIterator, _RandomAccessIterator, _Size, _Compare) [with _RandomAccessIterator = Driver::Mavlink::Component::PeriodicSendMsg*; _Size = int; _Compare = __gnu_cxx::__ops::_Iter_comp_iter<Driver::Mavlink::Component::AddPeriodicSendMsg(uint8_t, SendMsgFunc&&, uint32_t)::<lambda(const Driver::Mavlink::Component::PeriodicSendMsg&, const Driver::Mavlink::Component::PeriodicSendMsg&)> >]	24	static
/opt/arm-gnu-toolchain-13.2.Rel1-x86_64-arm-none-eabi/arm-none-eabi/include/c++/13.2.1/bits/stl_algobase.h:727:2:static constexpr _BI2 std::__copy_move_backward<true, false, std::random_access_iterator_tag>::__copy_move_b(_BI1, _BI1, _BI2) [with _BI1 = Driver::Mavlink::Component::PeriodicSendMsg*; _BI2 = Driver::Mavlink::Component::PeriodicSendMsg*]	16	static
/opt/arm-gnu-toolchain-13.2.Rel1-x86_64-arm-none-eabi/arm-none-eabi/include/c++/13.2.1/bits/stl_algo.h:1812:5:constexpr void std::__insertion_sort(_RandomAccessIterator, _RandomAccessIterator, _Compare) [with _RandomAccessIterator = Driver::Mavlink::Component::PeriodicSendMsg*; _Compare = __gnu_cxx::__ops::_Iter_comp_iter<Driver::Mavlink::Component::AddPeriodicSendMsg(uint8_t, SendMsgFunc&&, uint32_t)::<lambda(const Driver::Mavlink::Component::PeriodicSendMsg&, const Driver::Mavlink::Component::PeriodicSendMsg&)> >]	88	static
/opt/arm-gnu-toolchain-13.2.Rel1-x86_64-arm-none-eabi/arm-none-eabi/include/c++/13.2.1/bits/stl_algo.h:1854:5:constexpr void std::__final_insertion_sort(_RandomAccessIterator, _RandomAccessIterator, _Compare) [with _RandomAccessIterator = Driver::Mavlink::Component::PeriodicSendMsg*; _Compare = __gnu_cxx::__ops::_Iter_comp_iter<Driver::Mavlink::Component::AddPeriodicSendMsg(uint8_t, SendMsgFunc&&, uint32_t)::<lambda(const Driver::Mavlink::Component::PeriodicSendMsg&, const Driver::Mavlink::Component::PeriodicSendMsg&)> >]	16	static
/opt/arm-gnu-toolchain-13.2.Rel1-x86_64-arm-none-eabi/arm-none-eabi/include/c++/13.2.1/bits/stl_algo.h:1942:5:constexpr void std::__sort(_RandomAccessIterator, _RandomAccessIterator, _Compare) [with _RandomAccessIterator = Driver::Mavlink::Component::PeriodicSendMsg*; _Compare = __gnu_cxx::__ops::_Iter_comp_iter<Driver::Mavlink::Component::AddPeriodicSendMsg(uint8_t, SendMsgFunc&&, uint32_t)::<lambda(const Driver::Mavlink::Component::PeriodicSendMsg&, const Driver::Mavlink::Component::PeriodicSendMsg&)> >]	24	static
/media/tramtran/DATA/Gremsy/Ethernet_COM/SleepMode/../Libraries/Driver/Mavlink/Inc/driver_mavlink_component.hpp:171:16:StatusEnum Driver::Mavlink::Component::AddPeriodicSendMsg(uint8_t, SendMsgFunc&&, uint32_t)	104	static
/media/tramtran/DATA/Gremsy/Ethernet_COM/SleepMode/User/MavlinkHandler/MavlinkHandler.cpp:34:12:virtual StatusEnum MavlinkHandler::Open()	64	static
/media/tramtran/DATA/Gremsy/Ethernet_COM/SleepMode/../Libraries/Modules/Protocol/Inc/module_protocol_mavlink.hpp:41:25:virtual Module::Protocol::Mavlink::~Mavlink()	8	static
/media/tramtran/DATA/Gremsy/Ethernet_COM/SleepMode/User/MavlinkHandler/MavlinkHandler.cpp:472:1:cpp)	8	static
