/media/tramtran/DATA/Gremsy/Ethernet_COM/SleepMode/User/IOExpander/IOExpander.cpp:26:6:static void IOExpander::getPinMapping(uint8_t, uint8_t&, uint8_t&)	0	static
/media/tramtran/DATA/Gremsy/Ethernet_COM/SleepMode/User/IOExpander/IOExpander.cpp:44:12:StatusEnum IOExpander::readReg(PI4IOE_RegEnum, uint8_t*)	16	static
/media/tramtran/DATA/Gremsy/Ethernet_COM/SleepMode/User/IOExpander/IOExpander.cpp:60:12:StatusEnum IOExpander::writeReg(PI4IOE_RegEnum, uint8_t)	16	static
/media/tramtran/DATA/Gremsy/Ethernet_COM/SleepMode/User/IOExpander/IOExpander.cpp:79:12:StatusEnum IOExpander::Open()	16	static
/media/tramtran/DATA/Gremsy/Ethernet_COM/SleepMode/User/IOExpander/IOExpander.cpp:95:12:StatusEnum IOExpander::pinMode(uint8_t, Mode)	24	static
/media/tramtran/DATA/Gremsy/Ethernet_COM/SleepMode/User/IOExpander/IOExpander.cpp:115:12:StatusEnum IOExpander::digitalWrite(uint8_t, State)	24	static
/media/tramtran/DATA/Gremsy/Ethernet_COM/SleepMode/User/IOExpander/IOExpander.cpp:135:19:IOExpander::State IOExpander::digitalRead(uint8_t)	16	static
/media/tramtran/DATA/Gremsy/Ethernet_COM/SleepMode/User/IOExpander/IOExpander.cpp:151:12:StatusEnum IOExpander::setPull(uint8_t, Pull)	32	static
/media/tramtran/DATA/Gremsy/Ethernet_COM/SleepMode/User/IOExpander/IOExpander.cpp:209:12:StatusEnum IOExpander::setPullPort(uint8_t, Pull)	16	static
/media/tramtran/DATA/Gremsy/Ethernet_COM/SleepMode/User/IOExpander/IOExpander.cpp:194:12:StatusEnum IOExpander::setPullAll(Pull)	16	static
/media/tramtran/DATA/Gremsy/Ethernet_COM/SleepMode/User/IOExpander/IOExpander.cpp:231:12:StatusEnum IOExpander::setDriveStrength(uint8_t, DriveStrength)	32	static
/media/tramtran/DATA/Gremsy/Ethernet_COM/SleepMode/User/IOExpander/IOExpander.cpp:250:12:StatusEnum IOExpander::setInputLatch(uint8_t, bool)	24	static
/media/tramtran/DATA/Gremsy/Ethernet_COM/SleepMode/User/IOExpander/IOExpander.cpp:270:12:StatusEnum IOExpander::setInterruptMask(uint8_t, bool)	24	static
/media/tramtran/DATA/Gremsy/Ethernet_COM/SleepMode/User/IOExpander/IOExpander.cpp:290:12:StatusEnum IOExpander::readInterruptStatus(uint8_t, uint8_t*)	8	static
/media/tramtran/DATA/Gremsy/Ethernet_COM/SleepMode/User/IOExpander/IOExpander.cpp:304:12:StatusEnum IOExpander::pinModeAll(Mode)	16	static
/media/tramtran/DATA/Gremsy/Ethernet_COM/SleepMode/User/IOExpander/IOExpander.cpp:320:12:StatusEnum IOExpander::pinModePort(uint8_t, Mode)	8	static
