/media/tramtran/DATA/Gremsy/Ethernet_COM/SleepMode/Core/Src/stm32u5xx_it.c:94:6:NMI_Handler	0	static
/media/tramtran/DATA/Gremsy/Ethernet_COM/SleepMode/Core/Src/stm32u5xx_it.c:109:6:HardFault_Handler	0	static
/media/tramtran/DATA/Gremsy/Ethernet_COM/SleepMode/Core/Src/stm32u5xx_it.c:130:6:MemManage_Handler	0	static
/media/tramtran/DATA/Gremsy/Ethernet_COM/SleepMode/Core/Src/stm32u5xx_it.c:145:6:BusFault_Handler	0	static
/media/tramtran/DATA/Gremsy/Ethernet_COM/SleepMode/Core/Src/stm32u5xx_it.c:160:6:UsageFault_Handler	0	static
/media/tramtran/DATA/Gremsy/Ethernet_COM/SleepMode/Core/Src/stm32u5xx_it.c:175:6:DebugMon_Handler	0	static
/media/tramtran/DATA/Gremsy/Ethernet_COM/SleepMode/Core/Src/stm32u5xx_it.c:195:6:WWDG_IRQHandler	8	static
/media/tramtran/DATA/Gremsy/Ethernet_COM/SleepMode/Core/Src/stm32u5xx_it.c:209:6:GPDMA1_Channel0_IRQHandler	8	static
/media/tramtran/DATA/Gremsy/Ethernet_COM/SleepMode/Core/Src/stm32u5xx_it.c:223:6:GPDMA1_Channel1_IRQHandler	8	static
/media/tramtran/DATA/Gremsy/Ethernet_COM/SleepMode/Core/Src/stm32u5xx_it.c:237:6:GPDMA1_Channel2_IRQHandler	8	static
/media/tramtran/DATA/Gremsy/Ethernet_COM/SleepMode/Core/Src/stm32u5xx_it.c:251:6:GPDMA1_Channel3_IRQHandler	8	static
/media/tramtran/DATA/Gremsy/Ethernet_COM/SleepMode/Core/Src/stm32u5xx_it.c:265:6:GPDMA1_Channel4_IRQHandler	8	static
/media/tramtran/DATA/Gremsy/Ethernet_COM/SleepMode/Core/Src/stm32u5xx_it.c:279:6:GPDMA1_Channel5_IRQHandler	8	static
/media/tramtran/DATA/Gremsy/Ethernet_COM/SleepMode/Core/Src/stm32u5xx_it.c:293:6:GPDMA1_Channel6_IRQHandler	8	static
/media/tramtran/DATA/Gremsy/Ethernet_COM/SleepMode/Core/Src/stm32u5xx_it.c:307:6:GPDMA1_Channel7_IRQHandler	8	static
/media/tramtran/DATA/Gremsy/Ethernet_COM/SleepMode/Core/Src/stm32u5xx_it.c:321:6:ADC1_IRQHandler	8	static
/media/tramtran/DATA/Gremsy/Ethernet_COM/SleepMode/Core/Src/stm32u5xx_it.c:335:6:TIM5_IRQHandler	8	static
/media/tramtran/DATA/Gremsy/Ethernet_COM/SleepMode/Core/Src/stm32u5xx_it.c:349:6:TIM6_IRQHandler	8	static
/media/tramtran/DATA/Gremsy/Ethernet_COM/SleepMode/Core/Src/stm32u5xx_it.c:363:6:I2C1_EV_IRQHandler	8	static
/media/tramtran/DATA/Gremsy/Ethernet_COM/SleepMode/Core/Src/stm32u5xx_it.c:377:6:I2C1_ER_IRQHandler	8	static
/media/tramtran/DATA/Gremsy/Ethernet_COM/SleepMode/Core/Src/stm32u5xx_it.c:391:6:SPI2_IRQHandler	8	static
/media/tramtran/DATA/Gremsy/Ethernet_COM/SleepMode/Core/Src/stm32u5xx_it.c:405:6:USART1_IRQHandler	8	static
/media/tramtran/DATA/Gremsy/Ethernet_COM/SleepMode/Core/Src/stm32u5xx_it.c:419:6:USART3_IRQHandler	8	static
/media/tramtran/DATA/Gremsy/Ethernet_COM/SleepMode/Core/Src/stm32u5xx_it.c:433:6:UART4_IRQHandler	8	static
/media/tramtran/DATA/Gremsy/Ethernet_COM/SleepMode/Core/Src/stm32u5xx_it.c:445:6:HardFault_HandlerC	144	static
