/media/tramtran/DATA/Gremsy/Ethernet_COM/SleepMode/User/StorageParam/StorageParam.hpp:146:7:constexpr Storage::NetworkParam::~NetworkParam()	0	static
/media/tramtran/DATA/Gremsy/Ethernet_COM/SleepMode/User/StorageParam/StorageParam.hpp:165:7:constexpr Storage::ImuParam::~ImuParam()	0	static
/media/tramtran/DATA/Gremsy/Ethernet_COM/SleepMode/User/StorageParam/StorageParam.cpp:12:17:virtual NetworkConfig_t Storage::NetworkParam::GetDefault() const	4	static
/media/tramtran/DATA/Gremsy/Ethernet_COM/SleepMode/User/StorageParam/StorageParam.cpp:94:18:virtual ImuCalibConfig_t Storage::ImuParam::GetDefault() const	8	static
/media/tramtran/DATA/Gremsy/Ethernet_COM/SleepMode/User/StorageParam/StorageParam.hpp:146:7:virtual constexpr Storage::NetworkParam::~NetworkParam()	8	static
/media/tramtran/DATA/Gremsy/Ethernet_COM/SleepMode/User/StorageParam/StorageParam.hpp:165:7:virtual constexpr Storage::ImuParam::~ImuParam()	8	static
/media/tramtran/DATA/Gremsy/Ethernet_COM/SleepMode/User/StorageParam/StorageParam.hpp:148:26:static Storage::NetworkParam& Storage::NetworkParam::GetInstance()	8	static
/media/tramtran/DATA/Gremsy/Ethernet_COM/SleepMode/User/StorageParam/StorageParam.hpp:167:22:static Storage::ImuParam& Storage::ImuParam::GetInstance()	8	static
/media/tramtran/DATA/Gremsy/Ethernet_COM/SleepMode/User/StorageParam/StorageParam.cpp:31:6:bool Storage::NetworkParam::SetParam(const char*, const char*)	32	static
/media/tramtran/DATA/Gremsy/Ethernet_COM/SleepMode/User/StorageParam/StorageParam.cpp:68:6:bool Storage::NetworkParam::GetParamString(const char*, char*, uint32_t) const	40	static
/media/tramtran/DATA/Gremsy/Ethernet_COM/SleepMode/User/StorageParam/StorageParam.hpp:93:10:bool Storage::ParamBase<T>::SaveToFlash() [with T = NetworkConfig_t]	152	static
/media/tramtran/DATA/Gremsy/Ethernet_COM/SleepMode/User/StorageParam/StorageParam.hpp:93:10:bool Storage::ParamBase<T>::SaveToFlash() [with T = ImuCalibConfig_t]	152	static
/media/tramtran/DATA/Gremsy/Ethernet_COM/SleepMode/User/StorageParam/StorageParam.cpp:107:6:void Storage::Manager::Process()	16	static
