/media/tramtran/DATA/Gremsy/Ethernet_COM/Libraries/Driver/Mavlink/Src/driver_mavlink_component.cpp:120:1:void __static_initialization_and_destruction_0()	0	static
/media/tramtran/DATA/Gremsy/Ethernet_COM/Libraries/Driver/Mavlink/Src/driver_mavlink_component.cpp:45:12:virtual StatusEnum Driver::Mavlink::Component::Open()	32	static
/media/tramtran/DATA/Gremsy/Ethernet_COM/Libraries/Driver/Mavlink/Src/driver_mavlink_component.cpp:66:12:virtual StatusEnum Driver::Mavlink::Component::Close()	8	static
/media/tramtran/DATA/Gremsy/Ethernet_COM/Libraries/Driver/Mavlink/Src/driver_mavlink_component.cpp:91:6:void Driver::Mavlink::Component::SendPeriodicMsgs()	40	static
/media/tramtran/DATA/Gremsy/Ethernet_COM/SleepMode/../Submodule/etl/include/etl/unordered_map.h:1347:14:etl::iunordered_map<TKey, T, THash, TKeyEqual>::iterator etl::iunordered_map<TKey, T, THash, TKeyEqual>::find(const_key_reference) [with TKey = unsigned char; T = stdext::inplace_function<void(mavlink_channel_t, const __mavlink_message&)>; THash = etl::hash<unsigned char>; TKeyEqual = etl::equal_to<unsigned char>]	32	static
/media/tramtran/DATA/Gremsy/Ethernet_COM/Libraries/Driver/Mavlink/Src/driver_mavlink_component.cpp:80:6:void Driver::Mavlink::Component::ReceiveMsgCallback(mavlink_channel_t, const mavlink_message_t&)	56	static
/media/tramtran/DATA/Gremsy/Ethernet_COM/Libraries/Driver/Mavlink/Src/driver_mavlink_component.cpp:120:1:cpp)	8	static
