/media/tramtran/DATA/Gremsy/Ethernet_COM/SleepMode/../Libraries/ThirdParty/MavlinkV2/ardupilotmega/../checksum.h:35:20:void crc_accumulate(uint8_t, uint16_t*)	0	static
/media/tramtran/DATA/Gremsy/Ethernet_COM/SleepMode/../Libraries/ThirdParty/MavlinkV2/ardupilotmega/../mavlink_sha256.h:105:20:void mavlink_sha256_calc(mavlink_sha256_ctx*, uint32_t*)	328	static
/media/tramtran/DATA/Gremsy/Ethernet_COM/SleepMode/../Libraries/ThirdParty/MavlinkV2/ardupilotmega/../mavlink_helpers.h:522:43:const mavlink_msg_entry_t* mavlink_get_msg_entry(uint32_t)	4	static
/media/tramtran/DATA/Gremsy/Ethernet_COM/Libraries/Driver/Mavlink/Src/driver_mavlink_com_port.cpp:47:12:virtual StatusEnum Driver::Mavlink::COMPortBase::Open()	8	static
/media/tramtran/DATA/Gremsy/Ethernet_COM/Libraries/Driver/Mavlink/Src/driver_mavlink_com_port.cpp:54:12:virtual StatusEnum Driver::Mavlink::COMPortBase::Close()	8	static
/media/tramtran/DATA/Gremsy/Ethernet_COM/SleepMode/../Libraries/ThirdParty/MavlinkV2/ardupilotmega/../mavlink_sha256.h:152:21:void mavlink_sha256_update(mavlink_sha256_ctx*, const void*, uint32_t)	88	static
/media/tramtran/DATA/Gremsy/Ethernet_COM/SleepMode/../Libraries/ThirdParty/MavlinkV2/ardupilotmega/../mavlink_sha256.h:192:21:void mavlink_sha256_final_48(mavlink_sha256_ctx*, uint8_t*)	96	static
/media/tramtran/DATA/Gremsy/Ethernet_COM/SleepMode/../Libraries/ThirdParty/MavlinkV2/ardupilotmega/../mavlink_helpers.h:127:21:bool mavlink_signature_check(mavlink_signing_t*, mavlink_signing_streams_t*, const mavlink_message_t*)	160	static
/media/tramtran/DATA/Gremsy/Ethernet_COM/SleepMode/../Libraries/ThirdParty/MavlinkV2/ardupilotmega/../mavlink_helpers.h:594:24:uint8_t mavlink_frame_char_buffer(mavlink_message_t*, mavlink_status_t*, uint8_t, mavlink_message_t*, mavlink_status_t*)	40	static
/media/tramtran/DATA/Gremsy/Ethernet_COM/SleepMode/../Libraries/ThirdParty/MavlinkV2/ardupilotmega/../mavlink_helpers.h:1004:24:uint8_t mavlink_parse_char(uint8_t, uint8_t, mavlink_message_t*, mavlink_status_t*)	24	static
/media/tramtran/DATA/Gremsy/Ethernet_COM/Libraries/Driver/Mavlink/Src/driver_mavlink_com_port.cpp:61:6:virtual void Driver::Mavlink::COMPortBase::ReadDataCallback(std::span<const unsigned char>)	32	static
