/media/tramtran/DATA/Gremsy/Ethernet_COM/SleepMode/../Libraries/RTOS/Base/Inc/rtos_base_common.hpp:65:13:RTOS::Base::Common::~Common()	0	static
/media/tramtran/DATA/Gremsy/Ethernet_COM/SleepMode/../Libraries/RTOS/Base/Inc/rtos_base_common.hpp:79:24:virtual StatusEnum RTOS::Base::Common::Open()	0	static
/media/tramtran/DATA/Gremsy/Ethernet_COM/SleepMode/../Libraries/RTOS/Base/Inc/rtos_base_common.hpp:85:24:virtual StatusEnum RTOS::Base::Common::Close()	0	static
/media/tramtran/DATA/Gremsy/Ethernet_COM/SleepMode/../Libraries/RTOS/Base/Inc/rtos_base_common.hpp:92:18:virtual bool RTOS::Base::Common::IsOpen()	0	static
/media/tramtran/DATA/Gremsy/Ethernet_COM/SleepMode/../Libraries/RTOS/Base/Inc/rtos_base_task.hpp:99:19:virtual RTOS::Base::Task& RTOS::Base::Task::operator+=(RTOS::FuncRtosTaskCallbackType)	0	static
/media/tramtran/DATA/Gremsy/Ethernet_COM/SleepMode/../Libraries/RTOS/Base/Inc/rtos_base_task.hpp:110:18:virtual void RTOS::Base::Task::Sleep(uint32_t)	0	static
/media/tramtran/DATA/Gremsy/Ethernet_COM/SleepMode/../Libraries/RTOS/Base/Inc/rtos_base_task.hpp:116:18:virtual void RTOS::Base::Task::Sleep()	0	static
/media/tramtran/DATA/Gremsy/Ethernet_COM/SleepMode/../Libraries/ThirdParty/MavlinkV2/ardupilotmega/../mavlink_helpers.h:522:43:const mavlink_msg_entry_t* mavlink_get_msg_entry(uint32_t)	4	static
/media/tramtran/DATA/Gremsy/Ethernet_COM/SleepMode/../Libraries/RTOS/Base/Inc/rtos_base_message_queue.hpp:43:19:RTOS::Base::MessageQueue::~MessageQueue()	0	static
/media/tramtran/DATA/Gremsy/Ethernet_COM/SleepMode/../Libraries/RTOS/CMSIS_OS_V2/Inc/rtos_cmsis_os_v2_message_queue.hpp:273:13:RTOS::MessageQueueStatic<Driver::Mavlink::Manager::TxRequest, 8>::~MessageQueueStatic()	0	static
/media/tramtran/DATA/Gremsy/Ethernet_COM/SleepMode/../Submodule/SG14/SG14/inplace_function.h:112:19:static constexpr void stdext::inplace_function_detail::vtable<void>::vtable<Driver::Mavlink::Manager::<lambda()> >(stdext::inplace_function_detail::wrapper<Driver::Mavlink::Manager::<lambda()> >)::<lambda(stdext::inplace_function_detail::vtable<void>::storage_ptr_t, stdext::inplace_function_detail::vtable<void>::storage_ptr_t)>::_FUN(stdext::inplace_function_detail::vtable<void>::storage_ptr_t, stdext::inplace_function_detail::vtable<void>::storage_ptr_t)	0	static
/media/tramtran/DATA/Gremsy/Ethernet_COM/SleepMode/../Submodule/SG14/SG14/inplace_function.h:115:23:static constexpr void stdext::inplace_function_detail::vtable<void>::vtable<Driver::Mavlink::Manager::<lambda()> >(stdext::inplace_function_detail::wrapper<Driver::Mavlink::Manager::<lambda()> >)::<lambda(stdext::inplace_function_detail::vtable<void>::storage_ptr_t, stdext::inplace_function_detail::vtable<void>::storage_ptr_t)>::_FUN(stdext::inplace_function_detail::vtable<void>::storage_ptr_t, stdext::inplace_function_detail::vtable<void>::storage_ptr_t)	0	static
/media/tramtran/DATA/Gremsy/Ethernet_COM/SleepMode/../Submodule/SG14/SG14/inplace_function.h:121:25:static constexpr void stdext::inplace_function_detail::vtable<void>::vtable<Driver::Mavlink::Manager::<lambda()> >(stdext::inplace_function_detail::wrapper<Driver::Mavlink::Manager::<lambda()> >)::<lambda(stdext::inplace_function_detail::vtable<void>::storage_ptr_t)>::_FUN(stdext::inplace_function_detail::vtable<void>::storage_ptr_t)	0	static
/media/tramtran/DATA/Gremsy/Ethernet_COM/SleepMode/../Submodule/SG14/SG14/inplace_function.h:101:19:static constexpr void stdext::inplace_function_detail::vtable<void>::vtable()::<lambda(stdext::inplace_function_detail::vtable<void>::storage_ptr_t, stdext::inplace_function_detail::vtable<void>::storage_ptr_t)>::_FUN(stdext::inplace_function_detail::vtable<void>::storage_ptr_t, stdext::inplace_function_detail::vtable<void>::storage_ptr_t)	0	static
/media/tramtran/DATA/Gremsy/Ethernet_COM/SleepMode/../Submodule/SG14/SG14/inplace_function.h:102:23:static constexpr void stdext::inplace_function_detail::vtable<void>::vtable()::<lambda(stdext::inplace_function_detail::vtable<void>::storage_ptr_t, stdext::inplace_function_detail::vtable<void>::storage_ptr_t)>::_FUN(stdext::inplace_function_detail::vtable<void>::storage_ptr_t, stdext::inplace_function_detail::vtable<void>::storage_ptr_t)	0	static
/media/tramtran/DATA/Gremsy/Ethernet_COM/SleepMode/../Submodule/SG14/SG14/inplace_function.h:103:25:static constexpr void stdext::inplace_function_detail::vtable<void>::vtable()::<lambda(stdext::inplace_function_detail::vtable<void>::storage_ptr_t)>::_FUN(stdext::inplace_function_detail::vtable<void>::storage_ptr_t)	0	static
/media/tramtran/DATA/Gremsy/Ethernet_COM/SleepMode/../Libraries/RTOS/rtos_include.hpp:92:10:void RTOS::FreeTaskServiceCallback(void*) [with Task = TaskStatic<2048>]	8	static
/media/tramtran/DATA/Gremsy/Ethernet_COM/SleepMode/../Libraries/RTOS/CMSIS_OS_V2/Inc/rtos_cmsis_os_v2_message_queue.hpp:289:16:StatusEnum RTOS::MessageQueueStatic<T, Capacity>::Open() [with T = Driver::Mavlink::Manager::TxRequest; unsigned int Capacity = 8]	8	static
/media/tramtran/DATA/Gremsy/Ethernet_COM/SleepMode/../Libraries/RTOS/CMSIS_OS_V2/Inc/rtos_cmsis_os_v2_task_static.hpp:58:16:StatusEnum RTOS::TaskStatic<S>::Open() [with unsigned int S = 2048]	8	static
/media/tramtran/DATA/Gremsy/Ethernet_COM/SleepMode/../Libraries/ThirdParty/MavlinkV2/ardupilotmega/../mavlink_helpers.h:451:25:uint16_t mavlink_msg_to_send_buffer(uint8_t*, const mavlink_message_t*)	24	static
/media/tramtran/DATA/Gremsy/Ethernet_COM/SleepMode/../Libraries/RTOS/Base/Inc/rtos_base_common.hpp:65:13:virtual RTOS::Base::Common::~Common()	8	static
/media/tramtran/DATA/Gremsy/Ethernet_COM/SleepMode/../Libraries/RTOS/Base/Inc/rtos_base_message_queue.hpp:43:19:virtual RTOS::Base::MessageQueue::~MessageQueue()	8	static
/media/tramtran/DATA/Gremsy/Ethernet_COM/SleepMode/../Libraries/RTOS/CMSIS_OS_V2/Inc/rtos_cmsis_os_v2_message_queue.hpp:273:13:virtual RTOS::MessageQueueStatic<Driver::Mavlink::Manager::TxRequest, 8>::~MessageQueueStatic()	8	static
/media/tramtran/DATA/Gremsy/Ethernet_COM/SleepMode/../Libraries/RTOS/CMSIS_OS_V2/Inc/rtos_cmsis_os_v2_message_queue.hpp:329:16:StatusEnum RTOS::MessageQueueStatic<T, Capacity>::Close() [with T = Driver::Mavlink::Manager::TxRequest; unsigned int Capacity = 8]	8	static
/media/tramtran/DATA/Gremsy/Ethernet_COM/SleepMode/../Libraries/RTOS/CMSIS_OS_V2/Inc/rtos_cmsis_os_v2_task_static.hpp:87:16:StatusEnum RTOS::TaskStatic<S>::Close() [with unsigned int S = 2048]	8	static
/media/tramtran/DATA/Gremsy/Ethernet_COM/SleepMode/../Libraries/RTOS/Base/Inc/rtos_base_task.hpp:84:13:RTOS::Base::Task::~Task()	8	static
/media/tramtran/DATA/Gremsy/Ethernet_COM/SleepMode/../Libraries/RTOS/Base/Inc/rtos_base_task.hpp:84:13:virtual RTOS::Base::Task::~Task()	8	static
/media/tramtran/DATA/Gremsy/Ethernet_COM/SleepMode/../Libraries/RTOS/CMSIS_OS_V2/Inc/rtos_cmsis_os_v2_task_static.hpp:41:13:RTOS::TaskStatic<2048>::~TaskStatic()	8	static
/media/tramtran/DATA/Gremsy/Ethernet_COM/SleepMode/../Libraries/RTOS/CMSIS_OS_V2/Inc/rtos_cmsis_os_v2_task_static.hpp:41:13:virtual RTOS::TaskStatic<2048>::~TaskStatic()	8	static
/media/tramtran/DATA/Gremsy/Ethernet_COM/SleepMode/../Libraries/Driver/Mavlink/Inc/driver_mavlink_manager.hpp:181:5:Driver::Mavlink::Manager::~Manager()	16	static
/media/tramtran/DATA/Gremsy/Ethernet_COM/SleepMode/../Libraries/RTOS/Base/Inc/rtos_base_task.hpp:60:5:RTOS::Base::Task::Task()	8	static
/media/tramtran/DATA/Gremsy/Ethernet_COM/Libraries/Driver/Mavlink/Src/driver_mavlink_manager.cpp:52:44:etl::tuple<StatusEnum, Driver::Mavlink::ComponentIndexEnum> Driver::Mavlink::Manager::AddComponent(Driver::Mavlink::Component&)	32	static
/media/tramtran/DATA/Gremsy/Ethernet_COM/Libraries/Driver/Mavlink/Src/driver_mavlink_manager.cpp:70:12:StatusEnum Driver::Mavlink::Manager::RemoveComponent(Driver::Mavlink::ComponentIndexEnum)	16	static
/media/tramtran/DATA/Gremsy/Ethernet_COM/Libraries/Driver/Mavlink/Src/driver_mavlink_manager.cpp:87:12:StatusEnum Driver::Mavlink::Manager::AddCOMPort(Driver::Mavlink::COMPortBase&, mavlink_channel_t)	16	static
/media/tramtran/DATA/Gremsy/Ethernet_COM/Libraries/Driver/Mavlink/Src/driver_mavlink_manager.cpp:104:12:StatusEnum Driver::Mavlink::Manager::RemoveCOMPort(mavlink_channel_t)	16	static
/media/tramtran/DATA/Gremsy/Ethernet_COM/Libraries/Driver/Mavlink/Src/driver_mavlink_manager.cpp:117:12:StatusEnum Driver::Mavlink::Manager::Open()	16	static
/media/tramtran/DATA/Gremsy/Ethernet_COM/Libraries/Driver/Mavlink/Src/driver_mavlink_manager.cpp:259:8:int8_t Driver::Mavlink::Manager::LearnRoute(mavlink_channel_t, const mavlink_message_t&)	24	static
/media/tramtran/DATA/Gremsy/Ethernet_COM/Libraries/Driver/Mavlink/Src/driver_mavlink_manager.cpp:346:36:etl::tuple<bool, __mavlink_system> Driver::Mavlink::Manager::GetTargets(const mavlink_message_t&)	24	static
/media/tramtran/DATA/Gremsy/Ethernet_COM/Libraries/Driver/Mavlink/Src/driver_mavlink_manager.cpp:404:6:bool Driver::Mavlink::Manager::IsMasterCandidate(const mavlink_message_t&)	0	static
/media/tramtran/DATA/Gremsy/Ethernet_COM/Libraries/Driver/Mavlink/Src/driver_mavlink_manager.cpp:376:6:void Driver::Mavlink::Manager::HandleHeartbeat(const mavlink_message_t&)	16	static
/media/tramtran/DATA/Gremsy/Ethernet_COM/Libraries/Driver/Mavlink/Src/driver_mavlink_manager.cpp:426:6:void Driver::Mavlink::Manager::ResetSystem()	16	static
/media/tramtran/DATA/Gremsy/Ethernet_COM/Libraries/Driver/Mavlink/Src/driver_mavlink_manager.cpp:448:6:bool Driver::Mavlink::Manager::SendBuff(mavlink_channel_t, std::span<const unsigned char>)	16	static
/media/tramtran/DATA/Gremsy/Ethernet_COM/Libraries/Driver/Mavlink/Src/driver_mavlink_manager.cpp:487:6:void _mavlink_send_uart(mavlink_channel_t, const char*, uint16_t)	16	static
/media/tramtran/DATA/Gremsy/Ethernet_COM/Libraries/Driver/Mavlink/Src/driver_mavlink_manager.cpp:491:6:void _mavlink_resend_uart(mavlink_channel_t, const mavlink_message_t*)	32	static
/media/tramtran/DATA/Gremsy/Ethernet_COM/SleepMode/../Libraries/RTOS/CMSIS_OS_V2/Inc/rtos_cmsis_os_v2_message_queue.hpp:279:2:RTOS::MessageQueueStatic<T, Capacity>::MessageQueueStatic(const char*) [with T = Driver::Mavlink::Manager::TxRequest; unsigned int Capacity = 8]	8	static
/media/tramtran/DATA/Gremsy/Ethernet_COM/SleepMode/../Libraries/RTOS/CMSIS_OS_V2/Inc/rtos_cmsis_os_v2_message_queue.hpp:403:16:) [with Args = {mavlink_channel_t&, const __mavlink_message&}; T = Driver::Mavlink::Manager::TxRequest; unsigned int Capacity = 8]	304	static
/media/tramtran/DATA/Gremsy/Ethernet_COM/Libraries/Driver/Mavlink/Src/driver_mavlink_manager.cpp:466:6:bool Driver::Mavlink::Manager::SendMessage(mavlink_channel_t, const mavlink_message_t&)	16	static
/media/tramtran/DATA/Gremsy/Ethernet_COM/Libraries/Driver/Mavlink/Src/driver_mavlink_manager.cpp:331:6:void Driver::Mavlink::Manager::HandleBroadcast(mavlink_channel_t, const mavlink_message_t&)	24	static
/media/tramtran/DATA/Gremsy/Ethernet_COM/Libraries/Driver/Mavlink/Src/driver_mavlink_manager.cpp:165:38:etl::tuple<bool, Driver::Mavlink::ComponentIndexEnum> Driver::Mavlink::Manager::CheckAndForward(mavlink_channel_t, const mavlink_message_t&)	64	static
/media/tramtran/DATA/Gremsy/Ethernet_COM/Libraries/Driver/Mavlink/Src/driver_mavlink_manager.cpp:136:6:void Driver::Mavlink::Manager::ParseMessageCallback(mavlink_channel_t, const mavlink_message_t&)	32	static
/media/tramtran/DATA/Gremsy/Ethernet_COM/SleepMode/../Libraries/RTOS/CMSIS_OS_V2/Inc/rtos_cmsis_os_v2_message_queue.hpp:394:16:osStatus_t RTOS::MessageQueueStatic<T, Capacity>::Get(T*, uint32_t) [with T = Driver::Mavlink::Manager::TxRequest; unsigned int Capacity = 8]	8	static
/media/tramtran/DATA/Gremsy/Ethernet_COM/Libraries/Driver/Mavlink/Src/driver_mavlink_manager.cpp:471:12:StatusEnum Driver::Mavlink::Manager::_txTaskFunc()	320	static
/media/tramtran/DATA/Gremsy/Ethernet_COM/SleepMode/../Libraries/Driver/Mavlink/Inc/driver_mavlink_manager.hpp:280:9:Driver::Mavlink::Manager::<lambda()>	8	static
/media/tramtran/DATA/Gremsy/Ethernet_COM/SleepMode/../Submodule/SG14/SG14/inplace_function.h:107:21:static constexpr void stdext::inplace_function_detail::vtable<void>::vtable<Driver::Mavlink::Manager::<lambda()> >(stdext::inplace_function_detail::wrapper<Driver::Mavlink::Manager::<lambda()> >)::<lambda(stdext::inplace_function_detail::vtable<void>::storage_ptr_t)>::_FUN(stdext::inplace_function_detail::vtable<void>::storage_ptr_t)	8	static
/media/tramtran/DATA/Gremsy/Ethernet_COM/SleepMode/../Submodule/SG14/SG14/inplace_function.h:98:21:stdext::inplace_function_detail::vtable<void>::vtable()::<lambda(stdext::inplace_function_detail::vtable<void>::storage_ptr_t)>	8	static
/media/tramtran/DATA/Gremsy/Ethernet_COM/SleepMode/../Submodule/SG14/SG14/inplace_function.h:98:21:static constexpr void stdext::inplace_function_detail::vtable<void>::vtable()::<lambda(stdext::inplace_function_detail::vtable<void>::storage_ptr_t)>::_FUN(stdext::inplace_function_detail::vtable<void>::storage_ptr_t)	8	static
/media/tramtran/DATA/Gremsy/Ethernet_COM/SleepMode/../Submodule/SG14/SG14/inplace_function.h:300:23:), Capacity, Alignment>) [with R = void; Args = {}; unsigned int Capacity = 64; unsigned int Alignment = 8]	16	static
/media/tramtran/DATA/Gremsy/Ethernet_COM/SleepMode/../Libraries/RTOS/CMSIS_OS_V2/Inc/rtos_cmsis_os_v2_task_static.hpp:43:5:RTOS::TaskStatic<S>::TaskStatic(PriorityEnum, RTOS::TaskFunc&&, const char*) [with unsigned int S = 2048]	104	static
/media/tramtran/DATA/Gremsy/Ethernet_COM/SleepMode/../Libraries/Driver/Mavlink/Inc/driver_mavlink_manager.hpp:179:5:constexpr Driver::Mavlink::Manager::Manager()	88	static
/media/tramtran/DATA/Gremsy/Ethernet_COM/Libraries/Driver/Mavlink/Src/driver_mavlink_manager.cpp:544:1:void __static_initialization_and_destruction_0()	8	static
/media/tramtran/DATA/Gremsy/Ethernet_COM/Libraries/Driver/Mavlink/Src/driver_mavlink_manager.cpp:544:1:cpp)	8	static
