/media/tramtran/DATA/Gremsy/Ethernet_COM/SleepMode/../Libraries/Driver/ConnectionBase.hpp:66:24:virtual StatusEnum Connection::Open()	0	static
/media/tramtran/DATA/Gremsy/Ethernet_COM/SleepMode/../Libraries/Driver/ConnectionBase.hpp:73:24:virtual StatusEnum Connection::Close()	0	static
/media/tramtran/DATA/Gremsy/Ethernet_COM/SleepMode/../Libraries/Driver/ConnectionBase.hpp:80:18:virtual void Connection::ReadDataCallback(std::span<const unsigned char>)	8	static
/media/tramtran/DATA/Gremsy/Ethernet_COM/Libraries/Driver/Mavlink/Src/driver_mavlink_serial_com_port.cpp:61:13:Driver::Mavlink::SerialCOMPort::Open()::<lambda(const uint8_t*, uint16_t)>	16	static
/media/tramtran/DATA/Gremsy/Ethernet_COM/SleepMode/../Submodule/SG14/SG14/inplace_function.h:107:21:static constexpr void stdext::inplace_function_detail::vtable<void, const unsigned char*, short unsigned int>::vtable<Driver::Mavlink::SerialCOMPort::Open()::<lambda(const uint8_t*, uint16_t)> >(stdext::inplace_function_detail::wrapper<Driver::Mavlink::SerialCOMPort::Open()::<lambda(const uint8_t*, uint16_t)> >)::<lambda(stdext::inplace_function_detail::vtable<void, const unsigned char*, short unsigned int>::storage_ptr_t, const unsigned char*&&, short unsigned int&&)>::_FUN(stdext::inplace_function_detail::vtable<void, const unsigned char*, short unsigned int>::storage_ptr_t, const unsigned char*&&, short unsigned int&&)	8	static
/media/tramtran/DATA/Gremsy/Ethernet_COM/SleepMode/../Submodule/SG14/SG14/inplace_function.h:112:19:static constexpr void stdext::inplace_function_detail::vtable<void, const unsigned char*, short unsigned int>::vtable<Driver::Mavlink::SerialCOMPort::Open()::<lambda(const uint8_t*, uint16_t)> >(stdext::inplace_function_detail::wrapper<Driver::Mavlink::SerialCOMPort::Open()::<lambda(const uint8_t*, uint16_t)> >)::<lambda(stdext::inplace_function_detail::vtable<void, const unsigned char*, short unsigned int>::storage_ptr_t, stdext::inplace_function_detail::vtable<void, const unsigned char*, short unsigned int>::storage_ptr_t)>::_FUN(stdext::inplace_function_detail::vtable<void, const unsigned char*, short unsigned int>::storage_ptr_t, stdext::inplace_function_detail::vtable<void, const unsigned char*, short unsigned int>::storage_ptr_t)	0	static
/media/tramtran/DATA/Gremsy/Ethernet_COM/SleepMode/../Submodule/SG14/SG14/inplace_function.h:115:23:static constexpr void stdext::inplace_function_detail::vtable<void, const unsigned char*, short unsigned int>::vtable<Driver::Mavlink::SerialCOMPort::Open()::<lambda(const uint8_t*, uint16_t)> >(stdext::inplace_function_detail::wrapper<Driver::Mavlink::SerialCOMPort::Open()::<lambda(const uint8_t*, uint16_t)> >)::<lambda(stdext::inplace_function_detail::vtable<void, const unsigned char*, short unsigned int>::storage_ptr_t, stdext::inplace_function_detail::vtable<void, const unsigned char*, short unsigned int>::storage_ptr_t)>::_FUN(stdext::inplace_function_detail::vtable<void, const unsigned char*, short unsigned int>::storage_ptr_t, stdext::inplace_function_detail::vtable<void, const unsigned char*, short unsigned int>::storage_ptr_t)	0	static
/media/tramtran/DATA/Gremsy/Ethernet_COM/SleepMode/../Submodule/SG14/SG14/inplace_function.h:121:25:static constexpr void stdext::inplace_function_detail::vtable<void, const unsigned char*, short unsigned int>::vtable<Driver::Mavlink::SerialCOMPort::Open()::<lambda(const uint8_t*, uint16_t)> >(stdext::inplace_function_detail::wrapper<Driver::Mavlink::SerialCOMPort::Open()::<lambda(const uint8_t*, uint16_t)> >)::<lambda(stdext::inplace_function_detail::vtable<void, const unsigned char*, short unsigned int>::storage_ptr_t)>::_FUN(stdext::inplace_function_detail::vtable<void, const unsigned char*, short unsigned int>::storage_ptr_t)	0	static
/media/tramtran/DATA/Gremsy/Ethernet_COM/Libraries/Driver/Mavlink/Src/driver_mavlink_serial_com_port.cpp:45:12:virtual StatusEnum Driver::Mavlink::SerialCOMPort::Open()	56	static
/media/tramtran/DATA/Gremsy/Ethernet_COM/Libraries/Driver/Mavlink/Src/driver_mavlink_serial_com_port.cpp:78:12:virtual StatusEnum Driver::Mavlink::SerialCOMPort::Close()	16	static
/media/tramtran/DATA/Gremsy/Ethernet_COM/SleepMode/../Libraries/Driver/Mavlink/Inc/driver_mavlink_serial_com_port.hpp:67:5:Driver::Mavlink::SerialCOMPort::~SerialCOMPort()	8	static
/media/tramtran/DATA/Gremsy/Ethernet_COM/Libraries/Driver/Mavlink/Src/driver_mavlink_serial_com_port.cpp:99:6:virtual bool Driver::Mavlink::SerialCOMPort::SinkIt(std::span<const unsigned char>)	16	static
/media/tramtran/DATA/Gremsy/Ethernet_COM/SleepMode/../Libraries/Driver/Mavlink/Inc/driver_mavlink_serial_com_port.hpp:67:5:virtual Driver::Mavlink::SerialCOMPort::~SerialCOMPort()	8	static
