/media/tramtran/DATA/Gremsy/Ethernet_COM/SleepMode/../Libraries/RTOS/Base/Inc/rtos_base_common.hpp:65:13:RTOS::Base::Common::~Common()	0	static
/media/tramtran/DATA/Gremsy/Ethernet_COM/SleepMode/../Libraries/RTOS/Base/Inc/rtos_base_common.hpp:79:24:virtual StatusEnum RTOS::Base::Common::Open()	0	static
/media/tramtran/DATA/Gremsy/Ethernet_COM/SleepMode/../Libraries/RTOS/Base/Inc/rtos_base_common.hpp:85:24:virtual StatusEnum RTOS::Base::Common::Close()	0	static
/media/tramtran/DATA/Gremsy/Ethernet_COM/SleepMode/../Libraries/RTOS/Base/Inc/rtos_base_common.hpp:92:18:virtual bool RTOS::Base::Common::IsOpen()	0	static
/media/tramtran/DATA/Gremsy/Ethernet_COM/SleepMode/../Libraries/RTOS/Base/Inc/rtos_base_task.hpp:99:19:virtual RTOS::Base::Task& RTOS::Base::Task::operator+=(RTOS::FuncRtosTaskCallbackType)	0	static
/media/tramtran/DATA/Gremsy/Ethernet_COM/SleepMode/../Libraries/RTOS/Base/Inc/rtos_base_task.hpp:110:18:virtual void RTOS::Base::Task::Sleep(uint32_t)	0	static
/media/tramtran/DATA/Gremsy/Ethernet_COM/SleepMode/../Libraries/RTOS/Base/Inc/rtos_base_task.hpp:116:18:virtual void RTOS::Base::Task::Sleep()	0	static
/media/tramtran/DATA/Gremsy/Ethernet_COM/Libraries/gremsy_main.cpp:42:6:void gremsy_main_loop(void*)	8	static
/media/tramtran/DATA/Gremsy/Ethernet_COM/SleepMode/../Libraries/RTOS/Base/Inc/rtos_base_task.hpp:84:13:RTOS::Base::Task::~Task()	8	static
/media/tramtran/DATA/Gremsy/Ethernet_COM/SleepMode/../Libraries/RTOS/CMSIS_OS_V2/Inc/rtos_cmsis_os_v2_task.hpp:86:13:RTOS::Task::~Task()	8	static
/media/tramtran/DATA/Gremsy/Ethernet_COM/SleepMode/../Libraries/RTOS/Base/Inc/rtos_base_common.hpp:65:13:virtual RTOS::Base::Common::~Common()	8	static
/media/tramtran/DATA/Gremsy/Ethernet_COM/SleepMode/../Libraries/RTOS/Base/Inc/rtos_base_task.hpp:84:13:virtual RTOS::Base::Task::~Task()	8	static
/media/tramtran/DATA/Gremsy/Ethernet_COM/SleepMode/../Libraries/RTOS/Base/Inc/rtos_base_task.hpp:60:5:RTOS::Base::Task::Task()	8	static
/media/tramtran/DATA/Gremsy/Ethernet_COM/SleepMode/../Libraries/RTOS/CMSIS_OS_V2/Inc/rtos_cmsis_os_v2_task.hpp:54:5:RTOS::Task::Task()	8	static
/media/tramtran/DATA/Gremsy/Ethernet_COM/Libraries/gremsy_main.cpp:125:2:void __static_initialization_and_destruction_0()	8	static
/media/tramtran/DATA/Gremsy/Ethernet_COM/SleepMode/../Libraries/RTOS/CMSIS_OS_V2/Inc/rtos_cmsis_os_v2_task.hpp:86:13:virtual RTOS::Task::~Task()	8	static
/media/tramtran/DATA/Gremsy/Ethernet_COM/Libraries/gremsy_main.cpp:61:6:void gremsy_main()	16	static
/media/tramtran/DATA/Gremsy/Ethernet_COM/Libraries/gremsy_main.cpp:125:2:cpp)	8	static
