/media/tramtran/DATA/Gremsy/Ethernet_COM/SleepMode/../Libraries/RTOS/Base/Inc/rtos_base_common.hpp:65:13:RTOS::Base::Common::~Common()	0	static
/media/tramtran/DATA/Gremsy/Ethernet_COM/SleepMode/../Libraries/RTOS/Base/Inc/rtos_base_common.hpp:79:24:virtual StatusEnum RTOS::Base::Common::Open()	0	static
/media/tramtran/DATA/Gremsy/Ethernet_COM/SleepMode/../Libraries/RTOS/Base/Inc/rtos_base_common.hpp:85:24:virtual StatusEnum RTOS::Base::Common::Close()	0	static
/media/tramtran/DATA/Gremsy/Ethernet_COM/SleepMode/../Libraries/RTOS/Base/Inc/rtos_base_common.hpp:92:18:virtual bool RTOS::Base::Common::IsOpen()	0	static
/media/tramtran/DATA/Gremsy/Ethernet_COM/SleepMode/../Libraries/RTOS/Base/Inc/rtos_base_task.hpp:99:19:virtual RTOS::Base::Task& RTOS::Base::Task::operator+=(RTOS::FuncRtosTaskCallbackType)	0	static
/media/tramtran/DATA/Gremsy/Ethernet_COM/SleepMode/../Libraries/RTOS/Base/Inc/rtos_base_task.hpp:110:18:virtual void RTOS::Base::Task::Sleep(uint32_t)	0	static
/media/tramtran/DATA/Gremsy/Ethernet_COM/SleepMode/../Libraries/RTOS/Base/Inc/rtos_base_task.hpp:116:18:virtual void RTOS::Base::Task::Sleep()	0	static
/media/tramtran/DATA/Gremsy/Ethernet_COM/SleepMode/../Libraries/ThirdParty/MavlinkV2/ardupilotmega/../checksum.h:35:20:void crc_accumulate(uint8_t, uint16_t*)	0	static
/media/tramtran/DATA/Gremsy/Ethernet_COM/SleepMode/../Libraries/ThirdParty/MavlinkV2/ardupilotmega/../checksum.h:65:24:uint16_t crc_calculate(const uint8_t*, uint16_t)	24	static
/media/tramtran/DATA/Gremsy/Ethernet_COM/SleepMode/../Libraries/ThirdParty/MavlinkV2/ardupilotmega/../checksum.h:85:20:void crc_accumulate_buffer(uint16_t*, const char*, uint16_t)	16	static
/media/tramtran/DATA/Gremsy/Ethernet_COM/SleepMode/../Libraries/ThirdParty/MavlinkV2/ardupilotmega/../mavlink_sha256.h:105:20:void mavlink_sha256_calc(mavlink_sha256_ctx*, uint32_t*)	328	static
/media/tramtran/DATA/Gremsy/Ethernet_COM/SleepMode/../Libraries/ThirdParty/MavlinkV2/ardupilotmega/../mavlink_helpers.h:522:43:const mavlink_msg_entry_t* mavlink_get_msg_entry(uint32_t)	4	static
/media/tramtran/DATA/Gremsy/Ethernet_COM/SleepMode/../Libraries/Modules/Base/module_base_common.hpp:95:24:virtual StatusEnum Module::Base::Common::Open()	0	static
/media/tramtran/DATA/Gremsy/Ethernet_COM/SleepMode/../Libraries/Modules/Base/module_base_common.hpp:101:24:virtual StatusEnum Module::Base::Common::Close()	0	static
/media/tramtran/DATA/Gremsy/Ethernet_COM/SleepMode/../Libraries/Modules/Base/module_base_common.hpp:107:18:virtual bool Module::Base::Common::IsOpen()	0	static
/media/tramtran/DATA/Gremsy/Ethernet_COM/SleepMode/../Libraries/Modules/Base/module_base_protocol_mavlink.hpp:346:24:virtual StatusEnum Module::Base::ProtocolMavlink::ReceivedByte(uint8_t)	0	static
/media/tramtran/DATA/Gremsy/Ethernet_COM/SleepMode/../Libraries/Modules/Base/module_base_protocol_mavlink.hpp:352:38:virtual Module::ProtocolMavlinkStateEnum Module::Base::ProtocolMavlink::GetState()	0	static
/media/tramtran/DATA/Gremsy/Ethernet_COM/SleepMode/../Libraries/Modules/Base/module_base_protocol_mavlink.hpp:486:24:virtual StatusEnum Module::Base::ProtocolMavlink::AddTxOnce(object, uint32_t, Module::FuncProtocolMavlinkTransmittedMessageCallbackType)	8	static
/media/tramtran/DATA/Gremsy/Ethernet_COM/SleepMode/../Libraries/Modules/Base/module_base_protocol_mavlink.hpp:628:18:virtual bool Module::Base::ProtocolMavlink::IsReceivedMessage(uint32_t, Module::FuncProtocolMavlinkReceivedMessageCallbackType)	4	static
/media/tramtran/DATA/Gremsy/Ethernet_COM/SleepMode/../Libraries/Modules/Base/module_base_protocol_mavlink.hpp:657:18:virtual bool Module::Base::ProtocolMavlink::IsTransmitContinousMessage(uint32_t, Module::FuncProtocolMavlinkTransmittedMessageCallbackType)	4	static
/media/tramtran/DATA/Gremsy/Ethernet_COM/SleepMode/../Libraries/Modules/Base/module_base_protocol_mavlink.hpp:685:24:virtual StatusEnum Module::Base::ProtocolMavlink::SearchReceiveMessage(uint32_t, uint32_t*)	4	static
/media/tramtran/DATA/Gremsy/Ethernet_COM/SleepMode/../Libraries/Modules/Base/module_base_protocol_mavlink.hpp:717:24:virtual StatusEnum Module::Base::ProtocolMavlink::SearchTransmitContinousMessage(uint32_t, uint32_t*)	4	static
/media/tramtran/DATA/Gremsy/Ethernet_COM/SleepMode/../Libraries/Modules/Base/module_base_protocol_mavlink.hpp:745:18:virtual bool Module::Base::ProtocolMavlink::IsSystem(uint8_t, uint8_t)	0	static
/media/tramtran/DATA/Gremsy/Ethernet_COM/SleepMode/../Libraries/ThirdParty/MavlinkV2/ardupilotmega/../mavlink_sha256.h:152:21:void mavlink_sha256_update(mavlink_sha256_ctx*, const void*, uint32_t)	88	static
/media/tramtran/DATA/Gremsy/Ethernet_COM/SleepMode/../Libraries/ThirdParty/MavlinkV2/ardupilotmega/../mavlink_sha256.h:192:21:void mavlink_sha256_final_48(mavlink_sha256_ctx*, uint8_t*)	96	static
/media/tramtran/DATA/Gremsy/Ethernet_COM/SleepMode/../Libraries/ThirdParty/MavlinkV2/ardupilotmega/../mavlink_helpers.h:77:24:uint8_t mavlink_sign_packet(mavlink_signing_t*, uint8_t*, const uint8_t*, uint8_t, const uint8_t*, uint8_t, const uint8_t*)	128	static
/media/tramtran/DATA/Gremsy/Ethernet_COM/SleepMode/../Libraries/ThirdParty/MavlinkV2/ardupilotmega/../mavlink_helpers.h:227:25:uint16_t mavlink_finalize_message_buffer(mavlink_message_t*, uint8_t, uint8_t, mavlink_status_t*, uint8_t, uint8_t, uint8_t)	64	static
/media/tramtran/DATA/Gremsy/Ethernet_COM/SleepMode/../Libraries/ThirdParty/MavlinkV2/ardupilotmega/../common/../standard/../minimal/./mavlink_msg_heartbeat.h:155:24:uint16_t mavlink_msg_heartbeat_pack_chan(uint8_t, uint8_t, uint8_t, mavlink_message_t*, uint8_t, uint8_t, uint8_t, uint32_t, uint8_t)	48	static
/media/tramtran/DATA/Gremsy/Ethernet_COM/SleepMode/../Libraries/ThirdParty/MavlinkV2/ardupilotmega/../common/../standard/../minimal/./mavlink_msg_heartbeat.h:207:24:uint16_t mavlink_msg_heartbeat_encode_chan(uint8_t, uint8_t, uint8_t, mavlink_message_t*, const mavlink_heartbeat_t*)	48	static
/media/tramtran/DATA/Gremsy/Ethernet_COM/SleepMode/../Libraries/ThirdParty/MavlinkV2/ardupilotmega/../common/../standard/../minimal/./mavlink_msg_heartbeat.h:382:20:void mavlink_msg_heartbeat_decode(const mavlink_message_t*, mavlink_heartbeat_t*)	8	static
/media/tramtran/DATA/Gremsy/Ethernet_COM/SleepMode/../Libraries/ThirdParty/MavlinkV2/ardupilotmega/../mavlink_helpers.h:127:21:bool mavlink_signature_check(mavlink_signing_t*, mavlink_signing_streams_t*, const mavlink_message_t*)	160	static
/media/tramtran/DATA/Gremsy/Ethernet_COM/SleepMode/../Libraries/ThirdParty/MavlinkV2/ardupilotmega/../mavlink_helpers.h:594:24:uint8_t mavlink_frame_char_buffer(mavlink_message_t*, mavlink_status_t*, uint8_t, mavlink_message_t*, mavlink_status_t*)	40	static
/media/tramtran/DATA/Gremsy/Ethernet_COM/SleepMode/../Libraries/ThirdParty/MavlinkV2/ardupilotmega/../mavlink_helpers.h:1004:24:uint8_t mavlink_parse_char(uint8_t, uint8_t, mavlink_message_t*, mavlink_status_t*)	24	static
/media/tramtran/DATA/Gremsy/Ethernet_COM/SleepMode/../Libraries/Modules/Base/module_base_protocol_mavlink.hpp:327:30:virtual Module::Base::ProtocolMavlink& Module::Base::ProtocolMavlink::operator+=(Module::FuncProtocolMavlinkTransmittedMessageHeartbeatCallbackType)	8	static
/media/tramtran/DATA/Gremsy/Ethernet_COM/SleepMode/../Libraries/Modules/Base/module_base_protocol_mavlink.hpp:310:30:virtual Module::Base::ProtocolMavlink& Module::Base::ProtocolMavlink::operator+=(Module::FuncProtocolMavlinkReceivedMessageHeartbeatCallbackType)	8	static
/media/tramtran/DATA/Gremsy/Ethernet_COM/SleepMode/../Libraries/Modules/Base/module_base_protocol_mavlink.hpp:293:30:virtual Module::Base::ProtocolMavlink& Module::Base::ProtocolMavlink::operator+=(Module::FuncProtocolMavlinkReceivedMessageIsNotExistCallbackType)	8	static
/media/tramtran/DATA/Gremsy/Ethernet_COM/SleepMode/../Libraries/Modules/Base/module_base_protocol_mavlink.hpp:276:30:virtual Module::Base::ProtocolMavlink& Module::Base::ProtocolMavlink::operator+=(Module::FuncProtocolMavlinkReceivedMessageCallbackType)	8	static
/media/tramtran/DATA/Gremsy/Ethernet_COM/SleepMode/../Libraries/Modules/Base/module_base_protocol_mavlink.hpp:259:30:virtual Module::Base::ProtocolMavlink& Module::Base::ProtocolMavlink::operator+=(Module::FuncProtocolMavlinkTransmittedMessageIsNotExistCallbackType)	8	static
/media/tramtran/DATA/Gremsy/Ethernet_COM/SleepMode/../Libraries/Modules/Base/module_base_protocol_mavlink.hpp:244:30:virtual Module::Base::ProtocolMavlink& Module::Base::ProtocolMavlink::operator+=(Module::FuncProtocolMavlinkTransmittedMessageCallbackType)	8	static
/media/tramtran/DATA/Gremsy/Ethernet_COM/SleepMode/../Libraries/Modules/Base/module_base_protocol_mavlink.hpp:227:30:virtual Module::Base::ProtocolMavlink& Module::Base::ProtocolMavlink::operator+=(Module::FuncProtocolMavlinkWriteCallbackType)	8	static
/media/tramtran/DATA/Gremsy/Ethernet_COM/Libraries/Modules/Protocol/Src/module_protocol_mavlink.cpp:564:12:virtual StatusEnum Module::Protocol::Mavlink::Open()	40	static
/media/tramtran/DATA/Gremsy/Ethernet_COM/Libraries/Modules/Protocol/Src/module_protocol_mavlink.cpp:635:12:virtual StatusEnum Module::Protocol::Mavlink::Close()	40	static
/media/tramtran/DATA/Gremsy/Ethernet_COM/SleepMode/../Libraries/Modules/Base/module_base_protocol_mavlink.hpp:518:24:virtual StatusEnum Module::Base::ProtocolMavlink::AddSystem(uint8_t, uint8_t)	24	static
/media/tramtran/DATA/Gremsy/Ethernet_COM/SleepMode/../Libraries/Modules/Base/module_base_protocol_mavlink.hpp:425:24:virtual StatusEnum Module::Base::ProtocolMavlink::AddRx(object, uint32_t, Module::FuncProtocolMavlinkReceivedMessageCallbackType)	24	static
/media/tramtran/DATA/Gremsy/Ethernet_COM/SleepMode/../Libraries/Modules/Base/module_base_protocol_mavlink.hpp:361:24:virtual StatusEnum Module::Base::ProtocolMavlink::AddTx(object, uint32_t, Module::FuncProtocolMavlinkTransmittedMessageCallbackType, uint32_t)	24	static
/media/tramtran/DATA/Gremsy/Ethernet_COM/SleepMode/../Libraries/Modules/Base/module_base_protocol_mavlink.hpp:463:24:virtual StatusEnum Module::Base::ProtocolMavlink::RemoveRx(uint32_t)	16	static
/media/tramtran/DATA/Gremsy/Ethernet_COM/SleepMode/../Libraries/Modules/Base/module_base_protocol_mavlink.hpp:401:24:virtual StatusEnum Module::Base::ProtocolMavlink::RemoveTx(uint32_t)	16	static
/media/tramtran/DATA/Gremsy/Ethernet_COM/SleepMode/../Libraries/RTOS/Base/Inc/rtos_base_common.hpp:65:13:virtual RTOS::Base::Common::~Common()	8	static
/media/tramtran/DATA/Gremsy/Ethernet_COM/SleepMode/../Libraries/RTOS/Base/Inc/rtos_base_task.hpp:84:13:RTOS::Base::Task::~Task()	8	static
/media/tramtran/DATA/Gremsy/Ethernet_COM/SleepMode/../Libraries/RTOS/Base/Inc/rtos_base_task.hpp:84:13:virtual RTOS::Base::Task::~Task()	8	static
/media/tramtran/DATA/Gremsy/Ethernet_COM/SleepMode/../Libraries/Modules/Base/module_base_common.hpp:77:13:Module::Base::Common::~Common()	16	static
/media/tramtran/DATA/Gremsy/Ethernet_COM/SleepMode/../Libraries/Modules/Base/module_base_common.hpp:77:13:virtual Module::Base::Common::~Common()	8	static
/media/tramtran/DATA/Gremsy/Ethernet_COM/SleepMode/../Libraries/RTOS/CMSIS_OS_V2/Inc/rtos_cmsis_os_v2_task_event.hpp:102:13:RTOS::TaskEvent::~TaskEvent()	8	static
/media/tramtran/DATA/Gremsy/Ethernet_COM/SleepMode/../Libraries/Modules/Base/module_base_protocol_mavlink.hpp:168:13:Module::Base::ProtocolMavlink::~ProtocolMavlink()	8	static
/media/tramtran/DATA/Gremsy/Ethernet_COM/SleepMode/../Libraries/Modules/Base/module_base_protocol_mavlink.hpp:168:13:virtual Module::Base::ProtocolMavlink::~ProtocolMavlink()	8	static
/media/tramtran/DATA/Gremsy/Ethernet_COM/SleepMode/../Libraries/Modules/Protocol/Inc/module_protocol_mavlink.hpp:41:25:Module::Protocol::Mavlink::~Mavlink()	8	static
/media/tramtran/DATA/Gremsy/Ethernet_COM/SleepMode/../Libraries/Modules/Protocol/Inc/module_protocol_mavlink.hpp:41:25:virtual Module::Protocol::Mavlink::~Mavlink()	8	static
/media/tramtran/DATA/Gremsy/Ethernet_COM/SleepMode/../Libraries/RTOS/CMSIS_OS_V2/Inc/rtos_cmsis_os_v2_task_event.hpp:102:13:virtual RTOS::TaskEvent::~TaskEvent()	8	static
/media/tramtran/DATA/Gremsy/Ethernet_COM/Libraries/Modules/Protocol/Src/module_protocol_mavlink.cpp:249:12:StatusEnum Module::Protocol::Mavlink::ReceivedMessageHanlde(mavlink_message_t*)	16	static
/media/tramtran/DATA/Gremsy/Ethernet_COM/Libraries/Modules/Protocol/Src/module_protocol_mavlink.cpp:287:12:StatusEnum Module::Protocol::Mavlink::TransmittedMessageContinuousResetTime()	8	static
/media/tramtran/DATA/Gremsy/Ethernet_COM/Libraries/Modules/Protocol/Src/module_protocol_mavlink.cpp:316:12:StatusEnum Module::Protocol::Mavlink::TransmittedMessageOnce()	16	static
/media/tramtran/DATA/Gremsy/Ethernet_COM/Libraries/Modules/Protocol/Src/module_protocol_mavlink.cpp:383:12:StatusEnum Module::Protocol::Mavlink::TransmittedContinousOneByOneProcess()	0	static
/media/tramtran/DATA/Gremsy/Ethernet_COM/Libraries/Modules/Protocol/Src/module_protocol_mavlink.cpp:394:12:StatusEnum Module::Protocol::Mavlink::TransmittedContinousManyAtOnceProcess()	24	static
/media/tramtran/DATA/Gremsy/Ethernet_COM/Libraries/Modules/Protocol/Src/module_protocol_mavlink.cpp:446:12:StatusEnum Module::Protocol::Mavlink::TransmittedMessageHeartbeat()	56	static
/media/tramtran/DATA/Gremsy/Ethernet_COM/Libraries/Modules/Protocol/Src/module_protocol_mavlink.cpp:67:6:void Module::Protocol::Mavlink::__TaskProcess()	32	static
/media/tramtran/DATA/Gremsy/Ethernet_COM/Libraries/Modules/Protocol/Src/module_protocol_mavlink.cpp:56:13:void module_protocol_mavlink_task_process(void*)	8	static
/media/tramtran/DATA/Gremsy/Ethernet_COM/Libraries/Modules/Protocol/Src/module_protocol_mavlink.cpp:515:12:StatusEnum Module::Protocol::Mavlink::ReceivedMessageHeartbeat()	32	static
/media/tramtran/DATA/Gremsy/Ethernet_COM/Libraries/Modules/Protocol/Src/module_protocol_mavlink.cpp:215:12:StatusEnum Module::Protocol::Mavlink::Parse(uint8_t)	16	static
/media/tramtran/DATA/Gremsy/Ethernet_COM/Libraries/Modules/Protocol/Src/module_protocol_mavlink.cpp:555:12:virtual StatusEnum Module::Protocol::Mavlink::ReceivedByte(uint8_t)	8	static
