/media/tramtran/DATA/Gremsy/Ethernet_COM/SleepMode/../Libraries/RTOS/Base/Inc/rtos_base_mutex.hpp:71:10:void RTOS::Base::SemaphoreBase::lock()	16	static
/media/tramtran/DATA/Gremsy/Ethernet_COM/SleepMode/../Libraries/RTOS/Base/Inc/rtos_base_mutex.hpp:125:10:void RTOS::Base::SemaphoreBase::unlock()	16	static
/media/tramtran/DATA/Gremsy/Ethernet_COM/Libraries/Modules/ENC28J60/enc28j60.cpp:40:1:ENC28J60::ENC28J60(HW::Peripheral::Spi&)	8	static
/media/tramtran/DATA/Gremsy/Ethernet_COM/Libraries/Modules/ENC28J60/enc28j60.cpp:44:6:void ENC28J60::SetCS(ENC28J60_CS_State)	16	static
/media/tramtran/DATA/Gremsy/Ethernet_COM/Libraries/Modules/ENC28J60/enc28j60.cpp:60:6:void ENC28J60::WriteBytes(uint8_t*, uint16_t)	16	static
/media/tramtran/DATA/Gremsy/Ethernet_COM/Libraries/Modules/ENC28J60/enc28j60.cpp:70:6:void ENC28J60::WriteByte(uint8_t)	16	static
/media/tramtran/DATA/Gremsy/Ethernet_COM/Libraries/Modules/ENC28J60/enc28j60.cpp:79:9:uint8_t ENC28J60::ReadByte()	24	static
/media/tramtran/DATA/Gremsy/Ethernet_COM/Libraries/Modules/ENC28J60/enc28j60.cpp:93:18:ENC28J60_RegType ENC28J60::getRegType(uint8_t)	0	static
/media/tramtran/DATA/Gremsy/Ethernet_COM/Libraries/Modules/ENC28J60/enc28j60.cpp:102:18:ENC28J60_RegBank ENC28J60::getRegBank(uint8_t)	0	static
/media/tramtran/DATA/Gremsy/Ethernet_COM/Libraries/Modules/ENC28J60/enc28j60.cpp:111:9:uint8_t ENC28J60::getRegAddr(uint8_t)	0	static
/media/tramtran/DATA/Gremsy/Ethernet_COM/Libraries/Modules/ENC28J60/enc28j60.cpp:120:6:void ENC28J60::WriteCommand(ENC28J60_Command, uint8_t)	8	static
/media/tramtran/DATA/Gremsy/Ethernet_COM/Libraries/Modules/ENC28J60/enc28j60.cpp:130:6:void ENC28J60::CheckBank(uint8_t)	16	static
/media/tramtran/DATA/Gremsy/Ethernet_COM/Libraries/Modules/ENC28J60/enc28j60.cpp:160:6:void ENC28J60::BitFieldSet(uint8_t, uint8_t)	24	static
/media/tramtran/DATA/Gremsy/Ethernet_COM/Libraries/Modules/ENC28J60/enc28j60.cpp:174:6:void ENC28J60::BitFieldClear(uint8_t, uint8_t)	24	static
/media/tramtran/DATA/Gremsy/Ethernet_COM/Libraries/Modules/ENC28J60/enc28j60.cpp:188:9:uint8_t ENC28J60::ReadControlReg(uint8_t)	24	static
/media/tramtran/DATA/Gremsy/Ethernet_COM/Libraries/Modules/ENC28J60/enc28j60.cpp:208:9:uint8_t ENC28J60::GetRevisionID()	8	static
/media/tramtran/DATA/Gremsy/Ethernet_COM/Libraries/Modules/ENC28J60/enc28j60.cpp:263:6:void ENC28J60::WriteControlReg(uint8_t, uint8_t)	24	static
/media/tramtran/DATA/Gremsy/Ethernet_COM/Libraries/Modules/ENC28J60/enc28j60.cpp:277:6:void ENC28J60::WriteControlRegPair(uint8_t, uint16_t)	16	static
/media/tramtran/DATA/Gremsy/Ethernet_COM/Libraries/Modules/ENC28J60/enc28j60.cpp:224:6:void ENC28J60::RescueRx()	24	static
/media/tramtran/DATA/Gremsy/Ethernet_COM/Libraries/Modules/ENC28J60/enc28j60.cpp:286:10:uint16_t ENC28J60::ReadControlRegPair(uint8_t)	16	static
/media/tramtran/DATA/Gremsy/Ethernet_COM/Libraries/Modules/ENC28J60/enc28j60.cpp:296:6:void ENC28J60::WriteBufferMem(uint8_t*, uint16_t)	16	static
/media/tramtran/DATA/Gremsy/Ethernet_COM/Libraries/Modules/ENC28J60/enc28j60.cpp:308:6:bool ENC28J60::ReadBufferMem(uint8_t*, uint16_t)	24	static
/media/tramtran/DATA/Gremsy/Ethernet_COM/Libraries/Modules/ENC28J60/enc28j60.cpp:332:6:void ENC28J60::SystemReset()	8	static
/media/tramtran/DATA/Gremsy/Ethernet_COM/Libraries/Modules/ENC28J60/enc28j60.cpp:345:10:uint16_t ENC28J60::ReadPhyReg(uint8_t)	8	static
/media/tramtran/DATA/Gremsy/Ethernet_COM/Libraries/Modules/ENC28J60/enc28j60.cpp:364:6:void ENC28J60::StartReceiving()	8	static
/media/tramtran/DATA/Gremsy/Ethernet_COM/Libraries/Modules/ENC28J60/enc28j60.cpp:372:6:void ENC28J60::WritePhyReg(uint8_t, uint16_t)	16	static
/media/tramtran/DATA/Gremsy/Ethernet_COM/Libraries/Modules/ENC28J60/enc28j60.cpp:385:6:bool ENC28J60::Init()	16	static
/media/tramtran/DATA/Gremsy/Ethernet_COM/Libraries/Modules/ENC28J60/enc28j60.cpp:431:10:uint16_t ENC28J60::ReceiveFrame(ENC28J60_Frame*)	32	static
/media/tramtran/DATA/Gremsy/Ethernet_COM/Libraries/Modules/ENC28J60/enc28j60.cpp:488:12:StatusEnum ENC28J60::TransmitFrame(uint8_t*, uint16_t)	40	static
