/media/tramtran/DATA/Gremsy/Ethernet_COM/SleepMode/../Libraries/RTOS/Base/Inc/rtos_base_common.hpp:65:13:RTOS::Base::Common::~Common()	0	static
/media/tramtran/DATA/Gremsy/Ethernet_COM/SleepMode/../Libraries/RTOS/Base/Inc/rtos_base_common.hpp:79:24:virtual StatusEnum RTOS::Base::Common::Open()	0	static
/media/tramtran/DATA/Gremsy/Ethernet_COM/SleepMode/../Libraries/RTOS/Base/Inc/rtos_base_common.hpp:85:24:virtual StatusEnum RTOS::Base::Common::Close()	0	static
/media/tramtran/DATA/Gremsy/Ethernet_COM/SleepMode/../Libraries/RTOS/Base/Inc/rtos_base_common.hpp:92:18:virtual bool RTOS::Base::Common::IsOpen()	0	static
/media/tramtran/DATA/Gremsy/Ethernet_COM/Libraries/RTOS/Base/Src/rtos_base_stream_buffer.cpp:38:12:virtual StatusEnum RTOS::Base::StreamBuffer::Close()	8	static
/media/tramtran/DATA/Gremsy/Ethernet_COM/SleepMode/../Libraries/RTOS/Base/Inc/rtos_base_stream_buffer.hpp:58:5:RTOS::Base::StreamBuffer::~StreamBuffer()	8	static
/media/tramtran/DATA/Gremsy/Ethernet_COM/SleepMode/../Libraries/RTOS/Base/Inc/rtos_base_common.hpp:65:13:virtual RTOS::Base::Common::~Common()	8	static
/media/tramtran/DATA/Gremsy/Ethernet_COM/SleepMode/../Libraries/RTOS/Base/Inc/rtos_base_stream_buffer.hpp:58:5:virtual RTOS::Base::StreamBuffer::~StreamBuffer()	8	static
/media/tramtran/DATA/Gremsy/Ethernet_COM/SleepMode/../Libraries/RTOS/Base/Inc/rtos_base_mutex.hpp:71:10:void RTOS::Base::SemaphoreBase::lock()	16	static
/media/tramtran/DATA/Gremsy/Ethernet_COM/SleepMode/../Libraries/RTOS/Base/Inc/rtos_base_mutex.hpp:125:10:void RTOS::Base::SemaphoreBase::unlock()	16	static
/media/tramtran/DATA/Gremsy/Ethernet_COM/Libraries/RTOS/Base/Src/rtos_base_stream_buffer.cpp:58:10:uint16_t RTOS::Base::StreamBuffer::DoSend(void*, uint16_t, uint32_t)	32	static
/media/tramtran/DATA/Gremsy/Ethernet_COM/Libraries/RTOS/Base/Src/rtos_base_stream_buffer.cpp:79:10:uint16_t RTOS::Base::StreamBuffer::DoReceive(void*, uint16_t, uint32_t)	32	static
/media/tramtran/DATA/Gremsy/Ethernet_COM/Libraries/RTOS/Base/Src/rtos_base_stream_buffer.cpp:100:10:uint16_t RTOS::Base::StreamBuffer::Send(const char*, uint32_t)	16	static
/media/tramtran/DATA/Gremsy/Ethernet_COM/Libraries/RTOS/Base/Src/rtos_base_stream_buffer.cpp:105:10:uint16_t RTOS::Base::StreamBuffer::Send(char*, uint16_t, uint32_t)	8	static
/media/tramtran/DATA/Gremsy/Ethernet_COM/Libraries/RTOS/Base/Src/rtos_base_stream_buffer.cpp:110:10:uint16_t RTOS::Base::StreamBuffer::Send(uint8_t*, uint16_t, uint32_t)	8	static
/media/tramtran/DATA/Gremsy/Ethernet_COM/Libraries/RTOS/Base/Src/rtos_base_stream_buffer.cpp:115:10:uint16_t RTOS::Base::StreamBuffer::Send(void*, uint16_t, uint32_t)	8	static
/media/tramtran/DATA/Gremsy/Ethernet_COM/Libraries/RTOS/Base/Src/rtos_base_stream_buffer.cpp:120:10:uint16_t RTOS::Base::StreamBuffer::Receive(void*, uint16_t, uint32_t)	8	static
