/media/tramtran/DATA/Gremsy/Ethernet_COM/Libraries/Type/ArrayPointer/Src/node.cpp:61:12:StatusEnum Type::Node::Search(uint32_t, uint32_t*)	8	static
/media/tramtran/DATA/Gremsy/Ethernet_COM/Libraries/Type/ArrayPointer/Src/node.cpp:43:7:void* Type::Node::operator[](uint32_t)	16	static
/media/tramtran/DATA/Gremsy/Ethernet_COM/Libraries/Type/ArrayPointer/Src/node.cpp:96:12:StatusEnum Type::Node::SearchEmpty(uint32_t*)	8	static
/media/tramtran/DATA/Gremsy/Ethernet_COM/Libraries/Type/ArrayPointer/Src/node.cpp:113:12:StatusEnum Type::Node::SearchLast(uint32_t*)	8	static
/media/tramtran/DATA/Gremsy/Ethernet_COM/Libraries/Type/ArrayPointer/Src/node.cpp:136:12:StatusEnum Type::Node::RemoveFist()	24	static
/media/tramtran/DATA/Gremsy/Ethernet_COM/Libraries/Type/ArrayPointer/Src/node.cpp:161:12:StatusEnum Type::Node::RemoveLast()	24	static
/media/tramtran/DATA/Gremsy/Ethernet_COM/Libraries/Type/ArrayPointer/Src/node.cpp:180:12:StatusEnum Type::Node::RemoveAt(uint32_t)	32	static
/media/tramtran/DATA/Gremsy/Ethernet_COM/Libraries/Type/ArrayPointer/Src/node.cpp:218:7:void* Type::Node::TakeFist()	8	static
/media/tramtran/DATA/Gremsy/Ethernet_COM/Libraries/Type/ArrayPointer/Src/node.cpp:228:7:void* Type::Node::TakeLast()	24	static
/media/tramtran/DATA/Gremsy/Ethernet_COM/Libraries/Type/ArrayPointer/Src/node.cpp:248:7:void* Type::Node::TakeAt(uint32_t)	32	static
/media/tramtran/DATA/Gremsy/Ethernet_COM/Libraries/Type/ArrayPointer/Src/node.cpp:291:12:StatusEnum Type::Node::Append(void*)	24	static
/media/tramtran/DATA/Gremsy/Ethernet_COM/Libraries/Type/ArrayPointer/Src/node.cpp:308:12:StatusEnum Type::Node::Insert(uint32_t, void*)	32	static
