/media/tramtran/DATA/Gremsy/Ethernet_COM/SleepMode/../Libraries/Hardware/Base/Inc/hardware_base_common.hpp:69:13:HW::Base::Common::~Common()	0	static
/media/tramtran/DATA/Gremsy/Ethernet_COM/SleepMode/../Libraries/Hardware/Base/Inc/hardware_base_common.hpp:84:24:virtual StatusEnum HW::Base::Common::Open()	0	static
/media/tramtran/DATA/Gremsy/Ethernet_COM/SleepMode/../Libraries/Hardware/Base/Inc/hardware_base_common.hpp:90:24:virtual StatusEnum HW::Base::Common::Close()	0	static
/media/tramtran/DATA/Gremsy/Ethernet_COM/SleepMode/../Libraries/Hardware/Base/Inc/hardware_base_common.hpp:96:18:virtual bool HW::Base::Common::IsOpen()	0	static
/media/tramtran/DATA/Gremsy/Ethernet_COM/SleepMode/../Libraries/Hardware/Base/Inc/hardware_base_peripheral_i2c.hpp:63:25:virtual StatusEnum HW::Base::I2c::SendMem(uint16_t, uint8_t)	0	static
/media/tramtran/DATA/Gremsy/Ethernet_COM/SleepMode/../Libraries/Hardware/Base/Inc/hardware_base_peripheral_i2c.hpp:70:25:virtual StatusEnum HW::Base::I2c::Write(uint8_t*, int)	0	static
/media/tramtran/DATA/Gremsy/Ethernet_COM/SleepMode/../Libraries/Hardware/Base/Inc/hardware_base_peripheral_i2c.hpp:73:25:virtual StatusEnum HW::Base::I2c::GetMem(uint16_t, uint8_t*)	0	static
/media/tramtran/DATA/Gremsy/Ethernet_COM/SleepMode/../Libraries/Hardware/Base/Inc/hardware_base_peripheral_i2c.hpp:77:25:virtual StatusEnum HW::Base::I2c::Read(uint8_t*, int)	0	static
/media/tramtran/DATA/Gremsy/Ethernet_COM/SleepMode/../Libraries/Hardware/Base/Inc/hardware_base_peripheral_i2c.hpp:79:25:virtual StatusEnum HW::Base::I2c::Reset()	0	static
/media/tramtran/DATA/Gremsy/Ethernet_COM/Libraries/Hardware/Stm32U5/Src/hardware_u5_peripheral_i2c.cpp:47:29:HW::Peripheral::I2c* hardware_u5_peripheral_i2c_get_pinstance(I2C_HandleTypeDef*)	0	static
/media/tramtran/DATA/Gremsy/Ethernet_COM/SleepMode/../Libraries/Hardware/Base/Inc/hardware_base_peripheral_i2c.hpp:41:17:HW::Base::I2c::~I2c()	0	static
/media/tramtran/DATA/Gremsy/Ethernet_COM/SleepMode/../Libraries/Hardware/Stm32U5/Inc/hardware_u5_peripheral_i2c.hpp:45:23:HW::Peripheral::I2c::~I2c()	0	static
/media/tramtran/DATA/Gremsy/Ethernet_COM/Libraries/Hardware/Stm32U5/Src/hardware_u5_peripheral_i2c.cpp:379:12:virtual StatusEnum HW::Peripheral::I2c::Reset()	8	static
/media/tramtran/DATA/Gremsy/Ethernet_COM/Libraries/Hardware/Stm32U5/Src/hardware_u5_peripheral_i2c.cpp:400:12:virtual StatusEnum HW::Peripheral::I2c::Open()	16	static
/media/tramtran/DATA/Gremsy/Ethernet_COM/Libraries/Hardware/Stm32U5/Src/hardware_u5_peripheral_i2c.cpp:60:13:void hardware_u5_peripheral_i2c_ErrorCallback(I2C_HandleTypeDef*)	8	static
/media/tramtran/DATA/Gremsy/Ethernet_COM/Libraries/Hardware/Stm32U5/Src/hardware_u5_peripheral_i2c.cpp:92:13:void hardware_u5_peripheral_i2c_MemRxCpltCallback(I2C_HandleTypeDef*)	8	static
/media/tramtran/DATA/Gremsy/Ethernet_COM/Libraries/Hardware/Stm32U5/Src/hardware_u5_peripheral_i2c.cpp:86:13:void hardware_u5_peripheral_i2c_MemTxCpltCallback(I2C_HandleTypeDef*)	8	static
/media/tramtran/DATA/Gremsy/Ethernet_COM/Libraries/Hardware/Stm32U5/Src/hardware_u5_peripheral_i2c.cpp:80:13:void hardware_u5_peripheral_i2c_MasterRxCpltCallback(I2C_HandleTypeDef*)	8	static
/media/tramtran/DATA/Gremsy/Ethernet_COM/Libraries/Hardware/Stm32U5/Src/hardware_u5_peripheral_i2c.cpp:74:13:void hardware_u5_peripheral_i2c_MasterTxCpltCallback(I2C_HandleTypeDef*)	8	static
/media/tramtran/DATA/Gremsy/Ethernet_COM/Libraries/Hardware/Stm32U5/Src/hardware_u5_peripheral_i2c.cpp:460:12:virtual StatusEnum HW::Peripheral::I2c::Close()	16	static
/media/tramtran/DATA/Gremsy/Ethernet_COM/SleepMode/../Libraries/Hardware/Stm32U5/Inc/hardware_u5_peripheral_i2c.hpp:45:23:virtual HW::Peripheral::I2c::~I2c()	8	static
/media/tramtran/DATA/Gremsy/Ethernet_COM/SleepMode/../Libraries/Hardware/Base/Inc/hardware_base_peripheral_i2c.hpp:41:17:virtual HW::Base::I2c::~I2c()	8	static
/media/tramtran/DATA/Gremsy/Ethernet_COM/SleepMode/../Libraries/Hardware/Base/Inc/hardware_base_common.hpp:69:13:virtual HW::Base::Common::~Common()	8	static
/media/tramtran/DATA/Gremsy/Ethernet_COM/Libraries/Hardware/Stm32U5/Src/hardware_u5_peripheral_i2c.cpp:104:12:StatusEnum HW::Peripheral::I2c::WaitTxDone(uint32_t)	8	static
/media/tramtran/DATA/Gremsy/Ethernet_COM/Libraries/Hardware/Stm32U5/Src/hardware_u5_peripheral_i2c.cpp:126:12:StatusEnum HW::Peripheral::I2c::WaitRxDone(uint32_t)	8	static
/media/tramtran/DATA/Gremsy/Ethernet_COM/Libraries/Hardware/Stm32U5/Src/hardware_u5_peripheral_i2c.cpp:152:12:StatusEnum HW::Peripheral::I2c::SendMem_Polling(uint16_t, uint8_t)	32	static
/media/tramtran/DATA/Gremsy/Ethernet_COM/Libraries/Hardware/Stm32U5/Src/hardware_u5_peripheral_i2c.cpp:163:12:StatusEnum HW::Peripheral::I2c::GetMem_Polling(uint16_t, uint8_t*)	24	static
/media/tramtran/DATA/Gremsy/Ethernet_COM/Libraries/Hardware/Stm32U5/Src/hardware_u5_peripheral_i2c.cpp:175:12:StatusEnum HW::Peripheral::I2c::Write_Polling(uint8_t*, int)	16	static
/media/tramtran/DATA/Gremsy/Ethernet_COM/Libraries/Hardware/Stm32U5/Src/hardware_u5_peripheral_i2c.cpp:186:12:StatusEnum HW::Peripheral::I2c::Read_Polling(uint8_t*, int)	16	static
/media/tramtran/DATA/Gremsy/Ethernet_COM/Libraries/Hardware/Stm32U5/Src/hardware_u5_peripheral_i2c.cpp:201:12:StatusEnum HW::Peripheral::I2c::SendMem_IT(uint16_t, uint8_t)	16	static
/media/tramtran/DATA/Gremsy/Ethernet_COM/Libraries/Hardware/Stm32U5/Src/hardware_u5_peripheral_i2c.cpp:218:12:StatusEnum HW::Peripheral::I2c::GetMem_IT(uint16_t, uint8_t*)	16	static
/media/tramtran/DATA/Gremsy/Ethernet_COM/Libraries/Hardware/Stm32U5/Src/hardware_u5_peripheral_i2c.cpp:234:12:StatusEnum HW::Peripheral::I2c::Write_IT(uint8_t*, int)	16	static
/media/tramtran/DATA/Gremsy/Ethernet_COM/Libraries/Hardware/Stm32U5/Src/hardware_u5_peripheral_i2c.cpp:249:12:StatusEnum HW::Peripheral::I2c::Read_IT(uint8_t*, int)	16	static
/media/tramtran/DATA/Gremsy/Ethernet_COM/Libraries/Hardware/Stm32U5/Src/hardware_u5_peripheral_i2c.cpp:268:12:StatusEnum HW::Peripheral::I2c::SendMem_DMA(uint16_t, uint8_t)	16	static
/media/tramtran/DATA/Gremsy/Ethernet_COM/Libraries/Hardware/Stm32U5/Src/hardware_u5_peripheral_i2c.cpp:335:12:virtual StatusEnum HW::Peripheral::I2c::SendMem(uint16_t, uint8_t)	8	static
/media/tramtran/DATA/Gremsy/Ethernet_COM/Libraries/Hardware/Stm32U5/Src/hardware_u5_peripheral_i2c.cpp:285:12:StatusEnum HW::Peripheral::I2c::GetMem_DMA(uint16_t, uint8_t*)	16	static
/media/tramtran/DATA/Gremsy/Ethernet_COM/Libraries/Hardware/Stm32U5/Src/hardware_u5_peripheral_i2c.cpp:346:12:virtual StatusEnum HW::Peripheral::I2c::GetMem(uint16_t, uint8_t*)	8	static
/media/tramtran/DATA/Gremsy/Ethernet_COM/Libraries/Hardware/Stm32U5/Src/hardware_u5_peripheral_i2c.cpp:301:12:StatusEnum HW::Peripheral::I2c::Write_DMA(uint8_t*, int)	16	static
/media/tramtran/DATA/Gremsy/Ethernet_COM/Libraries/Hardware/Stm32U5/Src/hardware_u5_peripheral_i2c.cpp:357:12:virtual StatusEnum HW::Peripheral::I2c::Write(uint8_t*, int)	8	static
/media/tramtran/DATA/Gremsy/Ethernet_COM/Libraries/Hardware/Stm32U5/Src/hardware_u5_peripheral_i2c.cpp:316:12:StatusEnum HW::Peripheral::I2c::Read_DMA(uint8_t*, int)	16	static
/media/tramtran/DATA/Gremsy/Ethernet_COM/Libraries/Hardware/Stm32U5/Src/hardware_u5_peripheral_i2c.cpp:368:12:virtual StatusEnum HW::Peripheral::I2c::Read(uint8_t*, int)	8	static
