/media/tramtran/DATA/Gremsy/Ethernet_COM/SleepMode/../Libraries/Hardware/Base/Inc/hardware_base_common.hpp:69:13:HW::Base::Common::~Common()	0	static
/media/tramtran/DATA/Gremsy/Ethernet_COM/SleepMode/../Libraries/Hardware/Base/Inc/hardware_base_common.hpp:84:24:virtual StatusEnum HW::Base::Common::Open()	0	static
/media/tramtran/DATA/Gremsy/Ethernet_COM/SleepMode/../Libraries/Hardware/Base/Inc/hardware_base_common.hpp:90:24:virtual StatusEnum HW::Base::Common::Close()	0	static
/media/tramtran/DATA/Gremsy/Ethernet_COM/SleepMode/../Libraries/Hardware/Base/Inc/hardware_base_common.hpp:96:18:virtual bool HW::Base::Common::IsOpen()	0	static
/media/tramtran/DATA/Gremsy/Ethernet_COM/SleepMode/../Libraries/Hardware/Base/Inc/hardware_base_peripheral_flash.hpp:59:24:virtual StatusEnum HW::Base::Flash::Earse()	0	static
/media/tramtran/DATA/Gremsy/Ethernet_COM/SleepMode/../Libraries/Hardware/Base/Inc/hardware_base_peripheral_flash.hpp:65:22:virtual uint32_t HW::Base::Flash::GetSize()	0	static
/media/tramtran/DATA/Gremsy/Ethernet_COM/SleepMode/../Libraries/Hardware/Base/Inc/hardware_base_peripheral_flash.hpp:73:24:virtual StatusEnum HW::Base::Flash::Write(uint32_t, uint8_t*, int)	0	static
/media/tramtran/DATA/Gremsy/Ethernet_COM/SleepMode/../Libraries/Hardware/Base/Inc/hardware_base_peripheral_flash.hpp:74:24:virtual StatusEnum HW::Base::Flash::Write(uint32_t, const char*)	0	static
/media/tramtran/DATA/Gremsy/Ethernet_COM/SleepMode/../Libraries/Hardware/Base/Inc/hardware_base_peripheral_flash.hpp:75:24:virtual StatusEnum HW::Base::Flash::Write(uint32_t, uint8_t)	0	static
/media/tramtran/DATA/Gremsy/Ethernet_COM/SleepMode/../Libraries/Hardware/Base/Inc/hardware_base_peripheral_flash.hpp:76:24:virtual StatusEnum HW::Base::Flash::Write(uint32_t, uint16_t)	0	static
/media/tramtran/DATA/Gremsy/Ethernet_COM/SleepMode/../Libraries/Hardware/Base/Inc/hardware_base_peripheral_flash.hpp:77:24:virtual StatusEnum HW::Base::Flash::Write(uint32_t, uint32_t)	0	static
/media/tramtran/DATA/Gremsy/Ethernet_COM/SleepMode/../Libraries/Hardware/Base/Inc/hardware_base_peripheral_flash.hpp:78:24:virtual StatusEnum HW::Base::Flash::Write(uint32_t, uint64_t)	0	static
/media/tramtran/DATA/Gremsy/Ethernet_COM/SleepMode/../Libraries/Hardware/Base/Inc/hardware_base_peripheral_flash.hpp:86:24:virtual StatusEnum HW::Base::Flash::Read(uint32_t, uint8_t*, int)	0	static
/media/tramtran/DATA/Gremsy/Ethernet_COM/SleepMode/../Libraries/Hardware/Base/Inc/hardware_base_peripheral_flash.hpp:87:24:virtual StatusEnum HW::Base::Flash::Read(uint32_t, uint8_t*)	0	static
/media/tramtran/DATA/Gremsy/Ethernet_COM/SleepMode/../Libraries/Hardware/Base/Inc/hardware_base_peripheral_flash.hpp:88:24:virtual StatusEnum HW::Base::Flash::Read(uint32_t, uint16_t*)	0	static
/media/tramtran/DATA/Gremsy/Ethernet_COM/SleepMode/../Libraries/Hardware/Base/Inc/hardware_base_peripheral_flash.hpp:89:24:virtual StatusEnum HW::Base::Flash::Read(uint32_t, uint32_t*)	0	static
/media/tramtran/DATA/Gremsy/Ethernet_COM/SleepMode/../Libraries/Hardware/Base/Inc/hardware_base_peripheral_flash.hpp:90:24:virtual StatusEnum HW::Base::Flash::Read(uint32_t, uint64_t*)	0	static
/media/tramtran/DATA/Gremsy/Ethernet_COM/Libraries/Hardware/Stm32U5/Src/hardware_u5_peripheral_flash.cpp:199:12:virtual StatusEnum HW::Peripheral::Flash::Write(uint32_t, uint8_t)	16	static
/media/tramtran/DATA/Gremsy/Ethernet_COM/Libraries/Hardware/Stm32U5/Src/hardware_u5_peripheral_flash.cpp:204:12:virtual StatusEnum HW::Peripheral::Flash::Write(uint32_t, uint16_t)	16	static
/media/tramtran/DATA/Gremsy/Ethernet_COM/Libraries/Hardware/Stm32U5/Src/hardware_u5_peripheral_flash.cpp:209:12:virtual StatusEnum HW::Peripheral::Flash::Write(uint32_t, uint32_t)	16	static
/media/tramtran/DATA/Gremsy/Ethernet_COM/Libraries/Hardware/Stm32U5/Src/hardware_u5_peripheral_flash.cpp:214:12:virtual StatusEnum HW::Peripheral::Flash::Write(uint32_t, uint64_t)	16	static
/media/tramtran/DATA/Gremsy/Ethernet_COM/Libraries/Hardware/Stm32U5/Src/hardware_u5_peripheral_flash.cpp:219:12:virtual StatusEnum HW::Peripheral::Flash::Read(uint32_t, uint8_t*, int)	8	static
/media/tramtran/DATA/Gremsy/Ethernet_COM/Libraries/Hardware/Stm32U5/Src/hardware_u5_peripheral_flash.cpp:240:12:virtual StatusEnum HW::Peripheral::Flash::Read(uint32_t, uint8_t*)	8	static
/media/tramtran/DATA/Gremsy/Ethernet_COM/Libraries/Hardware/Stm32U5/Src/hardware_u5_peripheral_flash.cpp:245:12:virtual StatusEnum HW::Peripheral::Flash::Read(uint32_t, uint16_t*)	8	static
/media/tramtran/DATA/Gremsy/Ethernet_COM/Libraries/Hardware/Stm32U5/Src/hardware_u5_peripheral_flash.cpp:250:12:virtual StatusEnum HW::Peripheral::Flash::Read(uint32_t, uint32_t*)	8	static
/media/tramtran/DATA/Gremsy/Ethernet_COM/Libraries/Hardware/Stm32U5/Src/hardware_u5_peripheral_flash.cpp:255:12:virtual StatusEnum HW::Peripheral::Flash::Read(uint32_t, uint64_t*)	8	static
/media/tramtran/DATA/Gremsy/Ethernet_COM/Libraries/Hardware/Stm32U5/Src/hardware_u5_peripheral_flash.cpp:260:10:virtual uint32_t HW::Peripheral::Flash::GetSize()	0	static
/media/tramtran/DATA/Gremsy/Ethernet_COM/Libraries/Hardware/Stm32U5/Src/hardware_u5_peripheral_flash.cpp:269:12:virtual StatusEnum HW::Peripheral::Flash::Open()	0	static
/media/tramtran/DATA/Gremsy/Ethernet_COM/Libraries/Hardware/Stm32U5/Src/hardware_u5_peripheral_flash.cpp:287:12:virtual StatusEnum HW::Peripheral::Flash::Close()	0	static
/media/tramtran/DATA/Gremsy/Ethernet_COM/SleepMode/../Libraries/Hardware/Base/Inc/hardware_base_peripheral_flash.hpp:40:17:HW::Base::Flash::~Flash()	0	static
/media/tramtran/DATA/Gremsy/Ethernet_COM/SleepMode/../Libraries/Hardware/Stm32U5/Inc/hardware_u5_peripheral_flash.hpp:33:23:HW::Peripheral::Flash::~Flash()	0	static
/media/tramtran/DATA/Gremsy/Ethernet_COM/Libraries/Hardware/Stm32U5/Src/hardware_u5_peripheral_flash.cpp:40:12:virtual StatusEnum HW::Peripheral::Flash::Earse()	32	static
/media/tramtran/DATA/Gremsy/Ethernet_COM/Libraries/Hardware/Stm32U5/Src/hardware_u5_peripheral_flash.cpp:134:12:virtual StatusEnum HW::Peripheral::Flash::Write(uint32_t, uint8_t*, int)	48	static
/media/tramtran/DATA/Gremsy/Ethernet_COM/Libraries/Hardware/Stm32U5/Src/hardware_u5_peripheral_flash.cpp:194:12:virtual StatusEnum HW::Peripheral::Flash::Write(uint32_t, const char*)	24	static
/media/tramtran/DATA/Gremsy/Ethernet_COM/SleepMode/../Libraries/Hardware/Stm32U5/Inc/hardware_u5_peripheral_flash.hpp:33:23:virtual HW::Peripheral::Flash::~Flash()	8	static
/media/tramtran/DATA/Gremsy/Ethernet_COM/SleepMode/../Libraries/Hardware/Base/Inc/hardware_base_peripheral_flash.hpp:40:17:virtual HW::Base::Flash::~Flash()	8	static
/media/tramtran/DATA/Gremsy/Ethernet_COM/SleepMode/../Libraries/Hardware/Base/Inc/hardware_base_common.hpp:69:13:virtual HW::Base::Common::~Common()	8	static
/media/tramtran/DATA/Gremsy/Ethernet_COM/Libraries/Hardware/Stm32U5/Src/hardware_u5_peripheral_flash.cpp:21:6:bool HW::Peripheral::Flash::eraseFlash(uint32_t, uint32_t)	24	static
/media/tramtran/DATA/Gremsy/Ethernet_COM/Libraries/Hardware/Stm32U5/Src/hardware_u5_peripheral_flash.cpp:63:10:uint32_t HW::Peripheral::Flash::writeFlashBytestWithoutLock(uint32_t, const uint8_t*, uint32_t)	24	static
