/media/tramtran/DATA/Gremsy/Ethernet_COM/SleepMode/../Libraries/Hardware/Base/Inc/hardware_base_common.hpp:69:13:HW::Base::Common::~Common()	0	static
/media/tramtran/DATA/Gremsy/Ethernet_COM/SleepMode/../Libraries/Hardware/Base/Inc/hardware_base_common.hpp:84:24:virtual StatusEnum HW::Base::Common::Open()	0	static
/media/tramtran/DATA/Gremsy/Ethernet_COM/SleepMode/../Libraries/Hardware/Base/Inc/hardware_base_common.hpp:90:24:virtual StatusEnum HW::Base::Common::Close()	0	static
/media/tramtran/DATA/Gremsy/Ethernet_COM/SleepMode/../Libraries/Hardware/Base/Inc/hardware_base_common.hpp:96:18:virtual bool HW::Base::Common::IsOpen()	0	static
/media/tramtran/DATA/Gremsy/Ethernet_COM/SleepMode/../Libraries/Hardware/Base/Inc/hardware_base_peripheral_input.hpp:63:18:virtual bool HW::Base::Input::Get()	0	static
/media/tramtran/DATA/Gremsy/Ethernet_COM/SleepMode/../Libraries/Hardware/Base/Inc/hardware_base_peripheral_input.hpp:41:17:HW::Base::Input::~Input()	0	static
/media/tramtran/DATA/Gremsy/Ethernet_COM/SleepMode/../Libraries/Hardware/Stm32U5/Inc/hardware_u5_peripheral_input.hpp:26:23:HW::Peripheral::Input::~Input()	0	static
/media/tramtran/DATA/Gremsy/Ethernet_COM/Libraries/Hardware/Stm32U5/Src/hardware_u5_peripheral_input.cpp:20:6:virtual bool HW::Peripheral::Input::Get()	16	static
/media/tramtran/DATA/Gremsy/Ethernet_COM/Libraries/Hardware/Stm32U5/Src/hardware_u5_peripheral_input.cpp:43:12:virtual StatusEnum HW::Peripheral::Input::Open()	8	static
/media/tramtran/DATA/Gremsy/Ethernet_COM/Libraries/Hardware/Stm32U5/Src/hardware_u5_peripheral_input.cpp:88:12:virtual StatusEnum HW::Peripheral::Input::Close()	8	static
/media/tramtran/DATA/Gremsy/Ethernet_COM/SleepMode/../Libraries/Hardware/Stm32U5/Inc/hardware_u5_peripheral_input.hpp:26:23:virtual HW::Peripheral::Input::~Input()	8	static
/media/tramtran/DATA/Gremsy/Ethernet_COM/SleepMode/../Libraries/Hardware/Base/Inc/hardware_base_peripheral_input.hpp:41:17:virtual HW::Base::Input::~Input()	8	static
/media/tramtran/DATA/Gremsy/Ethernet_COM/SleepMode/../Libraries/Hardware/Base/Inc/hardware_base_common.hpp:69:13:virtual HW::Base::Common::~Common()	8	static
