/media/tramtran/DATA/Gremsy/Ethernet_COM/SleepMode/../Libraries/RTOS/Base/Inc/rtos_base_common.hpp:65:13:RTOS::Base::Common::~Common()	0	static
/media/tramtran/DATA/Gremsy/Ethernet_COM/SleepMode/../Libraries/RTOS/Base/Inc/rtos_base_common.hpp:79:24:virtual StatusEnum RTOS::Base::Common::Open()	0	static
/media/tramtran/DATA/Gremsy/Ethernet_COM/SleepMode/../Libraries/RTOS/Base/Inc/rtos_base_common.hpp:85:24:virtual StatusEnum RTOS::Base::Common::Close()	0	static
/media/tramtran/DATA/Gremsy/Ethernet_COM/SleepMode/../Libraries/RTOS/Base/Inc/rtos_base_common.hpp:92:18:virtual bool RTOS::Base::Common::IsOpen()	0	static
/media/tramtran/DATA/Gremsy/Ethernet_COM/SleepMode/../Libraries/RTOS/Base/Inc/rtos_base_task.hpp:99:19:virtual RTOS::Base::Task& RTOS::Base::Task::operator+=(RTOS::FuncRtosTaskCallbackType)	0	static
/media/tramtran/DATA/Gremsy/Ethernet_COM/SleepMode/../Libraries/RTOS/Base/Inc/rtos_base_task.hpp:110:18:virtual void RTOS::Base::Task::Sleep(uint32_t)	0	static
/media/tramtran/DATA/Gremsy/Ethernet_COM/SleepMode/../Libraries/RTOS/Base/Inc/rtos_base_task.hpp:116:18:virtual void RTOS::Base::Task::Sleep()	0	static
/media/tramtran/DATA/Gremsy/Ethernet_COM/SleepMode/../Libraries/RTOS/Base/Inc/rtos_base_event.hpp:62:22:virtual uint32_t RTOS::Base::Event::Set(uint32_t)	0	static
/media/tramtran/DATA/Gremsy/Ethernet_COM/SleepMode/../Libraries/RTOS/Base/Inc/rtos_base_event.hpp:68:22:virtual uint32_t RTOS::Base::Event::Wait(uint32_t, uint32_t)	0	static
/media/tramtran/DATA/Gremsy/Ethernet_COM/SleepMode/../Libraries/RTOS/Base/Inc/rtos_base_event.hpp:41:19:RTOS::Base::Event::~Event()	0	static
/media/tramtran/DATA/Gremsy/Ethernet_COM/SleepMode/../Libraries/Hardware/Base/Inc/hardware_base_common.hpp:69:13:HW::Base::Common::~Common()	0	static
/media/tramtran/DATA/Gremsy/Ethernet_COM/SleepMode/../Libraries/Hardware/Base/Inc/hardware_base_common.hpp:84:24:virtual StatusEnum HW::Base::Common::Open()	0	static
/media/tramtran/DATA/Gremsy/Ethernet_COM/SleepMode/../Libraries/Hardware/Base/Inc/hardware_base_common.hpp:90:24:virtual StatusEnum HW::Base::Common::Close()	0	static
/media/tramtran/DATA/Gremsy/Ethernet_COM/SleepMode/../Libraries/Hardware/Base/Inc/hardware_base_common.hpp:96:18:virtual bool HW::Base::Common::IsOpen()	0	static
/media/tramtran/DATA/Gremsy/Ethernet_COM/SleepMode/../Libraries/Hardware/Base/Inc/hardware_base_peripheral_spi.hpp:183:24:virtual StatusEnum HW::Base::Spi::SendGet(uint8_t*, uint8_t*, int)	0	static
/media/tramtran/DATA/Gremsy/Ethernet_COM/SleepMode/../Libraries/Hardware/Base/Inc/hardware_base_peripheral_spi.hpp:190:24:virtual StatusEnum HW::Base::Spi::Send(uint8_t*, int)	0	static
/media/tramtran/DATA/Gremsy/Ethernet_COM/SleepMode/../Libraries/Hardware/Base/Inc/hardware_base_peripheral_spi.hpp:197:24:virtual StatusEnum HW::Base::Spi::Send(std::span<const unsigned char>)	8	static
/media/tramtran/DATA/Gremsy/Ethernet_COM/SleepMode/../Libraries/Hardware/Base/Inc/hardware_base_peripheral_spi.hpp:198:24:virtual StatusEnum HW::Base::Spi::Get(uint8_t*, int)	0	static
/media/tramtran/DATA/Gremsy/Ethernet_COM/SleepMode/../Libraries/Hardware/Base/Inc/hardware_base_peripheral_spi.hpp:199:24:virtual StatusEnum HW::Base::Spi::Read(uint8_t*, uint8_t*, int)	0	static
/media/tramtran/DATA/Gremsy/Ethernet_COM/SleepMode/../Libraries/Hardware/Base/Inc/hardware_base_peripheral_spi.hpp:207:24:virtual StatusEnum HW::Base::Spi::Add(Type::String, HW::FuncPeripheralSpiWriteCallbackType, object)	0	static
/media/tramtran/DATA/Gremsy/Ethernet_COM/SleepMode/../Libraries/Hardware/Base/Inc/hardware_base_peripheral_spi.hpp:221:24:virtual StatusEnum HW::Base::Spi::Add(Type::String, HW::FuncPeripheralSpiWriteCallbackType, uint32_t, object)	0	static
/media/tramtran/DATA/Gremsy/Ethernet_COM/SleepMode/../Libraries/Hardware/Base/Inc/hardware_base_peripheral_spi.hpp:229:24:virtual StatusEnum HW::Base::Spi::Abort()	0	static
/media/tramtran/DATA/Gremsy/Ethernet_COM/SleepMode/../Libraries/Hardware/Base/Inc/hardware_base_peripheral_spi.hpp:231:18:virtual void HW::Base::Spi::Lock()	0	static
/media/tramtran/DATA/Gremsy/Ethernet_COM/SleepMode/../Libraries/Hardware/Base/Inc/hardware_base_peripheral_spi.hpp:232:18:virtual void HW::Base::Spi::Unlock()	0	static
/media/tramtran/DATA/Gremsy/Ethernet_COM/SleepMode/../Libraries/Hardware/Base/Inc/hardware_base_peripheral_spi.hpp:240:18:virtual void HW::Base::Spi::__ITTxRxCpltProcess()	0	static
/media/tramtran/DATA/Gremsy/Ethernet_COM/SleepMode/../Libraries/Hardware/Base/Inc/hardware_base_peripheral_spi.hpp:246:18:virtual void HW::Base::Spi::__TaskProcess()	0	static
/media/tramtran/DATA/Gremsy/Ethernet_COM/SleepMode/../Libraries/Hardware/Base/Inc/hardware_base_peripheral_spi.hpp:251:18:virtual void HW::Base::Spi::__ErrorProcess()	0	static
/media/tramtran/DATA/Gremsy/Ethernet_COM/Libraries/Hardware/Stm32U5/Src/hardware_u5_peripheral_spi.cpp:104:29:HW::Peripheral::Spi* hardware_u5_peripheral_spi_get_pinstance(__SPI_HandleTypeDef*)	0	static
/media/tramtran/DATA/Gremsy/Ethernet_COM/Libraries/Hardware/Stm32U5/Src/hardware_u5_peripheral_spi.cpp:125:13:void hardware_u5_peripheral_spi_TxRxCpltCallback(__SPI_HandleTypeDef*)	8	static
/media/tramtran/DATA/Gremsy/Ethernet_COM/Libraries/Hardware/Stm32U5/Src/hardware_u5_peripheral_spi.cpp:134:6:void hardware_u5_peripheral_spi_ErrorCallback(__SPI_HandleTypeDef*)	8	static
/media/tramtran/DATA/Gremsy/Ethernet_COM/Libraries/Hardware/Stm32U5/Src/hardware_u5_peripheral_spi.cpp:143:13:void hardware_u5_peripheral_spi_task(void*)	8	static
/media/tramtran/DATA/Gremsy/Ethernet_COM/SleepMode/../Submodule/SG14/SG14/inplace_function.h:101:19:static constexpr void stdext::inplace_function_detail::vtable<void, const unsigned char*, short unsigned int>::vtable()::<lambda(stdext::inplace_function_detail::vtable<void, const unsigned char*, short unsigned int>::storage_ptr_t, stdext::inplace_function_detail::vtable<void, const unsigned char*, short unsigned int>::storage_ptr_t)>::_FUN(stdext::inplace_function_detail::vtable<void, const unsigned char*, short unsigned int>::storage_ptr_t, stdext::inplace_function_detail::vtable<void, const unsigned char*, short unsigned int>::storage_ptr_t)	0	static
/media/tramtran/DATA/Gremsy/Ethernet_COM/SleepMode/../Submodule/SG14/SG14/inplace_function.h:102:23:static constexpr void stdext::inplace_function_detail::vtable<void, const unsigned char*, short unsigned int>::vtable()::<lambda(stdext::inplace_function_detail::vtable<void, const unsigned char*, short unsigned int>::storage_ptr_t, stdext::inplace_function_detail::vtable<void, const unsigned char*, short unsigned int>::storage_ptr_t)>::_FUN(stdext::inplace_function_detail::vtable<void, const unsigned char*, short unsigned int>::storage_ptr_t, stdext::inplace_function_detail::vtable<void, const unsigned char*, short unsigned int>::storage_ptr_t)	0	static
/media/tramtran/DATA/Gremsy/Ethernet_COM/SleepMode/../Submodule/SG14/SG14/inplace_function.h:103:25:static constexpr void stdext::inplace_function_detail::vtable<void, const unsigned char*, short unsigned int>::vtable()::<lambda(stdext::inplace_function_detail::vtable<void, const unsigned char*, short unsigned int>::storage_ptr_t)>::_FUN(stdext::inplace_function_detail::vtable<void, const unsigned char*, short unsigned int>::storage_ptr_t)	0	static
/media/tramtran/DATA/Gremsy/Ethernet_COM/SleepMode/../Libraries/Hardware/Base/Inc/hardware_base_peripheral_spi.hpp:124:18:virtual HW::Base::Spi& HW::Base::Spi::operator+=(HW::FuncPeriperalSpiErrorCallbackType)	8	static
/media/tramtran/DATA/Gremsy/Ethernet_COM/SleepMode/../Libraries/RTOS/Base/Inc/rtos_base_common.hpp:65:13:virtual RTOS::Base::Common::~Common()	8	static
/media/tramtran/DATA/Gremsy/Ethernet_COM/SleepMode/../Libraries/Hardware/Base/Inc/hardware_base_common.hpp:69:13:virtual HW::Base::Common::~Common()	8	static
/media/tramtran/DATA/Gremsy/Ethernet_COM/SleepMode/../Libraries/RTOS/Base/Inc/rtos_base_event.hpp:41:19:virtual RTOS::Base::Event::~Event()	8	static
/media/tramtran/DATA/Gremsy/Ethernet_COM/SleepMode/../Libraries/RTOS/Base/Inc/rtos_base_task.hpp:84:13:RTOS::Base::Task::~Task()	8	static
/media/tramtran/DATA/Gremsy/Ethernet_COM/SleepMode/../Libraries/RTOS/Base/Inc/rtos_base_task.hpp:84:13:virtual RTOS::Base::Task::~Task()	8	static
/media/tramtran/DATA/Gremsy/Ethernet_COM/Libraries/Hardware/Stm32U5/Src/hardware_u5_peripheral_spi.cpp:395:12:virtual StatusEnum HW::Peripheral::Spi::Abort()	8	static
/media/tramtran/DATA/Gremsy/Ethernet_COM/Libraries/Hardware/Stm32U5/Src/hardware_u5_peripheral_spi.cpp:149:6:virtual void HW::Peripheral::Spi::__ErrorProcess()	8	static
/media/tramtran/DATA/Gremsy/Ethernet_COM/Libraries/Hardware/Stm32U5/Src/hardware_u5_peripheral_spi.cpp:201:6:virtual void HW::Peripheral::Spi::__ITTxRxCpltProcess()	8	static
/media/tramtran/DATA/Gremsy/Ethernet_COM/Libraries/Hardware/Stm32U5/Src/hardware_u5_peripheral_spi.cpp:206:6:virtual void HW::Peripheral::Spi::__TaskProcess()	16	static
/media/tramtran/DATA/Gremsy/Ethernet_COM/Libraries/Hardware/Stm32U5/Src/hardware_u5_peripheral_spi.cpp:367:12:virtual StatusEnum HW::Peripheral::Spi::Add(Type::String, HW::FuncPeripheralSpiWriteCallbackType, object)	24	static
/media/tramtran/DATA/Gremsy/Ethernet_COM/Libraries/Hardware/Stm32U5/Src/hardware_u5_peripheral_spi.cpp:474:12:virtual StatusEnum HW::Peripheral::Spi::Close()	24	static
/media/tramtran/DATA/Gremsy/Ethernet_COM/Libraries/Hardware/Stm32U5/Src/hardware_u5_peripheral_spi.cpp:408:12:virtual StatusEnum HW::Peripheral::Spi::Open()	24	static
/media/tramtran/DATA/Gremsy/Ethernet_COM/SleepMode/../Libraries/RTOS/Base/Inc/rtos_base_task.hpp:60:5:RTOS::Base::Task::Task()	8	static
/media/tramtran/DATA/Gremsy/Ethernet_COM/SleepMode/../Libraries/RTOS/Base/Inc/rtos_base_mutex.hpp:71:10:void RTOS::Base::SemaphoreBase::lock()	16	static
/media/tramtran/DATA/Gremsy/Ethernet_COM/Libraries/Hardware/Stm32U5/Src/hardware_u5_peripheral_spi.cpp:545:6:virtual void HW::Peripheral::Spi::Lock()	8	static
/media/tramtran/DATA/Gremsy/Ethernet_COM/SleepMode/../Libraries/RTOS/Base/Inc/rtos_base_mutex.hpp:125:10:void RTOS::Base::SemaphoreBase::unlock()	16	static
/media/tramtran/DATA/Gremsy/Ethernet_COM/Libraries/Hardware/Stm32U5/Src/hardware_u5_peripheral_spi.cpp:550:6:virtual void HW::Peripheral::Spi::Unlock()	8	static
/media/tramtran/DATA/Gremsy/Ethernet_COM/Libraries/Hardware/Stm32U5/Src/hardware_u5_peripheral_spi.cpp:244:12:virtual StatusEnum HW::Peripheral::Spi::SendGet(uint8_t*, uint8_t*, int)	40	static
/media/tramtran/DATA/Gremsy/Ethernet_COM/Libraries/Hardware/Stm32U5/Src/hardware_u5_peripheral_spi.cpp:257:12:virtual StatusEnum HW::Peripheral::Spi::Send(uint8_t*, int)	32	static
/media/tramtran/DATA/Gremsy/Ethernet_COM/Libraries/Hardware/Stm32U5/Src/hardware_u5_peripheral_spi.cpp:270:12:virtual StatusEnum HW::Peripheral::Spi::Send(std::span<const unsigned char>)	32	static
/media/tramtran/DATA/Gremsy/Ethernet_COM/Libraries/Hardware/Stm32U5/Src/hardware_u5_peripheral_spi.cpp:320:12:virtual StatusEnum HW::Peripheral::Spi::Get(uint8_t*, int)	32	static
/media/tramtran/DATA/Gremsy/Ethernet_COM/Libraries/Hardware/Stm32U5/Src/hardware_u5_peripheral_spi.cpp:332:12:virtual StatusEnum HW::Peripheral::Spi::Read(uint8_t*, uint8_t*, int)	32	static
/media/tramtran/DATA/Gremsy/Ethernet_COM/SleepMode/../Libraries/RTOS/CMSIS_OS_V2/Inc/rtos_cmsis_os_v2_task_event.hpp:54:5:RTOS::TaskEvent::TaskEvent()	8	static
/media/tramtran/DATA/Gremsy/Ethernet_COM/SleepMode/../Libraries/RTOS/CMSIS_OS_V2/Inc/rtos_cmsis_os_v2_task_event.hpp:102:13:RTOS::TaskEvent::~TaskEvent()	8	static
/media/tramtran/DATA/Gremsy/Ethernet_COM/SleepMode/../Libraries/Hardware/Base/Inc/hardware_base_peripheral_spi.hpp:99:13:HW::Base::Spi::~Spi()	16	static
/media/tramtran/DATA/Gremsy/Ethernet_COM/SleepMode/../Libraries/Hardware/Base/Inc/hardware_base_peripheral_spi.hpp:99:13:virtual HW::Base::Spi::~Spi()	8	static
/media/tramtran/DATA/Gremsy/Ethernet_COM/SleepMode/../Libraries/Hardware/Stm32U5/Inc/hardware_u5_peripheral_spi.hpp:35:23:HW::Peripheral::Spi::~Spi()	8	static
/media/tramtran/DATA/Gremsy/Ethernet_COM/SleepMode/../Libraries/Hardware/Stm32U5/Inc/hardware_u5_peripheral_spi.hpp:35:23:virtual HW::Peripheral::Spi::~Spi()	8	static
/media/tramtran/DATA/Gremsy/Ethernet_COM/SleepMode/../Libraries/RTOS/CMSIS_OS_V2/Inc/rtos_cmsis_os_v2_task_event.hpp:102:13:virtual RTOS::TaskEvent::~TaskEvent()	8	static
/media/tramtran/DATA/Gremsy/Ethernet_COM/SleepMode/../Libraries/Hardware/Base/Inc/hardware_base_peripheral_spi.hpp:61:5:HW::Base::Spi::Spi()	8	static
/media/tramtran/DATA/Gremsy/Ethernet_COM/Libraries/Hardware/Stm32U5/Src/hardware_u5_peripheral_spi.cpp:28:1:HW::Peripheral::Spi::Spi(SpiIdEnum)	16	static
/media/tramtran/DATA/Gremsy/Ethernet_COM/Libraries/Hardware/Stm32U5/Src/hardware_u5_peripheral_spi.cpp:38:1:HW::Peripheral::Spi::Spi()	16	static
/media/tramtran/DATA/Gremsy/Ethernet_COM/Libraries/Hardware/Stm32U5/Src/hardware_u5_peripheral_spi.cpp:48:1:HW::Peripheral::Spi::Spi(SpiIdEnum, SpiModeEnum, BaudratePrescalerEnum)	24	static
/media/tramtran/DATA/Gremsy/Ethernet_COM/Libraries/Hardware/Stm32U5/Src/hardware_u5_peripheral_spi.cpp:76:1:HW::Peripheral::Spi::Spi(SpiIdEnum, SpiModeEnum, BaudratePrescalerEnum, DataSizeEnum)	24	static
/media/tramtran/DATA/Gremsy/Ethernet_COM/Libraries/Hardware/Stm32U5/Src/hardware_u5_peripheral_spi.cpp:196:6:void HW::Peripheral::Spi::__ITTxCpltProcess()	8	static
/media/tramtran/DATA/Gremsy/Ethernet_COM/Libraries/Hardware/Stm32U5/Src/hardware_u5_peripheral_spi.cpp:116:13:void hardware_u5_peripheral_spi_TxCpltCallback(__SPI_HandleTypeDef*)	8	static
/media/tramtran/DATA/Gremsy/Ethernet_COM/SleepMode/../Submodule/SG14/SG14/inplace_function.h:98:21:stdext::inplace_function_detail::vtable<void, const unsigned char*, short unsigned int>::vtable()::<lambda(stdext::inplace_function_detail::vtable<void, const unsigned char*, short unsigned int>::storage_ptr_t, const unsigned char*&&, short unsigned int&&)>	8	static
/media/tramtran/DATA/Gremsy/Ethernet_COM/SleepMode/../Submodule/SG14/SG14/inplace_function.h:98:21:static constexpr void stdext::inplace_function_detail::vtable<void, const unsigned char*, short unsigned int>::vtable()::<lambda(stdext::inplace_function_detail::vtable<void, const unsigned char*, short unsigned int>::storage_ptr_t, const unsigned char*&&, short unsigned int&&)>::_FUN(stdext::inplace_function_detail::vtable<void, const unsigned char*, short unsigned int>::storage_ptr_t, const unsigned char*&&, short unsigned int&&)	8	static
/media/tramtran/DATA/Gremsy/Ethernet_COM/SleepMode/../Submodule/SG14/SG14/inplace_function.h:300:23:), Capacity, Alignment>) [with R = void; Args = {const unsigned char*, short unsigned int}; unsigned int Capacity = 32; unsigned int Alignment = 8]	16	static
/media/tramtran/DATA/Gremsy/Ethernet_COM/SleepMode/../Libraries/Hardware/Base/Inc/hardware_base_peripheral_spi.hpp:154:18:virtual HW::Base::Spi& HW::Base::Spi::operator+=(HW::LambdaReceivedPacketCallback&&)	48	static
