/media/tramtran/DATA/Gremsy/Ethernet_COM/SleepMode/../Libraries/Hardware/Base/Inc/hardware_base_common.hpp:69:13:HW::Base::Common::~Common()	0	static
/media/tramtran/DATA/Gremsy/Ethernet_COM/SleepMode/../Libraries/Hardware/Base/Inc/hardware_base_common.hpp:84:24:virtual StatusEnum HW::Base::Common::Open()	0	static
/media/tramtran/DATA/Gremsy/Ethernet_COM/SleepMode/../Libraries/Hardware/Base/Inc/hardware_base_common.hpp:90:24:virtual StatusEnum HW::Base::Common::Close()	0	static
/media/tramtran/DATA/Gremsy/Ethernet_COM/SleepMode/../Libraries/Hardware/Base/Inc/hardware_base_common.hpp:96:18:virtual bool HW::Base::Common::IsOpen()	0	static
/media/tramtran/DATA/Gremsy/Ethernet_COM/SleepMode/../Libraries/Hardware/Base/Inc/hardware_base_peripheral_io.hpp:44:24:virtual StatusEnum HW::Base::IO::On()	0	static
/media/tramtran/DATA/Gremsy/Ethernet_COM/SleepMode/../Libraries/Hardware/Base/Inc/hardware_base_peripheral_io.hpp:45:24:virtual StatusEnum HW::Base::IO::Off()	0	static
/media/tramtran/DATA/Gremsy/Ethernet_COM/SleepMode/../Libraries/Hardware/Base/Inc/hardware_base_peripheral_io.hpp:46:24:virtual StatusEnum HW::Base::IO::Toggle()	0	static
/media/tramtran/DATA/Gremsy/Ethernet_COM/SleepMode/../Libraries/Hardware/Base/Inc/hardware_base_peripheral_io.hpp:47:18:virtual bool HW::Base::IO::Get()	0	static
/media/tramtran/DATA/Gremsy/Ethernet_COM/SleepMode/../Libraries/Hardware/Base/Inc/hardware_base_peripheral_io.hpp:40:18:HW::Base::IO::~IO()	0	static
/media/tramtran/DATA/Gremsy/Ethernet_COM/SleepMode/../Submodule/SG14/SG14/inplace_function.h:101:19:static constexpr void stdext::inplace_function_detail::vtable<void>::vtable()::<lambda(stdext::inplace_function_detail::vtable<void>::storage_ptr_t, stdext::inplace_function_detail::vtable<void>::storage_ptr_t)>::_FUN(stdext::inplace_function_detail::vtable<void>::storage_ptr_t, stdext::inplace_function_detail::vtable<void>::storage_ptr_t)	0	static
/media/tramtran/DATA/Gremsy/Ethernet_COM/SleepMode/../Submodule/SG14/SG14/inplace_function.h:102:23:static constexpr void stdext::inplace_function_detail::vtable<void>::vtable()::<lambda(stdext::inplace_function_detail::vtable<void>::storage_ptr_t, stdext::inplace_function_detail::vtable<void>::storage_ptr_t)>::_FUN(stdext::inplace_function_detail::vtable<void>::storage_ptr_t, stdext::inplace_function_detail::vtable<void>::storage_ptr_t)	0	static
/media/tramtran/DATA/Gremsy/Ethernet_COM/SleepMode/../Submodule/SG14/SG14/inplace_function.h:103:25:static constexpr void stdext::inplace_function_detail::vtable<void>::vtable()::<lambda(stdext::inplace_function_detail::vtable<void>::storage_ptr_t)>::_FUN(stdext::inplace_function_detail::vtable<void>::storage_ptr_t)	0	static
/opt/arm-gnu-toolchain-13.2.Rel1-x86_64-arm-none-eabi/arm-none-eabi/include/c++/13.2.1/bits/stl_algobase.h:2061:5:constexpr _RandomAccessIterator std::__find_if(_RandomAccessIterator, _RandomAccessIterator, _Predicate, random_access_iterator_tag) [with _RandomAccessIterator = __gnu_cxx::__normal_iterator<pair<short unsigned int, stdext::inplace_function<void(), 128> >*, vector<pair<short unsigned int, stdext::inplace_function<void(), 128> > > >; _Predicate = __gnu_cxx::__ops::_Iter_pred<FlexibleIO::Close()::<lambda(const auto:20&)> >]	8	static
/opt/arm-gnu-toolchain-13.2.Rel1-x86_64-arm-none-eabi/arm-none-eabi/include/c++/13.2.1/bits/stl_algo.h:3914:5:constexpr _IIter std::find_if(_IIter, _IIter, _Predicate) [with _IIter = __gnu_cxx::__normal_iterator<pair<short unsigned int, stdext::inplace_function<void(), 128> >*, vector<pair<short unsigned int, stdext::inplace_function<void(), 128> > > >; _Predicate = FlexibleIO::Close()::<lambda(const auto:20&)>]	8	static
/media/tramtran/DATA/Gremsy/Ethernet_COM/SleepMode/../Libraries/Hardware/Stm32U5/Inc/hardware_u5_peripheral_io.hpp:24:7:FlexibleIO::~FlexibleIO()	8	static
/media/tramtran/DATA/Gremsy/Ethernet_COM/SleepMode/../Libraries/Hardware/Base/Inc/hardware_base_peripheral_io.hpp:40:18:virtual HW::Base::IO::~IO()	8	static
/media/tramtran/DATA/Gremsy/Ethernet_COM/SleepMode/../Libraries/Hardware/Base/Inc/hardware_base_common.hpp:69:13:virtual HW::Base::Common::~Common()	8	static
/media/tramtran/DATA/Gremsy/Ethernet_COM/SleepMode/../Libraries/Hardware/Stm32U5/Inc/hardware_u5_peripheral_io.hpp:24:7:virtual FlexibleIO::~FlexibleIO()	8	static
/media/tramtran/DATA/Gremsy/Ethernet_COM/Libraries/Hardware/Stm32U5/Src/hardware_u5_peripheral_io.cpp:77:6:virtual bool FlexibleIO::Get()	8	static
/media/tramtran/DATA/Gremsy/Ethernet_COM/Libraries/Hardware/Stm32U5/Src/hardware_u5_peripheral_io.cpp:86:12:virtual StatusEnum FlexibleIO::On()	8	static
/media/tramtran/DATA/Gremsy/Ethernet_COM/Libraries/Hardware/Stm32U5/Src/hardware_u5_peripheral_io.cpp:96:12:virtual StatusEnum FlexibleIO::Off()	8	static
/media/tramtran/DATA/Gremsy/Ethernet_COM/Libraries/Hardware/Stm32U5/Src/hardware_u5_peripheral_io.cpp:264:1:void __static_initialization_and_destruction_0()	8	static
/media/tramtran/DATA/Gremsy/Ethernet_COM/Libraries/Hardware/Stm32U5/Src/hardware_u5_peripheral_io.cpp:24:6:void HAL_GPIO_EXTI_Rising_Callback(uint16_t)	16	static
/media/tramtran/DATA/Gremsy/Ethernet_COM/Libraries/Hardware/Stm32U5/Src/hardware_u5_peripheral_io.cpp:37:6:void HAL_GPIO_EXTI_Falling_Callback(uint16_t)	16	static
/media/tramtran/DATA/Gremsy/Ethernet_COM/Libraries/Hardware/Stm32U5/Src/hardware_u5_peripheral_io.cpp:50:1:FlexibleIO::FlexibleIO(PinEnum)	4	static
/media/tramtran/DATA/Gremsy/Ethernet_COM/Libraries/Hardware/Stm32U5/Src/hardware_u5_peripheral_io.cpp:55:12:StatusEnum FlexibleIO::ConfigAsInput()	8	static
/media/tramtran/DATA/Gremsy/Ethernet_COM/Libraries/Hardware/Stm32U5/Src/hardware_u5_peripheral_io.cpp:61:12:StatusEnum FlexibleIO::ConfigAsOutput(bool, PinSpeedEnum)	8	static
/media/tramtran/DATA/Gremsy/Ethernet_COM/Libraries/Hardware/Stm32U5/Src/hardware_u5_peripheral_io.cpp:137:9:uint8_t FlexibleIO::GetIRQNumber(uint16_t)	0	static
/media/tramtran/DATA/Gremsy/Ethernet_COM/SleepMode/../Submodule/SG14/SG14/inplace_function.h:98:21:stdext::inplace_function_detail::vtable<void>::vtable()::<lambda(stdext::inplace_function_detail::vtable<void>::storage_ptr_t)>	8	static
/media/tramtran/DATA/Gremsy/Ethernet_COM/SleepMode/../Submodule/SG14/SG14/inplace_function.h:98:21:static constexpr void stdext::inplace_function_detail::vtable<void>::vtable()::<lambda(stdext::inplace_function_detail::vtable<void>::storage_ptr_t)>::_FUN(stdext::inplace_function_detail::vtable<void>::storage_ptr_t)	8	static
/media/tramtran/DATA/Gremsy/Ethernet_COM/SleepMode/../Submodule/SG14/SG14/inplace_function.h:300:23:), Capacity, Alignment>) [with R = void; Args = {}; unsigned int Capacity = 128; unsigned int Alignment = 8]	16	static
/media/tramtran/DATA/Gremsy/Ethernet_COM/Libraries/Hardware/Stm32U5/Src/hardware_u5_peripheral_io.cpp:69:12:StatusEnum FlexibleIO::ConfigAsInterrupt(IOEdgeITEnum, TrigFuncCallBack&&)	144	static
/opt/arm-gnu-toolchain-13.2.Rel1-x86_64-arm-none-eabi/arm-none-eabi/include/c++/13.2.1/bits/stl_vector.h:1893:7:constexpr std::vector<_Tp, _Alloc>::size_type std::vector<_Tp, _Alloc>::_M_check_len(size_type, const char*) const [with _Tp = std::pair<short unsigned int, stdext::inplace_function<void(), 128> >; _Alloc = std::allocator<std::pair<short unsigned int, stdext::inplace_function<void(), 128> > >]	32	static
/opt/arm-gnu-toolchain-13.2.Rel1-x86_64-arm-none-eabi/arm-none-eabi/include/c++/13.2.1/bits/stl_vector.h:1230:7:constexpr std::vector<_Tp, _Alloc>::reference std::vector<_Tp, _Alloc>::back() [with _Tp = std::pair<short unsigned int, stdext::inplace_function<void(), 128> >; _Alloc = std::allocator<std::pair<short unsigned int, stdext::inplace_function<void(), 128> > >]	0	static
/opt/arm-gnu-toolchain-13.2.Rel1-x86_64-arm-none-eabi/arm-none-eabi/include/c++/13.2.1/bits/new_allocator.h:152:7:void std::__new_allocator<_Tp>::deallocate(_Tp*, size_type) [with _Tp = std::pair<short unsigned int, stdext::inplace_function<void(), 128> >]	8	static
/opt/arm-gnu-toolchain-13.2.Rel1-x86_64-arm-none-eabi/arm-none-eabi/include/c++/13.2.1/bits/stl_vector.h:364:7:constexpr std::_Vector_base<_Tp, _Alloc>::~_Vector_base() [with _Tp = std::pair<short unsigned int, stdext::inplace_function<void(), 128> >; _Alloc = std::allocator<std::pair<short unsigned int, stdext::inplace_function<void(), 128> > >]	8	static
/opt/arm-gnu-toolchain-13.2.Rel1-x86_64-arm-none-eabi/arm-none-eabi/include/c++/13.2.1/bits/stl_construct.h:182:5:constexpr void std::_Destroy(_ForwardIterator, _ForwardIterator) [with _ForwardIterator = pair<short unsigned int, stdext::inplace_function<void(), 128> >*]	16	static
/opt/arm-gnu-toolchain-13.2.Rel1-x86_64-arm-none-eabi/arm-none-eabi/include/c++/13.2.1/bits/stl_vector.h:730:7:constexpr std::vector<_Tp, _Alloc>::~vector() [with _Tp = std::pair<short unsigned int, stdext::inplace_function<void(), 128> >; _Alloc = std::allocator<std::pair<short unsigned int, stdext::inplace_function<void(), 128> > >]	8	static
/opt/arm-gnu-toolchain-13.2.Rel1-x86_64-arm-none-eabi/arm-none-eabi/include/c++/13.2.1/bits/new_allocator.h:122:7:_Tp* std::__new_allocator<_Tp>::allocate(size_type, const void*) [with _Tp = std::pair<short unsigned int, stdext::inplace_function<void(), 128> >]	8	static
/opt/arm-gnu-toolchain-13.2.Rel1-x86_64-arm-none-eabi/arm-none-eabi/include/c++/13.2.1/bits/stl_uninitialized.h:1070:5:constexpr void std::__relocate_object_a(_Tp*, _Up*, _Allocator&) [with _Tp = pair<short unsigned int, stdext::inplace_function<void(), 128> >; _Up = pair<short unsigned int, stdext::inplace_function<void(), 128> >; _Allocator = allocator<pair<short unsigned int, stdext::inplace_function<void(), 128> > >]	16	static
/opt/arm-gnu-toolchain-13.2.Rel1-x86_64-arm-none-eabi/arm-none-eabi/include/c++/13.2.1/bits/vector.tcc:445:7:) [with _Args = {std::pair<short unsigned int, stdext::inplace_function<void(), 128, 8> >}; _Tp = std::pair<short unsigned int, stdext::inplace_function<void(), 128> >; _Alloc = std::allocator<std::pair<short unsigned int, stdext::inplace_function<void(), 128> > >]	40	static
/opt/arm-gnu-toolchain-13.2.Rel1-x86_64-arm-none-eabi/arm-none-eabi/include/c++/13.2.1/bits/vector.tcc:111:7:) [with _Args = {std::pair<short unsigned int, stdext::inplace_function<void(), 128, 8> >}; _Tp = std::pair<short unsigned int, stdext::inplace_function<void(), 128> >; _Alloc = std::allocator<std::pair<short unsigned int, stdext::inplace_function<void(), 128> > >]	8	static
/media/tramtran/DATA/Gremsy/Ethernet_COM/Libraries/Hardware/Stm32U5/Src/hardware_u5_peripheral_io.cpp:160:12:virtual StatusEnum FlexibleIO::Open()	160	static
/opt/arm-gnu-toolchain-13.2.Rel1-x86_64-arm-none-eabi/arm-none-eabi/include/c++/13.2.1/bits/stl_pair.h:427:7:constexpr std::pair<_T1, _T2>& std::pair<_T1, _T2>::operator=(std::pair<_T1, _T2>&&) requires  _S_assignable<_T1, _T2>() [with _T1 = short unsigned int; _T2 = stdext::inplace_function<void(), 128>]	152	static
/opt/arm-gnu-toolchain-13.2.Rel1-x86_64-arm-none-eabi/arm-none-eabi/include/c++/13.2.1/bits/stl_algobase.h:408:2:static constexpr _OI std::__copy_move<true, false, std::random_access_iterator_tag>::__copy_m(_II, _II, _OI) [with _II = std::pair<short unsigned int, stdext::inplace_function<void(), 128> >*; _OI = std::pair<short unsigned int, stdext::inplace_function<void(), 128> >*]	16	static
/opt/arm-gnu-toolchain-13.2.Rel1-x86_64-arm-none-eabi/arm-none-eabi/include/c++/13.2.1/bits/stl_algobase.h:538:5:constexpr _OI std::__copy_move_a(_II, _II, _OI) [with bool _IsMove = true; _II = __gnu_cxx::__normal_iterator<pair<short unsigned int, stdext::inplace_function<void(), 128> >*, vector<pair<short unsigned int, stdext::inplace_function<void(), 128> > > >; _OI = __gnu_cxx::__normal_iterator<pair<short unsigned int, stdext::inplace_function<void(), 128> >*, vector<pair<short unsigned int, stdext::inplace_function<void(), 128> > > >]	8	static
/opt/arm-gnu-toolchain-13.2.Rel1-x86_64-arm-none-eabi/arm-none-eabi/include/c++/13.2.1/bits/stl_algobase.h:657:5:constexpr _OI std::move(_II, _II, _OI) [with _II = __gnu_cxx::__normal_iterator<pair<short unsigned int, stdext::inplace_function<void(), 128> >*, vector<pair<short unsigned int, stdext::inplace_function<void(), 128> > > >; _OI = __gnu_cxx::__normal_iterator<pair<short unsigned int, stdext::inplace_function<void(), 128> >*, vector<pair<short unsigned int, stdext::inplace_function<void(), 128> > > >]	8	static
/opt/arm-gnu-toolchain-13.2.Rel1-x86_64-arm-none-eabi/arm-none-eabi/include/c++/13.2.1/bits/vector.tcc:181:5:constexpr std::vector<_Tp, _Alloc>::iterator std::vector<_Tp, _Alloc>::_M_erase(iterator) [with _Tp = std::pair<short unsigned int, stdext::inplace_function<void(), 128> >; _Alloc = std::allocator<std::pair<short unsigned int, stdext::inplace_function<void(), 128> > >]	16	static
/opt/arm-gnu-toolchain-13.2.Rel1-x86_64-arm-none-eabi/arm-none-eabi/include/c++/13.2.1/bits/stl_vector.h:1531:7:constexpr std::vector<_Tp, _Alloc>::iterator std::vector<_Tp, _Alloc>::erase(const_iterator) [with _Tp = std::pair<short unsigned int, stdext::inplace_function<void(), 128> >; _Alloc = std::allocator<std::pair<short unsigned int, stdext::inplace_function<void(), 128> > >]	8	static
/media/tramtran/DATA/Gremsy/Ethernet_COM/Libraries/Hardware/Stm32U5/Src/hardware_u5_peripheral_io.cpp:106:12:virtual StatusEnum FlexibleIO::Close()	16	static
/media/tramtran/DATA/Gremsy/Ethernet_COM/Libraries/Hardware/Stm32U5/Src/hardware_u5_peripheral_io.cpp:264:1:cpp)	8	static
