/media/tramtran/DATA/Gremsy/Ethernet_COM/Libraries/Hardware/Stm32U5/Src/hardware_u5_debug_command_line.cpp:74:16:int32_t hardware_u5_debug_command_line_get_data_count_current()	0	static
/media/tramtran/DATA/Gremsy/Ethernet_COM/Libraries/Hardware/Stm32U5/Src/hardware_u5_debug_command_line.cpp:102:6:void hardware_u5_debug_command_line_error_callback(__UART_HandleTypeDef*)	8	static
/media/tramtran/DATA/Gremsy/Ethernet_COM/Libraries/Hardware/Stm32U5/Src/hardware_u5_debug_command_line.cpp:127:6:void hardware_u5_debug_command_line_rx_cplt_callback(__UART_HandleTypeDef*)	8	static
/media/tramtran/DATA/Gremsy/Ethernet_COM/Libraries/Hardware/Stm32U5/Src/hardware_u5_debug_command_line.cpp:151:49:static HW::Debug::CommandLine::CommandLineElementType* HW::Debug::CommandLine::Search(Type::Node*, const char*, int)	24	static
/media/tramtran/DATA/Gremsy/Ethernet_COM/Libraries/Hardware/Stm32U5/Src/hardware_u5_debug_command_line.cpp:183:12:static StatusEnum HW::Debug::CommandLine::Add(const char*, HW::FuncCommandLineNoReturnCallbackType, void*)	24	static
/media/tramtran/DATA/Gremsy/Ethernet_COM/Libraries/Hardware/Stm32U5/Src/hardware_u5_debug_command_line.cpp:221:12:static StatusEnum HW::Debug::CommandLine::Add(const char*, HW::FuncCommandLineReturnNumberCallbackType, void*)	24	static
/media/tramtran/DATA/Gremsy/Ethernet_COM/Libraries/Hardware/Stm32U5/Src/hardware_u5_debug_command_line.cpp:259:12:static StatusEnum HW::Debug::CommandLine::Add(const char*, HW::FuncCommandLineReturnStringCallbackType, void*)	24	static
/media/tramtran/DATA/Gremsy/Ethernet_COM/Libraries/Hardware/Stm32U5/Src/hardware_u5_debug_command_line.cpp:295:6:static void HW::Debug::CommandLine::Process()	40	static
/media/tramtran/DATA/Gremsy/Ethernet_COM/Libraries/Hardware/Stm32U5/Src/hardware_u5_debug_command_line.cpp:447:12:static StatusEnum HW::Debug::CommandLine::Init()	8	static
/media/tramtran/DATA/Gremsy/Ethernet_COM/Libraries/Hardware/Stm32U5/Src/hardware_u5_debug_command_line.cpp:87:13:void hardware_u5_debug_command_line_task(void*)	8	static
