/media/tramtran/DATA/Gremsy/Ethernet_COM/SleepMode/../Libraries/RTOS/Base/Inc/rtos_base_common.hpp:65:13:RTOS::Base::Common::~Common()	0	static
/media/tramtran/DATA/Gremsy/Ethernet_COM/SleepMode/../Libraries/RTOS/Base/Inc/rtos_base_common.hpp:79:24:virtual StatusEnum RTOS::Base::Common::Open()	0	static
/media/tramtran/DATA/Gremsy/Ethernet_COM/SleepMode/../Libraries/RTOS/Base/Inc/rtos_base_common.hpp:85:24:virtual StatusEnum RTOS::Base::Common::Close()	0	static
/media/tramtran/DATA/Gremsy/Ethernet_COM/SleepMode/../Libraries/RTOS/Base/Inc/rtos_base_common.hpp:92:18:virtual bool RTOS::Base::Common::IsOpen()	0	static
/media/tramtran/DATA/Gremsy/Ethernet_COM/SleepMode/../Libraries/RTOS/Base/Inc/rtos_base_task.hpp:99:19:virtual RTOS::Base::Task& RTOS::Base::Task::operator+=(RTOS::FuncRtosTaskCallbackType)	0	static
/media/tramtran/DATA/Gremsy/Ethernet_COM/SleepMode/../Libraries/RTOS/Base/Inc/rtos_base_task.hpp:110:18:virtual void RTOS::Base::Task::Sleep(uint32_t)	0	static
/media/tramtran/DATA/Gremsy/Ethernet_COM/SleepMode/../Libraries/RTOS/Base/Inc/rtos_base_task.hpp:116:18:virtual void RTOS::Base::Task::Sleep()	0	static
/media/tramtran/DATA/Gremsy/Ethernet_COM/SleepMode/../Libraries/Hardware/Base/Inc/hardware_base_common.hpp:69:13:HW::Base::Common::~Common()	0	static
/media/tramtran/DATA/Gremsy/Ethernet_COM/SleepMode/../Libraries/Hardware/Base/Inc/hardware_base_common.hpp:84:24:virtual StatusEnum HW::Base::Common::Open()	0	static
/media/tramtran/DATA/Gremsy/Ethernet_COM/SleepMode/../Libraries/Hardware/Base/Inc/hardware_base_common.hpp:90:24:virtual StatusEnum HW::Base::Common::Close()	0	static
/media/tramtran/DATA/Gremsy/Ethernet_COM/SleepMode/../Libraries/Hardware/Base/Inc/hardware_base_common.hpp:96:18:virtual bool HW::Base::Common::IsOpen()	0	static
/media/tramtran/DATA/Gremsy/Ethernet_COM/SleepMode/../Libraries/Hardware/Base/Inc/hardware_base_peripheral_uart.hpp:129:13:HW::Base::Uart::~Uart()	16	static
/media/tramtran/DATA/Gremsy/Ethernet_COM/SleepMode/../Libraries/Hardware/Base/Inc/hardware_base_peripheral_uart.hpp:220:24:virtual StatusEnum HW::Base::Uart::Write(Type::String)	0	static
/media/tramtran/DATA/Gremsy/Ethernet_COM/SleepMode/../Libraries/Hardware/Base/Inc/hardware_base_peripheral_uart.hpp:227:24:virtual StatusEnum HW::Base::Uart::Write(uint8_t*, int)	0	static
/media/tramtran/DATA/Gremsy/Ethernet_COM/SleepMode/../Libraries/Hardware/Base/Inc/hardware_base_peripheral_uart.hpp:231:21:virtual PinEnum HW::Base::Uart::GetTxPin()	0	static
/media/tramtran/DATA/Gremsy/Ethernet_COM/SleepMode/../Libraries/Hardware/Base/Inc/hardware_base_peripheral_uart.hpp:237:21:virtual PinEnum HW::Base::Uart::GetRxPin()	0	static
/media/tramtran/DATA/Gremsy/Ethernet_COM/SleepMode/../Libraries/Hardware/Stm32U5/Inc/hardware_u5_peripheral_uart.hpp:111:13:virtual PinEnum HW::Peripheral::Uart::GetTxPin()	0	static
/media/tramtran/DATA/Gremsy/Ethernet_COM/SleepMode/../Libraries/Hardware/Stm32U5/Inc/hardware_u5_peripheral_uart.hpp:117:13:virtual PinEnum HW::Peripheral::Uart::GetRxPin()	0	static
/media/tramtran/DATA/Gremsy/Ethernet_COM/Libraries/Hardware/Stm32U5/Src/hardware_u5_peripheral_uart.cpp:65:30:HW::Peripheral::Uart* hardware_u5_peripheral_uart_get_pinstance(__UART_HandleTypeDef*)	0	static
/media/tramtran/DATA/Gremsy/Ethernet_COM/SleepMode/../Submodule/SG14/SG14/inplace_function.h:101:19:static constexpr void stdext::inplace_function_detail::vtable<void, const unsigned char*, short unsigned int>::vtable()::<lambda(stdext::inplace_function_detail::vtable<void, const unsigned char*, short unsigned int>::storage_ptr_t, stdext::inplace_function_detail::vtable<void, const unsigned char*, short unsigned int>::storage_ptr_t)>::_FUN(stdext::inplace_function_detail::vtable<void, const unsigned char*, short unsigned int>::storage_ptr_t, stdext::inplace_function_detail::vtable<void, const unsigned char*, short unsigned int>::storage_ptr_t)	0	static
/media/tramtran/DATA/Gremsy/Ethernet_COM/SleepMode/../Submodule/SG14/SG14/inplace_function.h:102:23:static constexpr void stdext::inplace_function_detail::vtable<void, const unsigned char*, short unsigned int>::vtable()::<lambda(stdext::inplace_function_detail::vtable<void, const unsigned char*, short unsigned int>::storage_ptr_t, stdext::inplace_function_detail::vtable<void, const unsigned char*, short unsigned int>::storage_ptr_t)>::_FUN(stdext::inplace_function_detail::vtable<void, const unsigned char*, short unsigned int>::storage_ptr_t, stdext::inplace_function_detail::vtable<void, const unsigned char*, short unsigned int>::storage_ptr_t)	0	static
/media/tramtran/DATA/Gremsy/Ethernet_COM/SleepMode/../Submodule/SG14/SG14/inplace_function.h:103:25:static constexpr void stdext::inplace_function_detail::vtable<void, const unsigned char*, short unsigned int>::vtable()::<lambda(stdext::inplace_function_detail::vtable<void, const unsigned char*, short unsigned int>::storage_ptr_t)>::_FUN(stdext::inplace_function_detail::vtable<void, const unsigned char*, short unsigned int>::storage_ptr_t)	0	static
/media/tramtran/DATA/Gremsy/Ethernet_COM/SleepMode/../Submodule/SG14/SG14/inplace_function.h:101:19:static constexpr void stdext::inplace_function_detail::vtable<void>::vtable()::<lambda(stdext::inplace_function_detail::vtable<void>::storage_ptr_t, stdext::inplace_function_detail::vtable<void>::storage_ptr_t)>::_FUN(stdext::inplace_function_detail::vtable<void>::storage_ptr_t, stdext::inplace_function_detail::vtable<void>::storage_ptr_t)	0	static
/media/tramtran/DATA/Gremsy/Ethernet_COM/SleepMode/../Submodule/SG14/SG14/inplace_function.h:102:23:static constexpr void stdext::inplace_function_detail::vtable<void>::vtable()::<lambda(stdext::inplace_function_detail::vtable<void>::storage_ptr_t, stdext::inplace_function_detail::vtable<void>::storage_ptr_t)>::_FUN(stdext::inplace_function_detail::vtable<void>::storage_ptr_t, stdext::inplace_function_detail::vtable<void>::storage_ptr_t)	0	static
/media/tramtran/DATA/Gremsy/Ethernet_COM/SleepMode/../Submodule/SG14/SG14/inplace_function.h:103:25:static constexpr void stdext::inplace_function_detail::vtable<void>::vtable()::<lambda(stdext::inplace_function_detail::vtable<void>::storage_ptr_t)>::_FUN(stdext::inplace_function_detail::vtable<void>::storage_ptr_t)	0	static
/media/tramtran/DATA/Gremsy/Ethernet_COM/SleepMode/../Libraries/RTOS/rtos_include.hpp:92:10:void RTOS::FreeTaskServiceCallback(void*) [with Task = TaskStatic<2048>]	8	static
/media/tramtran/DATA/Gremsy/Ethernet_COM/Libraries/Hardware/Stm32U5/Src/hardware_u5_peripheral_uart.cpp:52:49:void __tcf_0(void*)	8	static
/media/tramtran/DATA/Gremsy/Ethernet_COM/SleepMode/../Libraries/Hardware/Base/Inc/hardware_base_peripheral_uart.hpp:201:19:virtual HW::Base::Uart& HW::Base::Uart::operator+=(HW::FuncPeripheralUartByteDataReadyCallbackType)	8	static
/media/tramtran/DATA/Gremsy/Ethernet_COM/SleepMode/../Libraries/Hardware/Base/Inc/hardware_base_peripheral_uart.hpp:180:19:virtual HW::Base::Uart& HW::Base::Uart::operator+=(HW::FuncPeriperalUartPacketDataReadyCallbackType)	8	static
/media/tramtran/DATA/Gremsy/Ethernet_COM/SleepMode/../Libraries/Hardware/Base/Inc/hardware_base_peripheral_uart.hpp:163:19:virtual HW::Base::Uart& HW::Base::Uart::operator+=(HW::FuncPeriperalUartErrorCallbackType)	8	static
/media/tramtran/DATA/Gremsy/Ethernet_COM/SleepMode/../Libraries/RTOS/Base/Inc/rtos_base_task.hpp:84:13:RTOS::Base::Task::~Task()	8	static
/media/tramtran/DATA/Gremsy/Ethernet_COM/SleepMode/../Libraries/RTOS/CMSIS_OS_V2/Inc/rtos_cmsis_os_v2_task_static.hpp:41:13:RTOS::TaskStatic<2048>::~TaskStatic()	8	static
/media/tramtran/DATA/Gremsy/Ethernet_COM/SleepMode/../Libraries/RTOS/FreeRTOS/Inc/free_rtos_stream_buffer.hpp:43:17:StatusEnum RTOS::StreamBufferStatic<S>::Open() [with unsigned int S = 4096]	32	static
/media/tramtran/DATA/Gremsy/Ethernet_COM/SleepMode/../Libraries/RTOS/CMSIS_OS_V2/Inc/rtos_cmsis_os_v2_task_static.hpp:58:16:StatusEnum RTOS::TaskStatic<S>::Open() [with unsigned int S = 2048]	8	static
/media/tramtran/DATA/Gremsy/Ethernet_COM/Libraries/Hardware/Stm32U5/Src/hardware_u5_peripheral_uart.cpp:513:12:virtual StatusEnum HW::Peripheral::Uart::Open()	24	static
/media/tramtran/DATA/Gremsy/Ethernet_COM/SleepMode/../Libraries/RTOS/CMSIS_OS_V2/Inc/rtos_cmsis_os_v2_task_static.hpp:87:16:StatusEnum RTOS::TaskStatic<S>::Close() [with unsigned int S = 2048]	8	static
/media/tramtran/DATA/Gremsy/Ethernet_COM/Libraries/Hardware/Stm32U5/Src/hardware_u5_peripheral_uart.cpp:666:12:virtual StatusEnum HW::Peripheral::Uart::Close()	16	static
/media/tramtran/DATA/Gremsy/Ethernet_COM/SleepMode/../Libraries/RTOS/Base/Inc/rtos_base_common.hpp:65:13:virtual RTOS::Base::Common::~Common()	8	static
/media/tramtran/DATA/Gremsy/Ethernet_COM/SleepMode/../Libraries/Hardware/Base/Inc/hardware_base_common.hpp:69:13:virtual HW::Base::Common::~Common()	8	static
/media/tramtran/DATA/Gremsy/Ethernet_COM/SleepMode/../Libraries/RTOS/Base/Inc/rtos_base_task.hpp:84:13:virtual RTOS::Base::Task::~Task()	8	static
/media/tramtran/DATA/Gremsy/Ethernet_COM/SleepMode/../Libraries/Hardware/Base/Inc/hardware_base_peripheral_uart.hpp:129:13:virtual HW::Base::Uart::~Uart()	8	static
/media/tramtran/DATA/Gremsy/Ethernet_COM/SleepMode/../Libraries/RTOS/CMSIS_OS_V2/Inc/rtos_cmsis_os_v2_task_static.hpp:41:13:virtual RTOS::TaskStatic<2048>::~TaskStatic()	8	static
/media/tramtran/DATA/Gremsy/Ethernet_COM/Libraries/Hardware/Stm32U5/Src/hardware_u5_peripheral_uart.cpp:796:1:void __static_initialization_and_destruction_0()	16	static
/media/tramtran/DATA/Gremsy/Ethernet_COM/SleepMode/../Libraries/RTOS/Base/Inc/rtos_base_stream_buffer.hpp:58:5:RTOS::Base::StreamBuffer::~StreamBuffer()	8	static
/media/tramtran/DATA/Gremsy/Ethernet_COM/SleepMode/../Libraries/RTOS/FreeRTOS/Inc/free_rtos_stream_buffer.hpp:40:14:RTOS::StreamBufferStatic<4096>::~StreamBufferStatic()	8	static
/media/tramtran/DATA/Gremsy/Ethernet_COM/SleepMode/../Libraries/RTOS/FreeRTOS/Inc/free_rtos_stream_buffer.hpp:40:14:virtual RTOS::StreamBufferStatic<4096>::~StreamBufferStatic()	8	static
/media/tramtran/DATA/Gremsy/Ethernet_COM/SleepMode/../Libraries/RTOS/Base/Inc/rtos_base_stream_buffer.hpp:58:5:virtual RTOS::Base::StreamBuffer::~StreamBuffer()	8	static
/media/tramtran/DATA/Gremsy/Ethernet_COM/SleepMode/../Libraries/RTOS/CMSIS_OS_V2/Inc/rtos_cmsis_os_v2_task.hpp:86:13:RTOS::Task::~Task()	8	static
/media/tramtran/DATA/Gremsy/Ethernet_COM/SleepMode/../Libraries/Hardware/Stm32U5/Inc/hardware_u5_peripheral_uart.hpp:44:23:HW::Peripheral::Uart::~Uart()	8	static
/media/tramtran/DATA/Gremsy/Ethernet_COM/SleepMode/../Libraries/Hardware/Stm32U5/Inc/hardware_u5_peripheral_uart.hpp:44:23:virtual HW::Peripheral::Uart::~Uart()	8	static
/media/tramtran/DATA/Gremsy/Ethernet_COM/SleepMode/../Libraries/RTOS/CMSIS_OS_V2/Inc/rtos_cmsis_os_v2_task.hpp:86:13:virtual RTOS::Task::~Task()	8	static
/media/tramtran/DATA/Gremsy/Ethernet_COM/SleepMode/../Libraries/Hardware/Stm32U5/Inc/hardware_u5_debug_log.hpp:63:10:HW::Debug::Log& HW::Debug::Log::operator<<(uint32_t)	16	static
/media/tramtran/DATA/Gremsy/Ethernet_COM/Libraries/Hardware/Stm32U5/Src/hardware_u5_peripheral_uart.cpp:137:6:void HW::Peripheral::Uart::__ErrorProcess()	0	static
/media/tramtran/DATA/Gremsy/Ethernet_COM/Libraries/Hardware/Stm32U5/Src/hardware_u5_peripheral_uart.cpp:84:6:void hardware_u5_peripheral_uart_error_callback(__UART_HandleTypeDef*)	8	static
/media/tramtran/DATA/Gremsy/Ethernet_COM/Libraries/Hardware/Stm32U5/Src/hardware_u5_peripheral_uart.cpp:176:6:void HW::Peripheral::Uart::__RXProcess()	288	static
/media/tramtran/DATA/Gremsy/Ethernet_COM/Libraries/Hardware/Stm32U5/Src/hardware_u5_peripheral_uart.cpp:126:13:void hardware_u5_peripheral_uart_rx_task(void*)	8	static
/media/tramtran/DATA/Gremsy/Ethernet_COM/Libraries/Hardware/Stm32U5/Src/hardware_u5_peripheral_uart.cpp:400:6:void HW::Peripheral::Uart::__RXITCpltProcess()	8	static
/media/tramtran/DATA/Gremsy/Ethernet_COM/Libraries/Hardware/Stm32U5/Src/hardware_u5_peripheral_uart.cpp:112:6:void hardware_u5_peripheral_uart_rx_cplt_callback(__UART_HandleTypeDef*)	8	static
/media/tramtran/DATA/Gremsy/Ethernet_COM/Libraries/Hardware/Stm32U5/Src/hardware_u5_peripheral_uart.cpp:420:6:void HW::Peripheral::Uart::_TxRunLoop()	16	static
/media/tramtran/DATA/Gremsy/Ethernet_COM/Libraries/Hardware/Stm32U5/Src/hardware_u5_peripheral_uart.cpp:483:12:StatusEnum HW::Peripheral::Uart::Write(std::span<const unsigned char>)	16	static
/media/tramtran/DATA/Gremsy/Ethernet_COM/Libraries/Hardware/Stm32U5/Src/hardware_u5_peripheral_uart.cpp:456:12:virtual StatusEnum HW::Peripheral::Uart::Write(Type::String)	16	static
/media/tramtran/DATA/Gremsy/Ethernet_COM/Libraries/Hardware/Stm32U5/Src/hardware_u5_peripheral_uart.cpp:473:12:virtual StatusEnum HW::Peripheral::Uart::Write(uint8_t*, int)	16	static
/media/tramtran/DATA/Gremsy/Ethernet_COM/Libraries/Hardware/Stm32U5/Src/hardware_u5_peripheral_uart.cpp:499:12:StatusEnum HW::Peripheral::Uart::Write(const char*)	24	static
/media/tramtran/DATA/Gremsy/Ethernet_COM/Libraries/Hardware/Stm32U5/Src/hardware_u5_peripheral_uart.cpp:728:12:StatusEnum HW::Peripheral::Uart::Reset()	16	static
/media/tramtran/DATA/Gremsy/Ethernet_COM/SleepMode/../Submodule/SG14/SG14/inplace_function.h:98:21:stdext::inplace_function_detail::vtable<void, const unsigned char*, short unsigned int>::vtable()::<lambda(stdext::inplace_function_detail::vtable<void, const unsigned char*, short unsigned int>::storage_ptr_t, const unsigned char*&&, short unsigned int&&)>	8	static
/media/tramtran/DATA/Gremsy/Ethernet_COM/SleepMode/../Submodule/SG14/SG14/inplace_function.h:98:21:static constexpr void stdext::inplace_function_detail::vtable<void, const unsigned char*, short unsigned int>::vtable()::<lambda(stdext::inplace_function_detail::vtable<void, const unsigned char*, short unsigned int>::storage_ptr_t, const unsigned char*&&, short unsigned int&&)>::_FUN(stdext::inplace_function_detail::vtable<void, const unsigned char*, short unsigned int>::storage_ptr_t, const unsigned char*&&, short unsigned int&&)	8	static
/media/tramtran/DATA/Gremsy/Ethernet_COM/SleepMode/../Submodule/SG14/SG14/inplace_function.h:300:23:), Capacity, Alignment>) [with R = void; Args = {const unsigned char*, short unsigned int}; unsigned int Capacity = 32; unsigned int Alignment = 8]	16	static
/media/tramtran/DATA/Gremsy/Ethernet_COM/SleepMode/../Libraries/Hardware/Base/Inc/hardware_base_peripheral_uart.hpp:193:19:virtual HW::Base::Uart& HW::Base::Uart::operator+=(HW::LambdaReceivedPacketCallback&&)	48	static
/media/tramtran/DATA/Gremsy/Ethernet_COM/SleepMode/../Libraries/RTOS/CMSIS_OS_V2/Inc/rtos_cmsis_os_v2_task_static.hpp:194:10:void RTOS::TaskStatic<S>::NotifyFromISR(BaseType_t*) [with unsigned int S = 2048]	8	static
/media/tramtran/DATA/Gremsy/Ethernet_COM/Libraries/Hardware/Stm32U5/Src/hardware_u5_peripheral_uart.cpp:387:6:void HW::Peripheral::Uart::__TXITCpltProcess()	16	static
/media/tramtran/DATA/Gremsy/Ethernet_COM/Libraries/Hardware/Stm32U5/Src/hardware_u5_peripheral_uart.cpp:98:6:void hardware_u5_peripheral_uart_tx_cplt_callback(__UART_HandleTypeDef*)	8	static
/media/tramtran/DATA/Gremsy/Ethernet_COM/SleepMode/../Submodule/SG14/SG14/inplace_function.h:98:21:stdext::inplace_function_detail::vtable<void>::vtable()::<lambda(stdext::inplace_function_detail::vtable<void>::storage_ptr_t)>	8	static
/media/tramtran/DATA/Gremsy/Ethernet_COM/SleepMode/../Submodule/SG14/SG14/inplace_function.h:98:21:static constexpr void stdext::inplace_function_detail::vtable<void>::vtable()::<lambda(stdext::inplace_function_detail::vtable<void>::storage_ptr_t)>::_FUN(stdext::inplace_function_detail::vtable<void>::storage_ptr_t)	8	static
/media/tramtran/DATA/Gremsy/Ethernet_COM/Libraries/Hardware/Stm32U5/Src/hardware_u5_peripheral_uart.cpp:796:1:cpp)	8	static
