/media/tramtran/DATA/Gremsy/Ethernet_COM/SleepMode/../Libraries/Hardware/Base/Inc/hardware_base_common.hpp:69:13:HW::Base::Common::~Common()	0	static
/media/tramtran/DATA/Gremsy/Ethernet_COM/SleepMode/../Libraries/Hardware/Base/Inc/hardware_base_common.hpp:84:24:virtual StatusEnum HW::Base::Common::Open()	0	static
/media/tramtran/DATA/Gremsy/Ethernet_COM/SleepMode/../Libraries/Hardware/Base/Inc/hardware_base_common.hpp:90:24:virtual StatusEnum HW::Base::Common::Close()	0	static
/media/tramtran/DATA/Gremsy/Ethernet_COM/SleepMode/../Libraries/Hardware/Base/Inc/hardware_base_common.hpp:96:18:virtual bool HW::Base::Common::IsOpen()	0	static
/media/tramtran/DATA/Gremsy/Ethernet_COM/SleepMode/../Libraries/Hardware/Base/Inc/hardware_base_peripheral_pwm_in.hpp:83:13:HW::Base::PwmIn::~PwmIn()	0	static
/media/tramtran/DATA/Gremsy/Ethernet_COM/SleepMode/../Libraries/Hardware/Base/Inc/hardware_base_peripheral_pwm_in.hpp:119:22:virtual uint32_t HW::Base::PwmIn::GetFreqRead()	0	static
/media/tramtran/DATA/Gremsy/Ethernet_COM/SleepMode/../Libraries/Hardware/Base/Inc/hardware_base_peripheral_pwm_in.hpp:125:19:virtual float HW::Base::PwmIn::GetFreq()	0	static
/media/tramtran/DATA/Gremsy/Ethernet_COM/SleepMode/../Libraries/Hardware/Base/Inc/hardware_base_peripheral_pwm_in.hpp:131:19:virtual float HW::Base::PwmIn::GetDutyPercent()	0	static
/media/tramtran/DATA/Gremsy/Ethernet_COM/SleepMode/../Libraries/Hardware/Base/Inc/hardware_base_peripheral_pwm_in.hpp:140:18:virtual void HW::Base::PwmIn::__ITProcess(void*)	0	static
/media/tramtran/DATA/Gremsy/Ethernet_COM/Libraries/Hardware/Stm32U5/Src/hardware_u5_peripheral_pwm_in.cpp:28:31:HW::Peripheral::PwmIn* hardware_u5_peripheral_pwmin_get_pinstance(__TIM_HandleTypeDef*)	0	static
/media/tramtran/DATA/Gremsy/Ethernet_COM/Libraries/Hardware/Stm32U5/Src/hardware_u5_peripheral_pwm_in.cpp:42:13:void hardware_u5_peripheral_pwmin_ic_capture_callback(__TIM_HandleTypeDef*)	8	static
/media/tramtran/DATA/Gremsy/Ethernet_COM/Libraries/Hardware/Stm32U5/Src/hardware_u5_peripheral_pwm_in.cpp:68:10:virtual uint32_t HW::Peripheral::PwmIn::GetFreqRead()	0	static
/media/tramtran/DATA/Gremsy/Ethernet_COM/Libraries/Hardware/Stm32U5/Src/hardware_u5_peripheral_pwm_in.cpp:77:7:virtual float HW::Peripheral::PwmIn::GetFreq()	0	static
/media/tramtran/DATA/Gremsy/Ethernet_COM/Libraries/Hardware/Stm32U5/Src/hardware_u5_peripheral_pwm_in.cpp:86:7:virtual float HW::Peripheral::PwmIn::GetDutyPercent()	0	static
/media/tramtran/DATA/Gremsy/Ethernet_COM/SleepMode/../Libraries/Hardware/Stm32U5/Inc/hardware_u5_peripheral_pwm_in.hpp:23:23:HW::Peripheral::PwmIn::~PwmIn()	0	static
/media/tramtran/DATA/Gremsy/Ethernet_COM/Libraries/Hardware/Stm32U5/Src/hardware_u5_peripheral_pwm_in.cpp:51:6:virtual void HW::Peripheral::PwmIn::__ITProcess(void*)	16	static
/media/tramtran/DATA/Gremsy/Ethernet_COM/Libraries/Hardware/Stm32U5/Src/hardware_u5_peripheral_pwm_in.cpp:95:12:virtual StatusEnum HW::Peripheral::PwmIn::Open()	24	static
/media/tramtran/DATA/Gremsy/Ethernet_COM/Libraries/Hardware/Stm32U5/Src/hardware_u5_peripheral_pwm_in.cpp:154:12:virtual StatusEnum HW::Peripheral::PwmIn::Close()	16	static
/media/tramtran/DATA/Gremsy/Ethernet_COM/SleepMode/../Libraries/Hardware/Stm32U5/Inc/hardware_u5_peripheral_pwm_in.hpp:23:23:virtual HW::Peripheral::PwmIn::~PwmIn()	8	static
/media/tramtran/DATA/Gremsy/Ethernet_COM/SleepMode/../Libraries/Hardware/Base/Inc/hardware_base_peripheral_pwm_in.hpp:83:13:virtual HW::Base::PwmIn::~PwmIn()	8	static
/media/tramtran/DATA/Gremsy/Ethernet_COM/SleepMode/../Libraries/Hardware/Base/Inc/hardware_base_common.hpp:69:13:virtual HW::Base::Common::~Common()	8	static
