/media/tramtran/DATA/Gremsy/Ethernet_COM/SleepMode/../Libraries/Hardware/Base/Inc/hardware_base_common.hpp:69:13:HW::Base::Common::~Common()	0	static
/media/tramtran/DATA/Gremsy/Ethernet_COM/SleepMode/../Libraries/Hardware/Base/Inc/hardware_base_common.hpp:84:24:virtual StatusEnum HW::Base::Common::Open()	0	static
/media/tramtran/DATA/Gremsy/Ethernet_COM/SleepMode/../Libraries/Hardware/Base/Inc/hardware_base_common.hpp:90:24:virtual StatusEnum HW::Base::Common::Close()	0	static
/media/tramtran/DATA/Gremsy/Ethernet_COM/SleepMode/../Libraries/Hardware/Base/Inc/hardware_base_common.hpp:96:18:virtual bool HW::Base::Common::IsOpen()	0	static
/media/tramtran/DATA/Gremsy/Ethernet_COM/SleepMode/../Libraries/Hardware/Base/Inc/hardware_base_peripheral_canbus.hpp:109:13:HW::Base::Canbus::~Canbus()	0	static
/media/tramtran/DATA/Gremsy/Ethernet_COM/SleepMode/../Libraries/Hardware/Base/Inc/hardware_base_peripheral_canbus.hpp:182:21:virtual PinEnum HW::Base::Canbus::GetTxPin()	0	static
/media/tramtran/DATA/Gremsy/Ethernet_COM/SleepMode/../Libraries/Hardware/Base/Inc/hardware_base_peripheral_canbus.hpp:188:21:virtual PinEnum HW::Base::Canbus::GetRxPin()	0	static
/media/tramtran/DATA/Gremsy/Ethernet_COM/SleepMode/../Libraries/Hardware/Base/Inc/hardware_base_peripheral_canbus.hpp:196:24:virtual StatusEnum HW::Base::Canbus::Write(uint32_t, uint8_t*, uint8_t)	0	static
/media/tramtran/DATA/Gremsy/Ethernet_COM/Libraries/Hardware/Stm32U5/Src/hardware_u5_peripheral_canbus.cpp:132:12:virtual StatusEnum HW::Peripheral::Canbus::Write(uint32_t, uint8_t*, uint8_t)	0	static
/media/tramtran/DATA/Gremsy/Ethernet_COM/Libraries/Hardware/Stm32U5/Src/hardware_u5_peripheral_canbus.cpp:149:12:virtual StatusEnum HW::Peripheral::Canbus::Open()	0	static
/media/tramtran/DATA/Gremsy/Ethernet_COM/Libraries/Hardware/Stm32U5/Src/hardware_u5_peripheral_canbus.cpp:220:12:virtual StatusEnum HW::Peripheral::Canbus::Close()	0	static
/media/tramtran/DATA/Gremsy/Ethernet_COM/SleepMode/../Libraries/Hardware/Stm32U5/Inc/hardware_u5_peripheral_canbus.hpp:26:23:HW::Peripheral::Canbus::~Canbus()	8	static
/media/tramtran/DATA/Gremsy/Ethernet_COM/SleepMode/../Libraries/Hardware/Base/Inc/hardware_base_peripheral_canbus.hpp:163:21:virtual HW::Base::Canbus& HW::Base::Canbus::operator+=(HW::FuncPeripheralCanbusTxCpltCallbackType)	8	static
/media/tramtran/DATA/Gremsy/Ethernet_COM/SleepMode/../Libraries/Hardware/Base/Inc/hardware_base_peripheral_canbus.hpp:149:21:virtual HW::Base::Canbus& HW::Base::Canbus::operator+=(HW::FuncPeripheralCanbusPacketDataReadyCallbackType)	8	static
/media/tramtran/DATA/Gremsy/Ethernet_COM/SleepMode/../Libraries/Hardware/Base/Inc/hardware_base_peripheral_canbus.hpp:135:21:virtual HW::Base::Canbus& HW::Base::Canbus::operator+=(HW::FuncPeripheralCanbusErrorCallbackType)	8	static
/media/tramtran/DATA/Gremsy/Ethernet_COM/SleepMode/../Libraries/Hardware/Stm32U5/Inc/hardware_u5_peripheral_canbus.hpp:26:23:virtual HW::Peripheral::Canbus::~Canbus()	8	static
/media/tramtran/DATA/Gremsy/Ethernet_COM/SleepMode/../Libraries/Hardware/Base/Inc/hardware_base_peripheral_canbus.hpp:109:13:virtual HW::Base::Canbus::~Canbus()	8	static
/media/tramtran/DATA/Gremsy/Ethernet_COM/SleepMode/../Libraries/Hardware/Base/Inc/hardware_base_common.hpp:69:13:virtual HW::Base::Common::~Common()	8	static
