/media/tramtran/DATA/Gremsy/Ethernet_COM/SleepMode/../Libraries/Hardware/Base/Inc/hardware_base_common.hpp:69:13:HW::Base::Common::~Common()	0	static
/media/tramtran/DATA/Gremsy/Ethernet_COM/SleepMode/../Libraries/Hardware/Base/Inc/hardware_base_common.hpp:84:24:virtual StatusEnum HW::Base::Common::Open()	0	static
/media/tramtran/DATA/Gremsy/Ethernet_COM/SleepMode/../Libraries/Hardware/Base/Inc/hardware_base_common.hpp:90:24:virtual StatusEnum HW::Base::Common::Close()	0	static
/media/tramtran/DATA/Gremsy/Ethernet_COM/SleepMode/../Libraries/Hardware/Base/Inc/hardware_base_common.hpp:96:18:virtual bool HW::Base::Common::IsOpen()	0	static
/media/tramtran/DATA/Gremsy/Ethernet_COM/SleepMode/../Libraries/Hardware/Base/Inc/hardware_base_peripheral_pwm_out.hpp:63:18:virtual void HW::Base::PwmOut::SetPrescaler(uint16_t)	0	static
/media/tramtran/DATA/Gremsy/Ethernet_COM/SleepMode/../Libraries/Hardware/Base/Inc/hardware_base_peripheral_pwm_out.hpp:69:18:virtual void HW::Base::PwmOut::Set1(int)	0	static
/media/tramtran/DATA/Gremsy/Ethernet_COM/SleepMode/../Libraries/Hardware/Base/Inc/hardware_base_peripheral_pwm_out.hpp:70:18:virtual void HW::Base::PwmOut::Set2(int)	0	static
/media/tramtran/DATA/Gremsy/Ethernet_COM/SleepMode/../Libraries/Hardware/Base/Inc/hardware_base_peripheral_pwm_out.hpp:71:18:virtual void HW::Base::PwmOut::Set3(int)	0	static
/media/tramtran/DATA/Gremsy/Ethernet_COM/SleepMode/../Libraries/Hardware/Base/Inc/hardware_base_peripheral_pwm_out.hpp:72:18:virtual void HW::Base::PwmOut::Set4(int)	0	static
/media/tramtran/DATA/Gremsy/Ethernet_COM/SleepMode/../Libraries/Hardware/Base/Inc/hardware_base_peripheral_pwm_out.hpp:78:18:virtual void HW::Base::PwmOut::Set1(float)	0	static
/media/tramtran/DATA/Gremsy/Ethernet_COM/SleepMode/../Libraries/Hardware/Base/Inc/hardware_base_peripheral_pwm_out.hpp:79:18:virtual void HW::Base::PwmOut::Set2(float)	0	static
/media/tramtran/DATA/Gremsy/Ethernet_COM/SleepMode/../Libraries/Hardware/Base/Inc/hardware_base_peripheral_pwm_out.hpp:80:18:virtual void HW::Base::PwmOut::Set3(float)	0	static
/media/tramtran/DATA/Gremsy/Ethernet_COM/SleepMode/../Libraries/Hardware/Base/Inc/hardware_base_peripheral_pwm_out.hpp:81:18:virtual void HW::Base::PwmOut::Set4(float)	0	static
/media/tramtran/DATA/Gremsy/Ethernet_COM/SleepMode/../Libraries/Hardware/Base/Inc/hardware_base_peripheral_pwm_out.hpp:87:22:virtual uint32_t HW::Base::PwmOut::SetFreq(uint32_t)	0	static
/media/tramtran/DATA/Gremsy/Ethernet_COM/SleepMode/../Libraries/Hardware/Base/Inc/hardware_base_peripheral_pwm_out.hpp:93:22:virtual uint32_t HW::Base::PwmOut::GetDutyMax()	0	static
/media/tramtran/DATA/Gremsy/Ethernet_COM/SleepMode/../Libraries/Hardware/Base/Inc/hardware_base_peripheral_pwm_out.hpp:99:28:virtual volatile void* HW::Base::PwmOut::GetRegisterChannel1()	0	static
/media/tramtran/DATA/Gremsy/Ethernet_COM/SleepMode/../Libraries/Hardware/Base/Inc/hardware_base_peripheral_pwm_out.hpp:100:28:virtual volatile void* HW::Base::PwmOut::GetRegisterChannel2()	0	static
/media/tramtran/DATA/Gremsy/Ethernet_COM/SleepMode/../Libraries/Hardware/Base/Inc/hardware_base_peripheral_pwm_out.hpp:101:28:virtual volatile void* HW::Base::PwmOut::GetRegisterChannel3()	0	static
/media/tramtran/DATA/Gremsy/Ethernet_COM/SleepMode/../Libraries/Hardware/Base/Inc/hardware_base_peripheral_pwm_out.hpp:102:28:virtual volatile void* HW::Base::PwmOut::GetRegisterChannel4()	0	static
/media/tramtran/DATA/Gremsy/Ethernet_COM/SleepMode/../Libraries/Hardware/Stm32U5/Inc/hardware_u5_peripheral_pwm_out.hpp:40:20:virtual volatile void* HW::Peripheral::PwmOut::GetRegisterChannel1()	0	static
/media/tramtran/DATA/Gremsy/Ethernet_COM/SleepMode/../Libraries/Hardware/Stm32U5/Inc/hardware_u5_peripheral_pwm_out.hpp:41:20:virtual volatile void* HW::Peripheral::PwmOut::GetRegisterChannel2()	0	static
/media/tramtran/DATA/Gremsy/Ethernet_COM/SleepMode/../Libraries/Hardware/Stm32U5/Inc/hardware_u5_peripheral_pwm_out.hpp:42:20:virtual volatile void* HW::Peripheral::PwmOut::GetRegisterChannel3()	0	static
/media/tramtran/DATA/Gremsy/Ethernet_COM/SleepMode/../Libraries/Hardware/Stm32U5/Inc/hardware_u5_peripheral_pwm_out.hpp:43:20:virtual volatile void* HW::Peripheral::PwmOut::GetRegisterChannel4()	0	static
/media/tramtran/DATA/Gremsy/Ethernet_COM/Libraries/Hardware/Stm32U5/Src/hardware_u5_peripheral_pwm_out.cpp:20:6:virtual void HW::Peripheral::PwmOut::SetPrescaler(uint16_t)	0	static
/media/tramtran/DATA/Gremsy/Ethernet_COM/Libraries/Hardware/Stm32U5/Src/hardware_u5_peripheral_pwm_out.cpp:36:6:virtual void HW::Peripheral::PwmOut::Set1(int)	0	static
/media/tramtran/DATA/Gremsy/Ethernet_COM/Libraries/Hardware/Stm32U5/Src/hardware_u5_peripheral_pwm_out.cpp:52:6:virtual void HW::Peripheral::PwmOut::Set2(int)	0	static
/media/tramtran/DATA/Gremsy/Ethernet_COM/Libraries/Hardware/Stm32U5/Src/hardware_u5_peripheral_pwm_out.cpp:68:6:virtual void HW::Peripheral::PwmOut::Set3(int)	0	static
/media/tramtran/DATA/Gremsy/Ethernet_COM/Libraries/Hardware/Stm32U5/Src/hardware_u5_peripheral_pwm_out.cpp:84:6:virtual void HW::Peripheral::PwmOut::Set4(int)	0	static
/media/tramtran/DATA/Gremsy/Ethernet_COM/Libraries/Hardware/Stm32U5/Src/hardware_u5_peripheral_pwm_out.cpp:100:6:virtual void HW::Peripheral::PwmOut::Set1(float)	0	static
/media/tramtran/DATA/Gremsy/Ethernet_COM/Libraries/Hardware/Stm32U5/Src/hardware_u5_peripheral_pwm_out.cpp:118:6:virtual void HW::Peripheral::PwmOut::Set2(float)	0	static
/media/tramtran/DATA/Gremsy/Ethernet_COM/Libraries/Hardware/Stm32U5/Src/hardware_u5_peripheral_pwm_out.cpp:136:6:virtual void HW::Peripheral::PwmOut::Set3(float)	0	static
/media/tramtran/DATA/Gremsy/Ethernet_COM/Libraries/Hardware/Stm32U5/Src/hardware_u5_peripheral_pwm_out.cpp:154:6:virtual void HW::Peripheral::PwmOut::Set4(float)	0	static
/media/tramtran/DATA/Gremsy/Ethernet_COM/SleepMode/../Libraries/Hardware/Base/Inc/hardware_base_peripheral_pwm_out.hpp:43:17:HW::Base::PwmOut::~PwmOut()	0	static
/media/tramtran/DATA/Gremsy/Ethernet_COM/SleepMode/../Libraries/Hardware/Stm32U5/Inc/hardware_u5_peripheral_pwm_out.hpp:23:23:HW::Peripheral::PwmOut::~PwmOut()	0	static
/media/tramtran/DATA/Gremsy/Ethernet_COM/Libraries/Hardware/Stm32U5/Src/hardware_u5_peripheral_pwm_out.cpp:172:12:virtual StatusEnum HW::Peripheral::PwmOut::Open()	16	static
/media/tramtran/DATA/Gremsy/Ethernet_COM/Libraries/Hardware/Stm32U5/Src/hardware_u5_peripheral_pwm_out.cpp:324:12:virtual StatusEnum HW::Peripheral::PwmOut::Close()	8	static
/media/tramtran/DATA/Gremsy/Ethernet_COM/SleepMode/../Libraries/Hardware/Stm32U5/Inc/hardware_u5_peripheral_pwm_out.hpp:23:23:virtual HW::Peripheral::PwmOut::~PwmOut()	8	static
/media/tramtran/DATA/Gremsy/Ethernet_COM/SleepMode/../Libraries/Hardware/Base/Inc/hardware_base_peripheral_pwm_out.hpp:43:17:virtual HW::Base::PwmOut::~PwmOut()	8	static
/media/tramtran/DATA/Gremsy/Ethernet_COM/SleepMode/../Libraries/Hardware/Base/Inc/hardware_base_common.hpp:69:13:virtual HW::Base::Common::~Common()	8	static
