/media/tramtran/DATA/Gremsy/Ethernet_COM/SleepMode/../Libraries/RTOS/Base/Inc/rtos_base_common.hpp:65:13:RTOS::Base::Common::~Common()	0	static
/media/tramtran/DATA/Gremsy/Ethernet_COM/SleepMode/../Libraries/RTOS/Base/Inc/rtos_base_common.hpp:79:24:virtual StatusEnum RTOS::Base::Common::Open()	0	static
/media/tramtran/DATA/Gremsy/Ethernet_COM/SleepMode/../Libraries/RTOS/Base/Inc/rtos_base_common.hpp:85:24:virtual StatusEnum RTOS::Base::Common::Close()	0	static
/media/tramtran/DATA/Gremsy/Ethernet_COM/SleepMode/../Libraries/RTOS/Base/Inc/rtos_base_common.hpp:92:18:virtual bool RTOS::Base::Common::IsOpen()	0	static
/media/tramtran/DATA/Gremsy/Ethernet_COM/SleepMode/../Libraries/RTOS/Base/Inc/rtos_base_task.hpp:99:19:virtual RTOS::Base::Task& RTOS::Base::Task::operator+=(RTOS::FuncRtosTaskCallbackType)	0	static
/media/tramtran/DATA/Gremsy/Ethernet_COM/SleepMode/../Libraries/RTOS/Base/Inc/rtos_base_task.hpp:110:18:virtual void RTOS::Base::Task::Sleep(uint32_t)	0	static
/media/tramtran/DATA/Gremsy/Ethernet_COM/SleepMode/../Libraries/RTOS/Base/Inc/rtos_base_task.hpp:116:18:virtual void RTOS::Base::Task::Sleep()	0	static
/media/tramtran/DATA/Gremsy/Ethernet_COM/Libraries/RTOS/CMSIS_OS_V2/Src/rtos_cmsis_os_v2_task_event.cpp:52:6:virtual void RTOS::TaskEvent::Sleep(uint32_t)	8	static
/media/tramtran/DATA/Gremsy/Ethernet_COM/Libraries/RTOS/CMSIS_OS_V2/Src/rtos_cmsis_os_v2_task_event.cpp:61:6:virtual void RTOS::TaskEvent::Sleep()	8	static
/media/tramtran/DATA/Gremsy/Ethernet_COM/Libraries/RTOS/CMSIS_OS_V2/Src/rtos_cmsis_os_v2_task_event.cpp:87:12:virtual StatusEnum RTOS::TaskEvent::Open()	16	static
/media/tramtran/DATA/Gremsy/Ethernet_COM/Libraries/RTOS/CMSIS_OS_V2/Src/rtos_cmsis_os_v2_task_event.cpp:137:12:virtual StatusEnum RTOS::TaskEvent::Close()	8	static
/media/tramtran/DATA/Gremsy/Ethernet_COM/SleepMode/../Libraries/RTOS/Base/Inc/rtos_base_common.hpp:65:13:virtual RTOS::Base::Common::~Common()	8	static
/media/tramtran/DATA/Gremsy/Ethernet_COM/SleepMode/../Libraries/RTOS/Base/Inc/rtos_base_task.hpp:84:13:RTOS::Base::Task::~Task()	8	static
/media/tramtran/DATA/Gremsy/Ethernet_COM/SleepMode/../Libraries/RTOS/Base/Inc/rtos_base_task.hpp:84:13:virtual RTOS::Base::Task::~Task()	8	static
/media/tramtran/DATA/Gremsy/Ethernet_COM/SleepMode/../Libraries/RTOS/CMSIS_OS_V2/Inc/rtos_cmsis_os_v2_task_event.hpp:102:13:RTOS::TaskEvent::~TaskEvent()	8	static
/media/tramtran/DATA/Gremsy/Ethernet_COM/SleepMode/../Libraries/RTOS/CMSIS_OS_V2/Inc/rtos_cmsis_os_v2_task_event.hpp:102:13:virtual RTOS::TaskEvent::~TaskEvent()	8	static
/media/tramtran/DATA/Gremsy/Ethernet_COM/Libraries/RTOS/CMSIS_OS_V2/Src/rtos_cmsis_os_v2_task_event.cpp:42:10:static uint32_t RTOS::TaskEvent::GetTaskCount()	8	static
/media/tramtran/DATA/Gremsy/Ethernet_COM/Libraries/RTOS/CMSIS_OS_V2/Src/rtos_cmsis_os_v2_task_event.cpp:70:10:uint32_t RTOS::TaskEvent::Set(uint32_t)	8	static
/media/tramtran/DATA/Gremsy/Ethernet_COM/Libraries/RTOS/CMSIS_OS_V2/Src/rtos_cmsis_os_v2_task_event.cpp:79:10:uint32_t RTOS::TaskEvent::Wait(uint32_t, uint32_t)	8	static
