/media/tramtran/DATA/Gremsy/Ethernet_COM/Libraries/RTOS/CMSIS_OS_V2/Src/rtos_cmsis_os_v2_config.cpp:64:10:uint32_t g_heap_size()	8	static
/media/tramtran/DATA/Gremsy/Ethernet_COM/Libraries/RTOS/CMSIS_OS_V2/Src/rtos_cmsis_os_v2_config.cpp:73:7:void* g_malloc(int)	8	static
/media/tramtran/DATA/Gremsy/Ethernet_COM/Libraries/RTOS/CMSIS_OS_V2/Src/rtos_cmsis_os_v2_config.cpp:82:7:void* g_calloc(int)	8	static
/media/tramtran/DATA/Gremsy/Ethernet_COM/Libraries/RTOS/CMSIS_OS_V2/Src/rtos_cmsis_os_v2_config.cpp:99:6:void g_free(void*)	8	static
/media/tramtran/DATA/Gremsy/Ethernet_COM/Libraries/RTOS/CMSIS_OS_V2/Src/rtos_cmsis_os_v2_config.cpp:48:6:void g_heap_init()	16	static
/media/tramtran/DATA/Gremsy/Ethernet_COM/Libraries/RTOS/CMSIS_OS_V2/Src/rtos_cmsis_os_v2_config.cpp:109:6:bool g_is_var_heap(void*)	0	static
/media/tramtran/DATA/Gremsy/Ethernet_COM/Libraries/RTOS/CMSIS_OS_V2/Src/rtos_cmsis_os_v2_config.cpp:125:6:void g_os_delay(int)	8	static
/media/tramtran/DATA/Gremsy/Ethernet_COM/Libraries/RTOS/CMSIS_OS_V2/Src/rtos_cmsis_os_v2_config.cpp:135:6:void g_rtos_init()	8	static
