/media/tramtran/DATA/Gremsy/Ethernet_COM/SleepMode/../Libraries/RTOS/Base/Inc/rtos_base_common.hpp:65:13:RTOS::Base::Common::~Common()	0	static
/media/tramtran/DATA/Gremsy/Ethernet_COM/SleepMode/../Libraries/RTOS/Base/Inc/rtos_base_common.hpp:79:24:virtual StatusEnum RTOS::Base::Common::Open()	0	static
/media/tramtran/DATA/Gremsy/Ethernet_COM/SleepMode/../Libraries/RTOS/Base/Inc/rtos_base_common.hpp:85:24:virtual StatusEnum RTOS::Base::Common::Close()	0	static
/media/tramtran/DATA/Gremsy/Ethernet_COM/SleepMode/../Libraries/RTOS/Base/Inc/rtos_base_common.hpp:92:18:virtual bool RTOS::Base::Common::IsOpen()	0	static
/media/tramtran/DATA/Gremsy/Ethernet_COM/SleepMode/../Libraries/RTOS/Base/Inc/rtos_base_task.hpp:99:19:virtual RTOS::Base::Task& RTOS::Base::Task::operator+=(RTOS::FuncRtosTaskCallbackType)	0	static
/media/tramtran/DATA/Gremsy/Ethernet_COM/SleepMode/../Libraries/RTOS/Base/Inc/rtos_base_task.hpp:110:18:virtual void RTOS::Base::Task::Sleep(uint32_t)	0	static
/media/tramtran/DATA/Gremsy/Ethernet_COM/SleepMode/../Libraries/RTOS/Base/Inc/rtos_base_task.hpp:116:18:virtual void RTOS::Base::Task::Sleep()	0	static
/media/tramtran/DATA/Gremsy/Ethernet_COM/Libraries/RTOS/CMSIS_OS_V2/Src/rtos_cmsis_os_v2_task.cpp:54:6:virtual void RTOS::Task::Sleep(uint32_t)	8	static
/media/tramtran/DATA/Gremsy/Ethernet_COM/Libraries/RTOS/CMSIS_OS_V2/Src/rtos_cmsis_os_v2_task.cpp:63:6:virtual void RTOS::Task::Sleep()	8	static
/media/tramtran/DATA/Gremsy/Ethernet_COM/Libraries/RTOS/CMSIS_OS_V2/Src/rtos_cmsis_os_v2_task.cpp:79:12:virtual StatusEnum RTOS::Task::Open()	16	static
/media/tramtran/DATA/Gremsy/Ethernet_COM/Libraries/RTOS/CMSIS_OS_V2/Src/rtos_cmsis_os_v2_task.cpp:120:12:virtual StatusEnum RTOS::Task::Close()	8	static
/media/tramtran/DATA/Gremsy/Ethernet_COM/SleepMode/../Libraries/RTOS/Base/Inc/rtos_base_common.hpp:65:13:virtual RTOS::Base::Common::~Common()	8	static
/media/tramtran/DATA/Gremsy/Ethernet_COM/SleepMode/../Libraries/RTOS/Base/Inc/rtos_base_task.hpp:84:13:RTOS::Base::Task::~Task()	8	static
/media/tramtran/DATA/Gremsy/Ethernet_COM/SleepMode/../Libraries/RTOS/Base/Inc/rtos_base_task.hpp:84:13:virtual RTOS::Base::Task::~Task()	8	static
/media/tramtran/DATA/Gremsy/Ethernet_COM/SleepMode/../Libraries/RTOS/CMSIS_OS_V2/Inc/rtos_cmsis_os_v2_task.hpp:86:13:RTOS::Task::~Task()	8	static
/media/tramtran/DATA/Gremsy/Ethernet_COM/SleepMode/../Libraries/RTOS/CMSIS_OS_V2/Inc/rtos_cmsis_os_v2_task.hpp:86:13:virtual RTOS::Task::~Task()	8	static
/media/tramtran/DATA/Gremsy/Ethernet_COM/Libraries/RTOS/CMSIS_OS_V2/Src/rtos_cmsis_os_v2_task.cpp:44:10:static uint32_t RTOS::Task::GetTaskCount()	8	static
/media/tramtran/DATA/Gremsy/Ethernet_COM/Libraries/RTOS/CMSIS_OS_V2/Src/rtos_cmsis_os_v2_task.cpp:72:6:void RTOS::Task::SleepUntil()	8	static
