/media/tramtran/DATA/Gremsy/Ethernet_COM/SleepMode/../Libraries/RTOS/Base/Inc/rtos_base_common.hpp:65:13:RTOS::Base::Common::~Common()	0	static
/media/tramtran/DATA/Gremsy/Ethernet_COM/SleepMode/../Libraries/RTOS/Base/Inc/rtos_base_common.hpp:79:24:virtual StatusEnum RTOS::Base::Common::Open()	0	static
/media/tramtran/DATA/Gremsy/Ethernet_COM/SleepMode/../Libraries/RTOS/Base/Inc/rtos_base_common.hpp:85:24:virtual StatusEnum RTOS::Base::Common::Close()	0	static
/media/tramtran/DATA/Gremsy/Ethernet_COM/SleepMode/../Libraries/RTOS/Base/Inc/rtos_base_common.hpp:92:18:virtual bool RTOS::Base::Common::IsOpen()	0	static
/media/tramtran/DATA/Gremsy/Ethernet_COM/SleepMode/../Libraries/RTOS/Base/Inc/rtos_base_event.hpp:62:22:virtual uint32_t RTOS::Base::Event::Set(uint32_t)	0	static
/media/tramtran/DATA/Gremsy/Ethernet_COM/SleepMode/../Libraries/RTOS/Base/Inc/rtos_base_event.hpp:68:22:virtual uint32_t RTOS::Base::Event::Wait(uint32_t, uint32_t)	0	static
/media/tramtran/DATA/Gremsy/Ethernet_COM/SleepMode/../Libraries/RTOS/Base/Inc/rtos_base_event.hpp:41:19:RTOS::Base::Event::~Event()	0	static
/media/tramtran/DATA/Gremsy/Ethernet_COM/SleepMode/../Libraries/RTOS/CMSIS_OS_V2/Inc/rtos_cmsis_os_v2_event.hpp:84:13:RTOS::Event::~Event()	0	static
/media/tramtran/DATA/Gremsy/Ethernet_COM/Libraries/RTOS/CMSIS_OS_V2/Src/rtos_cmsis_os_v2_event.cpp:43:10:virtual uint32_t RTOS::Event::Set(uint32_t)	8	static
/media/tramtran/DATA/Gremsy/Ethernet_COM/Libraries/RTOS/CMSIS_OS_V2/Src/rtos_cmsis_os_v2_event.cpp:55:10:virtual uint32_t RTOS::Event::Wait(uint32_t, uint32_t)	8	static
/media/tramtran/DATA/Gremsy/Ethernet_COM/Libraries/RTOS/CMSIS_OS_V2/Src/rtos_cmsis_os_v2_event.cpp:72:12:virtual StatusEnum RTOS::Event::Open()	8	static
/media/tramtran/DATA/Gremsy/Ethernet_COM/Libraries/RTOS/CMSIS_OS_V2/Src/rtos_cmsis_os_v2_event.cpp:105:12:virtual StatusEnum RTOS::Event::Close()	8	static
/media/tramtran/DATA/Gremsy/Ethernet_COM/SleepMode/../Libraries/RTOS/Base/Inc/rtos_base_common.hpp:65:13:virtual RTOS::Base::Common::~Common()	8	static
/media/tramtran/DATA/Gremsy/Ethernet_COM/SleepMode/../Libraries/RTOS/Base/Inc/rtos_base_event.hpp:41:19:virtual RTOS::Base::Event::~Event()	8	static
/media/tramtran/DATA/Gremsy/Ethernet_COM/SleepMode/../Libraries/RTOS/CMSIS_OS_V2/Inc/rtos_cmsis_os_v2_event.hpp:84:13:virtual RTOS::Event::~Event()	8	static
/media/tramtran/DATA/Gremsy/Ethernet_COM/Libraries/RTOS/CMSIS_OS_V2/Src/rtos_cmsis_os_v2_event.cpp:62:10:uint32_t RTOS::Event::Get()	8	static
