/media/tramtran/DATA/Gremsy/Ethernet_COM/SleepMode/../Libraries/RTOS/Base/Inc/rtos_base_common.hpp:65:13:RTOS::Base::Common::~Common()	0	static
/media/tramtran/DATA/Gremsy/Ethernet_COM/SleepMode/../Libraries/RTOS/Base/Inc/rtos_base_common.hpp:79:24:virtual StatusEnum RTOS::Base::Common::Open()	0	static
/media/tramtran/DATA/Gremsy/Ethernet_COM/SleepMode/../Libraries/RTOS/Base/Inc/rtos_base_common.hpp:85:24:virtual StatusEnum RTOS::Base::Common::Close()	0	static
/media/tramtran/DATA/Gremsy/Ethernet_COM/SleepMode/../Libraries/RTOS/Base/Inc/rtos_base_common.hpp:92:18:virtual bool RTOS::Base::Common::IsOpen()	0	static
/media/tramtran/DATA/Gremsy/Ethernet_COM/SleepMode/../Libraries/RTOS/Base/Inc/rtos_base_task.hpp:99:19:virtual RTOS::Base::Task& RTOS::Base::Task::operator+=(RTOS::FuncRtosTaskCallbackType)	0	static
/media/tramtran/DATA/Gremsy/Ethernet_COM/SleepMode/../Libraries/RTOS/Base/Inc/rtos_base_task.hpp:110:18:virtual void RTOS::Base::Task::Sleep(uint32_t)	0	static
/media/tramtran/DATA/Gremsy/Ethernet_COM/SleepMode/../Libraries/RTOS/Base/Inc/rtos_base_task.hpp:116:18:virtual void RTOS::Base::Task::Sleep()	0	static
/media/tramtran/DATA/Gremsy/Ethernet_COM/SleepMode/../Libraries/RTOS/Base/Inc/rtos_base_event.hpp:62:22:virtual uint32_t RTOS::Base::Event::Set(uint32_t)	0	static
/media/tramtran/DATA/Gremsy/Ethernet_COM/SleepMode/../Libraries/RTOS/Base/Inc/rtos_base_event.hpp:68:22:virtual uint32_t RTOS::Base::Event::Wait(uint32_t, uint32_t)	0	static
/media/tramtran/DATA/Gremsy/Ethernet_COM/SleepMode/../Libraries/RTOS/Base/Inc/rtos_base_event.hpp:41:19:RTOS::Base::Event::~Event()	0	static
/media/tramtran/DATA/Gremsy/Ethernet_COM/SleepMode/../Libraries/Hardware/Base/Inc/hardware_base_common.hpp:69:13:HW::Base::Common::~Common()	0	static
/media/tramtran/DATA/Gremsy/Ethernet_COM/SleepMode/../Libraries/Hardware/Base/Inc/hardware_base_common.hpp:84:24:virtual StatusEnum HW::Base::Common::Open()	0	static
/media/tramtran/DATA/Gremsy/Ethernet_COM/SleepMode/../Libraries/Hardware/Base/Inc/hardware_base_common.hpp:90:24:virtual StatusEnum HW::Base::Common::Close()	0	static
/media/tramtran/DATA/Gremsy/Ethernet_COM/SleepMode/../Libraries/Hardware/Base/Inc/hardware_base_common.hpp:96:18:virtual bool HW::Base::Common::IsOpen()	0	static
/media/tramtran/DATA/Gremsy/Ethernet_COM/SleepMode/../Libraries/Hardware/Base/Inc/hardware_base_peripheral_uart.hpp:129:13:HW::Base::Uart::~Uart()	16	static
/media/tramtran/DATA/Gremsy/Ethernet_COM/SleepMode/../Libraries/Hardware/Base/Inc/hardware_base_peripheral_uart.hpp:220:24:virtual StatusEnum HW::Base::Uart::Write(Type::String)	0	static
/media/tramtran/DATA/Gremsy/Ethernet_COM/SleepMode/../Libraries/Hardware/Base/Inc/hardware_base_peripheral_uart.hpp:227:24:virtual StatusEnum HW::Base::Uart::Write(uint8_t*, int)	0	static
/media/tramtran/DATA/Gremsy/Ethernet_COM/SleepMode/../Libraries/Hardware/Base/Inc/hardware_base_peripheral_uart.hpp:231:21:virtual PinEnum HW::Base::Uart::GetTxPin()	0	static
/media/tramtran/DATA/Gremsy/Ethernet_COM/SleepMode/../Libraries/Hardware/Base/Inc/hardware_base_peripheral_uart.hpp:237:21:virtual PinEnum HW::Base::Uart::GetRxPin()	0	static
/media/tramtran/DATA/Gremsy/Ethernet_COM/SleepMode/../Libraries/Hardware/Base/Inc/hardware_base_peripheral_spi.hpp:183:24:virtual StatusEnum HW::Base::Spi::SendGet(uint8_t*, uint8_t*, int)	0	static
/media/tramtran/DATA/Gremsy/Ethernet_COM/SleepMode/../Libraries/Hardware/Base/Inc/hardware_base_peripheral_spi.hpp:190:24:virtual StatusEnum HW::Base::Spi::Send(uint8_t*, int)	0	static
/media/tramtran/DATA/Gremsy/Ethernet_COM/SleepMode/../Libraries/Hardware/Base/Inc/hardware_base_peripheral_spi.hpp:197:24:virtual StatusEnum HW::Base::Spi::Send(std::span<const unsigned char>)	8	static
/media/tramtran/DATA/Gremsy/Ethernet_COM/SleepMode/../Libraries/Hardware/Base/Inc/hardware_base_peripheral_spi.hpp:198:24:virtual StatusEnum HW::Base::Spi::Get(uint8_t*, int)	0	static
/media/tramtran/DATA/Gremsy/Ethernet_COM/SleepMode/../Libraries/Hardware/Base/Inc/hardware_base_peripheral_spi.hpp:199:24:virtual StatusEnum HW::Base::Spi::Read(uint8_t*, uint8_t*, int)	0	static
/media/tramtran/DATA/Gremsy/Ethernet_COM/SleepMode/../Libraries/Hardware/Base/Inc/hardware_base_peripheral_spi.hpp:207:24:virtual StatusEnum HW::Base::Spi::Add(Type::String, HW::FuncPeripheralSpiWriteCallbackType, object)	0	static
/media/tramtran/DATA/Gremsy/Ethernet_COM/SleepMode/../Libraries/Hardware/Base/Inc/hardware_base_peripheral_spi.hpp:221:24:virtual StatusEnum HW::Base::Spi::Add(Type::String, HW::FuncPeripheralSpiWriteCallbackType, uint32_t, object)	0	static
/media/tramtran/DATA/Gremsy/Ethernet_COM/SleepMode/../Libraries/Hardware/Base/Inc/hardware_base_peripheral_spi.hpp:229:24:virtual StatusEnum HW::Base::Spi::Abort()	0	static
/media/tramtran/DATA/Gremsy/Ethernet_COM/SleepMode/../Libraries/Hardware/Base/Inc/hardware_base_peripheral_spi.hpp:231:18:virtual void HW::Base::Spi::Lock()	0	static
/media/tramtran/DATA/Gremsy/Ethernet_COM/SleepMode/../Libraries/Hardware/Base/Inc/hardware_base_peripheral_spi.hpp:232:18:virtual void HW::Base::Spi::Unlock()	0	static
/media/tramtran/DATA/Gremsy/Ethernet_COM/SleepMode/../Libraries/Hardware/Base/Inc/hardware_base_peripheral_spi.hpp:240:18:virtual void HW::Base::Spi::__ITTxRxCpltProcess()	0	static
/media/tramtran/DATA/Gremsy/Ethernet_COM/SleepMode/../Libraries/Hardware/Base/Inc/hardware_base_peripheral_spi.hpp:246:18:virtual void HW::Base::Spi::__TaskProcess()	0	static
/media/tramtran/DATA/Gremsy/Ethernet_COM/SleepMode/../Libraries/Hardware/Base/Inc/hardware_base_peripheral_spi.hpp:251:18:virtual void HW::Base::Spi::__ErrorProcess()	0	static
/media/tramtran/DATA/Gremsy/Ethernet_COM/SleepMode/../Libraries/Hardware/Base/Inc/hardware_base_peripheral_flash.hpp:59:24:virtual StatusEnum HW::Base::Flash::Earse()	0	static
/media/tramtran/DATA/Gremsy/Ethernet_COM/SleepMode/../Libraries/Hardware/Base/Inc/hardware_base_peripheral_flash.hpp:65:22:virtual uint32_t HW::Base::Flash::GetSize()	0	static
/media/tramtran/DATA/Gremsy/Ethernet_COM/SleepMode/../Libraries/Hardware/Base/Inc/hardware_base_peripheral_flash.hpp:73:24:virtual StatusEnum HW::Base::Flash::Write(uint32_t, uint8_t*, int)	0	static
/media/tramtran/DATA/Gremsy/Ethernet_COM/SleepMode/../Libraries/Hardware/Base/Inc/hardware_base_peripheral_flash.hpp:74:24:virtual StatusEnum HW::Base::Flash::Write(uint32_t, const char*)	0	static
/media/tramtran/DATA/Gremsy/Ethernet_COM/SleepMode/../Libraries/Hardware/Base/Inc/hardware_base_peripheral_flash.hpp:75:24:virtual StatusEnum HW::Base::Flash::Write(uint32_t, uint8_t)	0	static
/media/tramtran/DATA/Gremsy/Ethernet_COM/SleepMode/../Libraries/Hardware/Base/Inc/hardware_base_peripheral_flash.hpp:76:24:virtual StatusEnum HW::Base::Flash::Write(uint32_t, uint16_t)	0	static
/media/tramtran/DATA/Gremsy/Ethernet_COM/SleepMode/../Libraries/Hardware/Base/Inc/hardware_base_peripheral_flash.hpp:77:24:virtual StatusEnum HW::Base::Flash::Write(uint32_t, uint32_t)	0	static
/media/tramtran/DATA/Gremsy/Ethernet_COM/SleepMode/../Libraries/Hardware/Base/Inc/hardware_base_peripheral_flash.hpp:78:24:virtual StatusEnum HW::Base::Flash::Write(uint32_t, uint64_t)	0	static
/media/tramtran/DATA/Gremsy/Ethernet_COM/SleepMode/../Libraries/Hardware/Base/Inc/hardware_base_peripheral_flash.hpp:86:24:virtual StatusEnum HW::Base::Flash::Read(uint32_t, uint8_t*, int)	0	static
/media/tramtran/DATA/Gremsy/Ethernet_COM/SleepMode/../Libraries/Hardware/Base/Inc/hardware_base_peripheral_flash.hpp:87:24:virtual StatusEnum HW::Base::Flash::Read(uint32_t, uint8_t*)	0	static
/media/tramtran/DATA/Gremsy/Ethernet_COM/SleepMode/../Libraries/Hardware/Base/Inc/hardware_base_peripheral_flash.hpp:88:24:virtual StatusEnum HW::Base::Flash::Read(uint32_t, uint16_t*)	0	static
/media/tramtran/DATA/Gremsy/Ethernet_COM/SleepMode/../Libraries/Hardware/Base/Inc/hardware_base_peripheral_flash.hpp:89:24:virtual StatusEnum HW::Base::Flash::Read(uint32_t, uint32_t*)	0	static
/media/tramtran/DATA/Gremsy/Ethernet_COM/SleepMode/../Libraries/Hardware/Base/Inc/hardware_base_peripheral_flash.hpp:90:24:virtual StatusEnum HW::Base::Flash::Read(uint32_t, uint64_t*)	0	static
/media/tramtran/DATA/Gremsy/Ethernet_COM/SleepMode/../Libraries/Driver/ConnectionBase.hpp:66:24:virtual StatusEnum Connection::Open()	0	static
/media/tramtran/DATA/Gremsy/Ethernet_COM/SleepMode/../Libraries/Driver/ConnectionBase.hpp:73:24:virtual StatusEnum Connection::Close()	0	static
/media/tramtran/DATA/Gremsy/Ethernet_COM/SleepMode/../Libraries/Driver/ConnectionBase.hpp:80:18:virtual void Connection::ReadDataCallback(std::span<const unsigned char>)	8	static
/media/tramtran/DATA/Gremsy/Ethernet_COM/SleepMode/User/StorageParam/StorageParam.hpp:146:7:constexpr Storage::NetworkParam::~NetworkParam()	0	static
/media/tramtran/DATA/Gremsy/Ethernet_COM/SleepMode/User/StorageParam/StorageParam.hpp:165:7:constexpr Storage::ImuParam::~ImuParam()	0	static
/media/tramtran/DATA/Gremsy/Ethernet_COM/SleepMode/../Libraries/Hardware/Base/Inc/hardware_base_peripheral_flash.hpp:40:17:HW::Base::Flash::~Flash()	0	static
/media/tramtran/DATA/Gremsy/Ethernet_COM/SleepMode/../Submodule/SG14/SG14/inplace_function.h:101:19:static constexpr void stdext::inplace_function_detail::vtable<void, const unsigned char*, short unsigned int>::vtable()::<lambda(stdext::inplace_function_detail::vtable<void, const unsigned char*, short unsigned int>::storage_ptr_t, stdext::inplace_function_detail::vtable<void, const unsigned char*, short unsigned int>::storage_ptr_t)>::_FUN(stdext::inplace_function_detail::vtable<void, const unsigned char*, short unsigned int>::storage_ptr_t, stdext::inplace_function_detail::vtable<void, const unsigned char*, short unsigned int>::storage_ptr_t)	0	static
/media/tramtran/DATA/Gremsy/Ethernet_COM/SleepMode/../Submodule/SG14/SG14/inplace_function.h:102:23:static constexpr void stdext::inplace_function_detail::vtable<void, const unsigned char*, short unsigned int>::vtable()::<lambda(stdext::inplace_function_detail::vtable<void, const unsigned char*, short unsigned int>::storage_ptr_t, stdext::inplace_function_detail::vtable<void, const unsigned char*, short unsigned int>::storage_ptr_t)>::_FUN(stdext::inplace_function_detail::vtable<void, const unsigned char*, short unsigned int>::storage_ptr_t, stdext::inplace_function_detail::vtable<void, const unsigned char*, short unsigned int>::storage_ptr_t)	0	static
/media/tramtran/DATA/Gremsy/Ethernet_COM/SleepMode/../Submodule/SG14/SG14/inplace_function.h:103:25:static constexpr void stdext::inplace_function_detail::vtable<void, const unsigned char*, short unsigned int>::vtable()::<lambda(stdext::inplace_function_detail::vtable<void, const unsigned char*, short unsigned int>::storage_ptr_t)>::_FUN(stdext::inplace_function_detail::vtable<void, const unsigned char*, short unsigned int>::storage_ptr_t)	0	static
/media/tramtran/DATA/Gremsy/Ethernet_COM/SleepMode/../Submodule/SG14/SG14/inplace_function.h:112:19:static constexpr void stdext::inplace_function_detail::vtable<void>::vtable<HW::Peripheral::Uart::<lambda()> >(stdext::inplace_function_detail::wrapper<HW::Peripheral::Uart::<lambda()> >)::<lambda(stdext::inplace_function_detail::vtable<void>::storage_ptr_t, stdext::inplace_function_detail::vtable<void>::storage_ptr_t)>::_FUN(stdext::inplace_function_detail::vtable<void>::storage_ptr_t, stdext::inplace_function_detail::vtable<void>::storage_ptr_t)	0	static
/media/tramtran/DATA/Gremsy/Ethernet_COM/SleepMode/../Submodule/SG14/SG14/inplace_function.h:115:23:static constexpr void stdext::inplace_function_detail::vtable<void>::vtable<HW::Peripheral::Uart::<lambda()> >(stdext::inplace_function_detail::wrapper<HW::Peripheral::Uart::<lambda()> >)::<lambda(stdext::inplace_function_detail::vtable<void>::storage_ptr_t, stdext::inplace_function_detail::vtable<void>::storage_ptr_t)>::_FUN(stdext::inplace_function_detail::vtable<void>::storage_ptr_t, stdext::inplace_function_detail::vtable<void>::storage_ptr_t)	0	static
/media/tramtran/DATA/Gremsy/Ethernet_COM/SleepMode/../Submodule/SG14/SG14/inplace_function.h:121:25:static constexpr void stdext::inplace_function_detail::vtable<void>::vtable<HW::Peripheral::Uart::<lambda()> >(stdext::inplace_function_detail::wrapper<HW::Peripheral::Uart::<lambda()> >)::<lambda(stdext::inplace_function_detail::vtable<void>::storage_ptr_t)>::_FUN(stdext::inplace_function_detail::vtable<void>::storage_ptr_t)	0	static
/media/tramtran/DATA/Gremsy/Ethernet_COM/SleepMode/../Submodule/SG14/SG14/inplace_function.h:112:19:static constexpr void stdext::inplace_function_detail::vtable<void>::vtable<SleepMode_Com::<lambda()> >(stdext::inplace_function_detail::wrapper<SleepMode_Com::<lambda()> >)::<lambda(stdext::inplace_function_detail::vtable<void>::storage_ptr_t, stdext::inplace_function_detail::vtable<void>::storage_ptr_t)>::_FUN(stdext::inplace_function_detail::vtable<void>::storage_ptr_t, stdext::inplace_function_detail::vtable<void>::storage_ptr_t)	0	static
/media/tramtran/DATA/Gremsy/Ethernet_COM/SleepMode/../Submodule/SG14/SG14/inplace_function.h:115:23:static constexpr void stdext::inplace_function_detail::vtable<void>::vtable<SleepMode_Com::<lambda()> >(stdext::inplace_function_detail::wrapper<SleepMode_Com::<lambda()> >)::<lambda(stdext::inplace_function_detail::vtable<void>::storage_ptr_t, stdext::inplace_function_detail::vtable<void>::storage_ptr_t)>::_FUN(stdext::inplace_function_detail::vtable<void>::storage_ptr_t, stdext::inplace_function_detail::vtable<void>::storage_ptr_t)	0	static
/media/tramtran/DATA/Gremsy/Ethernet_COM/SleepMode/../Submodule/SG14/SG14/inplace_function.h:121:25:static constexpr void stdext::inplace_function_detail::vtable<void>::vtable<SleepMode_Com::<lambda()> >(stdext::inplace_function_detail::wrapper<SleepMode_Com::<lambda()> >)::<lambda(stdext::inplace_function_detail::vtable<void>::storage_ptr_t)>::_FUN(stdext::inplace_function_detail::vtable<void>::storage_ptr_t)	0	static
/media/tramtran/DATA/Gremsy/Ethernet_COM/SleepMode/../Submodule/SG14/SG14/inplace_function.h:112:19:static constexpr void stdext::inplace_function_detail::vtable<void>::vtable<MavlinkHandler::<lambda()> >(stdext::inplace_function_detail::wrapper<MavlinkHandler::<lambda()> >)::<lambda(stdext::inplace_function_detail::vtable<void>::storage_ptr_t, stdext::inplace_function_detail::vtable<void>::storage_ptr_t)>::_FUN(stdext::inplace_function_detail::vtable<void>::storage_ptr_t, stdext::inplace_function_detail::vtable<void>::storage_ptr_t)	0	static
/media/tramtran/DATA/Gremsy/Ethernet_COM/SleepMode/../Submodule/SG14/SG14/inplace_function.h:115:23:static constexpr void stdext::inplace_function_detail::vtable<void>::vtable<MavlinkHandler::<lambda()> >(stdext::inplace_function_detail::wrapper<MavlinkHandler::<lambda()> >)::<lambda(stdext::inplace_function_detail::vtable<void>::storage_ptr_t, stdext::inplace_function_detail::vtable<void>::storage_ptr_t)>::_FUN(stdext::inplace_function_detail::vtable<void>::storage_ptr_t, stdext::inplace_function_detail::vtable<void>::storage_ptr_t)	0	static
/media/tramtran/DATA/Gremsy/Ethernet_COM/SleepMode/../Submodule/SG14/SG14/inplace_function.h:121:25:static constexpr void stdext::inplace_function_detail::vtable<void>::vtable<MavlinkHandler::<lambda()> >(stdext::inplace_function_detail::wrapper<MavlinkHandler::<lambda()> >)::<lambda(stdext::inplace_function_detail::vtable<void>::storage_ptr_t)>::_FUN(stdext::inplace_function_detail::vtable<void>::storage_ptr_t)	0	static
/media/tramtran/DATA/Gremsy/Ethernet_COM/SleepMode/../Submodule/SG14/SG14/inplace_function.h:101:19:static constexpr void stdext::inplace_function_detail::vtable<void>::vtable()::<lambda(stdext::inplace_function_detail::vtable<void>::storage_ptr_t, stdext::inplace_function_detail::vtable<void>::storage_ptr_t)>::_FUN(stdext::inplace_function_detail::vtable<void>::storage_ptr_t, stdext::inplace_function_detail::vtable<void>::storage_ptr_t)	0	static
/media/tramtran/DATA/Gremsy/Ethernet_COM/SleepMode/../Submodule/SG14/SG14/inplace_function.h:102:23:static constexpr void stdext::inplace_function_detail::vtable<void>::vtable()::<lambda(stdext::inplace_function_detail::vtable<void>::storage_ptr_t, stdext::inplace_function_detail::vtable<void>::storage_ptr_t)>::_FUN(stdext::inplace_function_detail::vtable<void>::storage_ptr_t, stdext::inplace_function_detail::vtable<void>::storage_ptr_t)	0	static
/media/tramtran/DATA/Gremsy/Ethernet_COM/SleepMode/../Submodule/SG14/SG14/inplace_function.h:103:25:static constexpr void stdext::inplace_function_detail::vtable<void>::vtable()::<lambda(stdext::inplace_function_detail::vtable<void>::storage_ptr_t)>::_FUN(stdext::inplace_function_detail::vtable<void>::storage_ptr_t)	0	static
/media/tramtran/DATA/Gremsy/Ethernet_COM/SleepMode/../Libraries/Hardware/Stm32U5/Inc/hardware_u5_peripheral_flash.hpp:33:23:HW::Peripheral::Flash::~Flash()	0	static
/media/tramtran/DATA/Gremsy/Ethernet_COM/SleepMode/../Libraries/RTOS/rtos_include.hpp:92:10:void RTOS::FreeTaskServiceCallback(void*) [with Task = TaskStatic<4096>]	8	static
/media/tramtran/DATA/Gremsy/Ethernet_COM/SleepMode/../Libraries/RTOS/rtos_include.hpp:92:10:void RTOS::FreeTaskServiceCallback(void*) [with Task = TaskStatic<5048>]	8	static
/media/tramtran/DATA/Gremsy/Ethernet_COM/SleepMode/../Libraries/RTOS/rtos_include.hpp:92:10:void RTOS::FreeTaskServiceCallback(void*) [with Task = TaskStatic<2048>]	8	static
/media/tramtran/DATA/Gremsy/Ethernet_COM/SleepMode/../Libraries/RTOS/Base/Inc/rtos_base_common.hpp:65:13:virtual RTOS::Base::Common::~Common()	8	static
/media/tramtran/DATA/Gremsy/Ethernet_COM/SleepMode/../Libraries/Hardware/Base/Inc/hardware_base_common.hpp:69:13:virtual HW::Base::Common::~Common()	8	static
/media/tramtran/DATA/Gremsy/Ethernet_COM/SleepMode/../Libraries/Hardware/Base/Inc/hardware_base_peripheral_flash.hpp:40:17:virtual HW::Base::Flash::~Flash()	8	static
/media/tramtran/DATA/Gremsy/Ethernet_COM/SleepMode/../Libraries/RTOS/Base/Inc/rtos_base_event.hpp:41:19:virtual RTOS::Base::Event::~Event()	8	static
/media/tramtran/DATA/Gremsy/Ethernet_COM/SleepMode/../Libraries/Hardware/Base/Inc/hardware_base_peripheral_uart.hpp:129:13:virtual HW::Base::Uart::~Uart()	8	static
/media/tramtran/DATA/Gremsy/Ethernet_COM/SleepMode/../Libraries/RTOS/Base/Inc/rtos_base_task.hpp:84:13:RTOS::Base::Task::~Task()	8	static
/media/tramtran/DATA/Gremsy/Ethernet_COM/SleepMode/../Libraries/RTOS/Base/Inc/rtos_base_task.hpp:84:13:virtual RTOS::Base::Task::~Task()	8	static
/media/tramtran/DATA/Gremsy/Ethernet_COM/SleepMode/../Libraries/RTOS/CMSIS_OS_V2/Inc/rtos_cmsis_os_v2_task_static.hpp:41:13:RTOS::TaskStatic<5048>::~TaskStatic()	8	static
/media/tramtran/DATA/Gremsy/Ethernet_COM/SleepMode/../Libraries/RTOS/CMSIS_OS_V2/Inc/rtos_cmsis_os_v2_task_static.hpp:41:13:virtual RTOS::TaskStatic<5048>::~TaskStatic()	8	static
/media/tramtran/DATA/Gremsy/Ethernet_COM/SleepMode/../Libraries/RTOS/CMSIS_OS_V2/Inc/rtos_cmsis_os_v2_task_static.hpp:41:13:RTOS::TaskStatic<2048>::~TaskStatic()	8	static
/media/tramtran/DATA/Gremsy/Ethernet_COM/SleepMode/../Libraries/RTOS/CMSIS_OS_V2/Inc/rtos_cmsis_os_v2_task_static.hpp:41:13:virtual RTOS::TaskStatic<2048>::~TaskStatic()	8	static
/media/tramtran/DATA/Gremsy/Ethernet_COM/SleepMode/../Libraries/RTOS/CMSIS_OS_V2/Inc/rtos_cmsis_os_v2_task_static.hpp:41:13:RTOS::TaskStatic<4096>::~TaskStatic()	8	static
/media/tramtran/DATA/Gremsy/Ethernet_COM/SleepMode/../Libraries/RTOS/CMSIS_OS_V2/Inc/rtos_cmsis_os_v2_task_static.hpp:41:13:virtual RTOS::TaskStatic<4096>::~TaskStatic()	8	static
/media/tramtran/DATA/Gremsy/Ethernet_COM/SleepMode/User/SleepMode_Com/SleepMode_Com.hpp:46:7:SleepMode_Com::~SleepMode_Com()	8	static
/media/tramtran/DATA/Gremsy/Ethernet_COM/SleepMode/../Libraries/RTOS/CMSIS_OS_V2/Inc/rtos_cmsis_os_v2_task_static.hpp:87:16:StatusEnum RTOS::TaskStatic<S>::Close() [with unsigned int S = 5048]	8	static
/media/tramtran/DATA/Gremsy/Ethernet_COM/SleepMode/../Libraries/RTOS/CMSIS_OS_V2/Inc/rtos_cmsis_os_v2_task_static.hpp:87:16:StatusEnum RTOS::TaskStatic<S>::Close() [with unsigned int S = 2048]	8	static
/media/tramtran/DATA/Gremsy/Ethernet_COM/SleepMode/../Libraries/RTOS/CMSIS_OS_V2/Inc/rtos_cmsis_os_v2_task_static.hpp:87:16:StatusEnum RTOS::TaskStatic<S>::Close() [with unsigned int S = 4096]	8	static
/media/tramtran/DATA/Gremsy/Ethernet_COM/SleepMode/../Libraries/RTOS/CMSIS_OS_V2/Inc/rtos_cmsis_os_v2_task_static.hpp:58:16:StatusEnum RTOS::TaskStatic<S>::Open() [with unsigned int S = 5048]	8	static
/media/tramtran/DATA/Gremsy/Ethernet_COM/SleepMode/../Libraries/RTOS/CMSIS_OS_V2/Inc/rtos_cmsis_os_v2_task_static.hpp:58:16:StatusEnum RTOS::TaskStatic<S>::Open() [with unsigned int S = 2048]	8	static
/media/tramtran/DATA/Gremsy/Ethernet_COM/SleepMode/../Libraries/RTOS/CMSIS_OS_V2/Inc/rtos_cmsis_os_v2_task_static.hpp:58:16:StatusEnum RTOS::TaskStatic<S>::Open() [with unsigned int S = 4096]	8	static
/media/tramtran/DATA/Gremsy/Ethernet_COM/SleepMode/../Libraries/Hardware/Base/Inc/hardware_base_peripheral_spi.hpp:124:18:virtual HW::Base::Spi& HW::Base::Spi::operator+=(HW::FuncPeriperalSpiErrorCallbackType)	8	static
/media/tramtran/DATA/Gremsy/Ethernet_COM/SleepMode/../Libraries/Hardware/Base/Inc/hardware_base_peripheral_uart.hpp:201:19:virtual HW::Base::Uart& HW::Base::Uart::operator+=(HW::FuncPeripheralUartByteDataReadyCallbackType)	8	static
/media/tramtran/DATA/Gremsy/Ethernet_COM/SleepMode/../Libraries/Hardware/Base/Inc/hardware_base_peripheral_uart.hpp:180:19:virtual HW::Base::Uart& HW::Base::Uart::operator+=(HW::FuncPeriperalUartPacketDataReadyCallbackType)	8	static
/media/tramtran/DATA/Gremsy/Ethernet_COM/SleepMode/../Libraries/Hardware/Base/Inc/hardware_base_peripheral_uart.hpp:163:19:virtual HW::Base::Uart& HW::Base::Uart::operator+=(HW::FuncPeriperalUartErrorCallbackType)	8	static
/media/tramtran/DATA/Gremsy/Ethernet_COM/SleepMode/../Libraries/RTOS/FreeRTOS/Inc/free_rtos_stream_buffer.hpp:43:17:StatusEnum RTOS::StreamBufferStatic<S>::Open() [with unsigned int S = 4096]	32	static
/media/tramtran/DATA/Gremsy/Ethernet_COM/SleepMode/../Submodule/SG14/SG14/inplace_function.h:107:21:static constexpr void stdext::inplace_function_detail::vtable<void>::vtable<HW::Peripheral::Uart::<lambda()> >(stdext::inplace_function_detail::wrapper<HW::Peripheral::Uart::<lambda()> >)::<lambda(stdext::inplace_function_detail::vtable<void>::storage_ptr_t)>::_FUN(stdext::inplace_function_detail::vtable<void>::storage_ptr_t)	8	static
/media/tramtran/DATA/Gremsy/Ethernet_COM/SleepMode/../Submodule/SG14/SG14/inplace_function.h:107:21:static constexpr void stdext::inplace_function_detail::vtable<void>::vtable<SleepMode_Com::<lambda()> >(stdext::inplace_function_detail::wrapper<SleepMode_Com::<lambda()> >)::<lambda(stdext::inplace_function_detail::vtable<void>::storage_ptr_t)>::_FUN(stdext::inplace_function_detail::vtable<void>::storage_ptr_t)	8	static
/media/tramtran/DATA/Gremsy/Ethernet_COM/SleepMode/../Submodule/SG14/SG14/inplace_function.h:107:21:static constexpr void stdext::inplace_function_detail::vtable<void>::vtable<MavlinkHandler::<lambda()> >(stdext::inplace_function_detail::wrapper<MavlinkHandler::<lambda()> >)::<lambda(stdext::inplace_function_detail::vtable<void>::storage_ptr_t)>::_FUN(stdext::inplace_function_detail::vtable<void>::storage_ptr_t)	8	static
/media/tramtran/DATA/Gremsy/Ethernet_COM/SleepMode/../Libraries/RTOS/Base/Inc/rtos_base_task.hpp:60:5:RTOS::Base::Task::Task()	8	static
/media/tramtran/DATA/Gremsy/Ethernet_COM/SleepMode/../Libraries/RTOS/Base/Inc/rtos_base_stream_buffer.hpp:58:5:RTOS::Base::StreamBuffer::~StreamBuffer()	8	static
/media/tramtran/DATA/Gremsy/Ethernet_COM/SleepMode/../Libraries/RTOS/FreeRTOS/Inc/free_rtos_stream_buffer.hpp:40:14:RTOS::StreamBufferStatic<4096>::~StreamBufferStatic()	8	static
/media/tramtran/DATA/Gremsy/Ethernet_COM/SleepMode/../Libraries/RTOS/FreeRTOS/Inc/free_rtos_stream_buffer.hpp:40:14:virtual RTOS::StreamBufferStatic<4096>::~StreamBufferStatic()	8	static
/media/tramtran/DATA/Gremsy/Ethernet_COM/SleepMode/../Libraries/RTOS/Base/Inc/rtos_base_stream_buffer.hpp:58:5:virtual RTOS::Base::StreamBuffer::~StreamBuffer()	8	static
/media/tramtran/DATA/Gremsy/Ethernet_COM/SleepMode/../Libraries/RTOS/CMSIS_OS_V2/Inc/rtos_cmsis_os_v2_task.hpp:54:5:RTOS::Task::Task()	8	static
/media/tramtran/DATA/Gremsy/Ethernet_COM/SleepMode/../Libraries/RTOS/CMSIS_OS_V2/Inc/rtos_cmsis_os_v2_task.hpp:86:13:RTOS::Task::~Task()	8	static
/media/tramtran/DATA/Gremsy/Ethernet_COM/SleepMode/../Libraries/RTOS/CMSIS_OS_V2/Inc/rtos_cmsis_os_v2_task.hpp:86:13:virtual RTOS::Task::~Task()	8	static
/media/tramtran/DATA/Gremsy/Ethernet_COM/SleepMode/../Libraries/RTOS/CMSIS_OS_V2/Inc/rtos_cmsis_os_v2_task_event.hpp:54:5:RTOS::TaskEvent::TaskEvent()	8	static
/media/tramtran/DATA/Gremsy/Ethernet_COM/SleepMode/../Libraries/RTOS/CMSIS_OS_V2/Inc/rtos_cmsis_os_v2_task_event.hpp:102:13:RTOS::TaskEvent::~TaskEvent()	8	static
/media/tramtran/DATA/Gremsy/Ethernet_COM/SleepMode/../Libraries/Hardware/Base/Inc/hardware_base_peripheral_spi.hpp:99:13:HW::Base::Spi::~Spi()	16	static
/media/tramtran/DATA/Gremsy/Ethernet_COM/SleepMode/../Libraries/Hardware/Base/Inc/hardware_base_peripheral_spi.hpp:99:13:virtual HW::Base::Spi::~Spi()	8	static
/media/tramtran/DATA/Gremsy/Ethernet_COM/SleepMode/../Libraries/RTOS/CMSIS_OS_V2/Inc/rtos_cmsis_os_v2_task_event.hpp:102:13:virtual RTOS::TaskEvent::~TaskEvent()	8	static
/media/tramtran/DATA/Gremsy/Ethernet_COM/SleepMode/../Libraries/Driver/Mavlink/Inc/driver_mavlink_serial_com_port.hpp:67:5:Driver::Mavlink::SerialCOMPort::~SerialCOMPort()	8	static
/media/tramtran/DATA/Gremsy/Ethernet_COM/SleepMode/../Libraries/Driver/Mavlink/Inc/driver_mavlink_serial_com_port.hpp:67:5:virtual Driver::Mavlink::SerialCOMPort::~SerialCOMPort()	8	static
/media/tramtran/DATA/Gremsy/Ethernet_COM/SleepMode/../Libraries/Driver/Mavlink/Inc/driver_mavlink_udp_com_port.hpp:74:5:Driver::Mavlink::UdpCOMPort::UdpCOMPort(mavlink_channel_t, Ethernet_COM&)	8	static
/media/tramtran/DATA/Gremsy/Ethernet_COM/SleepMode/../Libraries/Driver/Mavlink/Inc/driver_mavlink_udp_com_port.hpp:81:5:Driver::Mavlink::UdpCOMPort::~UdpCOMPort()	8	static
/media/tramtran/DATA/Gremsy/Ethernet_COM/SleepMode/../Libraries/Driver/Mavlink/Inc/driver_mavlink_udp_com_port.hpp:81:5:virtual Driver::Mavlink::UdpCOMPort::~UdpCOMPort()	8	static
/media/tramtran/DATA/Gremsy/Ethernet_COM/SleepMode/../Libraries/Driver/Mavlink/Inc/driver_mavlink_udp_com_port.hpp:121:10:void Driver::Mavlink::UdpCOMPort::SetDestPort(uint16_t)	16	static
/media/tramtran/DATA/Gremsy/Ethernet_COM/SleepMode/User/StorageParam/StorageParam.hpp:146:7:virtual constexpr Storage::NetworkParam::~NetworkParam()	8	static
/media/tramtran/DATA/Gremsy/Ethernet_COM/SleepMode/User/StorageParam/StorageParam.hpp:148:26:static Storage::NetworkParam& Storage::NetworkParam::GetInstance()	8	static
/media/tramtran/DATA/Gremsy/Ethernet_COM/SleepMode/User/StorageParam/StorageParam.hpp:165:7:virtual constexpr Storage::ImuParam::~ImuParam()	8	static
/media/tramtran/DATA/Gremsy/Ethernet_COM/SleepMode/User/StorageParam/StorageParam.hpp:167:22:static Storage::ImuParam& Storage::ImuParam::GetInstance()	8	static
/media/tramtran/DATA/Gremsy/Ethernet_COM/SleepMode/../Libraries/Hardware/Stm32U5/Inc/hardware_u5_peripheral_uart.hpp:44:23:HW::Peripheral::Uart::~Uart()	8	static
/media/tramtran/DATA/Gremsy/Ethernet_COM/SleepMode/../Libraries/Hardware/Stm32U5/Inc/hardware_u5_peripheral_uart.hpp:44:23:virtual HW::Peripheral::Uart::~Uart()	8	static
/media/tramtran/DATA/Gremsy/Ethernet_COM/SleepMode/../Libraries/Hardware/Stm32U5/Inc/hardware_u5_peripheral_spi.hpp:35:23:HW::Peripheral::Spi::~Spi()	8	static
/media/tramtran/DATA/Gremsy/Ethernet_COM/SleepMode/../Libraries/Hardware/Stm32U5/Inc/hardware_u5_peripheral_spi.hpp:35:23:virtual HW::Peripheral::Spi::~Spi()	8	static
/media/tramtran/DATA/Gremsy/Ethernet_COM/SleepMode/../Libraries/Modules/Ethernet_COM/Ethernet_COM.hpp:96:7:Ethernet_COM::~Ethernet_COM()	8	static
/media/tramtran/DATA/Gremsy/Ethernet_COM/SleepMode/User/ComPortManager/ComPortManager.hpp:12:7:ComPortManager::~ComPortManager()	8	static
/media/tramtran/DATA/Gremsy/Ethernet_COM/SleepMode/User/ComPortManager/ComPortManager.hpp:28:16:StatusEnum ComPortManager::Open()	8	static
/media/tramtran/DATA/Gremsy/Ethernet_COM/SleepMode/User/ComPortManager/ComPortManager.hpp:61:10:void ComPortManager::ApplyNetworkConfig(const NetworkConfig_t&)	16	static
/media/tramtran/DATA/Gremsy/Ethernet_COM/SleepMode/User/program.cpp:50:6:void setup()	0	static
/media/tramtran/DATA/Gremsy/Ethernet_COM/SleepMode/../Submodule/SG14/SG14/inplace_function.h:98:21:stdext::inplace_function_detail::vtable<void, const unsigned char*, short unsigned int>::vtable()::<lambda(stdext::inplace_function_detail::vtable<void, const unsigned char*, short unsigned int>::storage_ptr_t, const unsigned char*&&, short unsigned int&&)>	8	static
/media/tramtran/DATA/Gremsy/Ethernet_COM/SleepMode/../Submodule/SG14/SG14/inplace_function.h:98:21:static constexpr void stdext::inplace_function_detail::vtable<void, const unsigned char*, short unsigned int>::vtable()::<lambda(stdext::inplace_function_detail::vtable<void, const unsigned char*, short unsigned int>::storage_ptr_t, const unsigned char*&&, short unsigned int&&)>::_FUN(stdext::inplace_function_detail::vtable<void, const unsigned char*, short unsigned int>::storage_ptr_t, const unsigned char*&&, short unsigned int&&)	8	static
/media/tramtran/DATA/Gremsy/Ethernet_COM/SleepMode/../Submodule/SG14/SG14/inplace_function.h:300:23:), Capacity, Alignment>) [with R = void; Args = {const unsigned char*, short unsigned int}; unsigned int Capacity = 32; unsigned int Alignment = 8]	16	static
/media/tramtran/DATA/Gremsy/Ethernet_COM/SleepMode/../Libraries/Hardware/Base/Inc/hardware_base_peripheral_spi.hpp:154:18:virtual HW::Base::Spi& HW::Base::Spi::operator+=(HW::LambdaReceivedPacketCallback&&)	48	static
/media/tramtran/DATA/Gremsy/Ethernet_COM/SleepMode/../Libraries/Hardware/Base/Inc/hardware_base_peripheral_uart.hpp:193:19:virtual HW::Base::Uart& HW::Base::Uart::operator+=(HW::LambdaReceivedPacketCallback&&)	48	static
/media/tramtran/DATA/Gremsy/Ethernet_COM/SleepMode/../Submodule/etl/include/etl/unordered_map.h:1984:5:etl::unordered_map<TKey, TValue, MAX_SIZE_, MAX_BUCKETS_, THash, TKeyEqual>::unordered_map(const THash&, const TKeyEqual&) [with TKey = unsigned char; TValue = stdext::inplace_function<void(mavlink_channel_t, const __mavlink_message&)>; unsigned int MAX_SIZE_ = 10; unsigned int MAX_BUCKETS_ = 10; THash = etl::hash<unsigned char>; TKeyEqual = etl::equal_to<unsigned char>]	4	static
/media/tramtran/DATA/Gremsy/Ethernet_COM/SleepMode/../Submodule/SG14/SG14/inplace_function.h:98:21:stdext::inplace_function_detail::vtable<void>::vtable()::<lambda(stdext::inplace_function_detail::vtable<void>::storage_ptr_t)>	8	static
/media/tramtran/DATA/Gremsy/Ethernet_COM/SleepMode/../Submodule/SG14/SG14/inplace_function.h:98:21:static constexpr void stdext::inplace_function_detail::vtable<void>::vtable()::<lambda(stdext::inplace_function_detail::vtable<void>::storage_ptr_t)>::_FUN(stdext::inplace_function_detail::vtable<void>::storage_ptr_t)	8	static
/media/tramtran/DATA/Gremsy/Ethernet_COM/SleepMode/../Submodule/SG14/SG14/inplace_function.h:300:23:), Capacity, Alignment>) [with R = void; Args = {}; unsigned int Capacity = 64; unsigned int Alignment = 8]	16	static
/media/tramtran/DATA/Gremsy/Ethernet_COM/SleepMode/../Libraries/RTOS/CMSIS_OS_V2/Inc/rtos_cmsis_os_v2_task_static.hpp:43:5:RTOS::TaskStatic<S>::TaskStatic(PriorityEnum, RTOS::TaskFunc&&, const char*) [with unsigned int S = 2048]	104	static
/media/tramtran/DATA/Gremsy/Ethernet_COM/SleepMode/../Libraries/Hardware/Stm32U5/Inc/hardware_u5_peripheral_uart.hpp:51:5:HW::Peripheral::Uart::Uart(UartIdEnum, uint16_t)	88	static
/media/tramtran/DATA/Gremsy/Ethernet_COM/SleepMode/User/ComPortManager/ComPortManager.hpp:14:5:ComPortManager::ComPortManager()	24	static
/media/tramtran/DATA/Gremsy/Ethernet_COM/SleepMode/User/ComPortManager/ComPortManager.hpp:23:28:static ComPortManager& ComPortManager::GetInstance()	8	static
/media/tramtran/DATA/Gremsy/Ethernet_COM/SleepMode/../Libraries/RTOS/CMSIS_OS_V2/Inc/rtos_cmsis_os_v2_task_static.hpp:43:5:RTOS::TaskStatic<S>::TaskStatic(PriorityEnum, RTOS::TaskFunc&&, const char*) [with unsigned int S = 4096]	104	static
/media/tramtran/DATA/Gremsy/Ethernet_COM/SleepMode/User/SleepMode_Com/SleepMode_Com.hpp:63:5:constexpr SleepMode_Com::SleepMode_Com()	80	static
/media/tramtran/DATA/Gremsy/Ethernet_COM/SleepMode/User/StorageParam/StorageParam.hpp:82:10:bool Storage::ParamBase<T>::LoadFromFlash() [with T = NetworkConfig_t]	40	static
/media/tramtran/DATA/Gremsy/Ethernet_COM/SleepMode/User/StorageParam/StorageParam.hpp:82:10:bool Storage::ParamBase<T>::LoadFromFlash() [with T = ImuCalibConfig_t]	48	static
/media/tramtran/DATA/Gremsy/Ethernet_COM/SleepMode/User/StorageParam/StorageParam.hpp:194:10:void Storage::Manager::Init(HW::Peripheral::Flash&)	8	static
/media/tramtran/DATA/Gremsy/Ethernet_COM/SleepMode/User/program.cpp:56:6:void loop()	16	static
/media/tramtran/DATA/Gremsy/Ethernet_COM/SleepMode/../Submodule/etl/include/etl/unordered_map.h:1722:10:void etl::iunordered_map<TKey, T, THash, TKeyEqual>::initialise() [with TKey = unsigned char; T = stdext::inplace_function<void(mavlink_channel_t, const __mavlink_message&)>; THash = etl::hash<unsigned char>; TKeyEqual = etl::equal_to<unsigned char>]	40	static
/media/tramtran/DATA/Gremsy/Ethernet_COM/SleepMode/../Submodule/etl/include/etl/unordered_map.h:2039:5:etl::unordered_map<TKey, TValue, MAX_SIZE_, MAX_BUCKETS_, THash, TKeyEqual>::~unordered_map() [with TKey = unsigned char; TValue = stdext::inplace_function<void(mavlink_channel_t, const __mavlink_message&)>; unsigned int MAX_SIZE_ = 10; unsigned int MAX_BUCKETS_ = 10; THash = etl::hash<unsigned char>; TKeyEqual = etl::equal_to<unsigned char>]	8	static
/media/tramtran/DATA/Gremsy/Ethernet_COM/SleepMode/../Submodule/etl/include/etl/memory.h:1078:8:void etl::destroy(TIterator, TIterator) [with TIterator = Driver::Mavlink::Component::PeriodicSendMsg*]	16	static
/media/tramtran/DATA/Gremsy/Ethernet_COM/SleepMode/User/MavlinkHandler/MavlinkHandler.hpp:42:7:MavlinkHandler::~MavlinkHandler()	8	static
/media/tramtran/DATA/Gremsy/Ethernet_COM/SleepMode/../Submodule/etl/include/etl/vector.h:1235:5:etl::vector<T, MAX_SIZE_>::vector() [with T = Driver::Mavlink::Component::PeriodicSendMsg; unsigned int MAX_SIZE_ = 10]	8	static
/media/tramtran/DATA/Gremsy/Ethernet_COM/SleepMode/User/MavlinkHandler/MavlinkHandler.hpp:47:18:MavlinkHandler::MavlinkHandler(SleepMode_Com&)	104	static
/media/tramtran/DATA/Gremsy/Ethernet_COM/SleepMode/User/program.cpp:144:1:void __static_initialization_and_destruction_0()	16	static
/media/tramtran/DATA/Gremsy/Ethernet_COM/SleepMode/../Libraries/Hardware/Stm32U5/Inc/hardware_u5_peripheral_flash.hpp:33:23:virtual HW::Peripheral::Flash::~Flash()	8	static
/media/tramtran/DATA/Gremsy/Ethernet_COM/SleepMode/User/MavlinkHandler/MavlinkHandler.hpp:42:7:virtual MavlinkHandler::~MavlinkHandler()	8	static
/media/tramtran/DATA/Gremsy/Ethernet_COM/SleepMode/User/program.cpp:144:1:cpp)	8	static
