/media/tramtran/DATA/Gremsy/Ethernet_COM/SleepMode/../Libraries/RTOS/Base/Inc/rtos_base_common.hpp:65:13:RTOS::Base::Common::~Common()	0	static
/media/tramtran/DATA/Gremsy/Ethernet_COM/SleepMode/../Libraries/RTOS/Base/Inc/rtos_base_common.hpp:79:24:virtual StatusEnum RTOS::Base::Common::Open()	0	static
/media/tramtran/DATA/Gremsy/Ethernet_COM/SleepMode/../Libraries/RTOS/Base/Inc/rtos_base_common.hpp:85:24:virtual StatusEnum RTOS::Base::Common::Close()	0	static
/media/tramtran/DATA/Gremsy/Ethernet_COM/SleepMode/../Libraries/RTOS/Base/Inc/rtos_base_common.hpp:92:18:virtual bool RTOS::Base::Common::IsOpen()	0	static
/media/tramtran/DATA/Gremsy/Ethernet_COM/SleepMode/../Libraries/RTOS/Base/Inc/rtos_base_task.hpp:99:19:virtual RTOS::Base::Task& RTOS::Base::Task::operator+=(RTOS::FuncRtosTaskCallbackType)	0	static
/media/tramtran/DATA/Gremsy/Ethernet_COM/SleepMode/../Libraries/RTOS/Base/Inc/rtos_base_task.hpp:110:18:virtual void RTOS::Base::Task::Sleep(uint32_t)	0	static
/media/tramtran/DATA/Gremsy/Ethernet_COM/SleepMode/../Libraries/RTOS/Base/Inc/rtos_base_task.hpp:116:18:virtual void RTOS::Base::Task::Sleep()	0	static
/media/tramtran/DATA/Gremsy/Ethernet_COM/SleepMode/../Submodule/SG14/SG14/inplace_function.h:112:19:static constexpr void stdext::inplace_function_detail::vtable<void>::vtable<Ethernet_COM::<lambda()> >(stdext::inplace_function_detail::wrapper<Ethernet_COM::<lambda()> >)::<lambda(stdext::inplace_function_detail::vtable<void>::storage_ptr_t, stdext::inplace_function_detail::vtable<void>::storage_ptr_t)>::_FUN(stdext::inplace_function_detail::vtable<void>::storage_ptr_t, stdext::inplace_function_detail::vtable<void>::storage_ptr_t)	0	static
/media/tramtran/DATA/Gremsy/Ethernet_COM/SleepMode/../Submodule/SG14/SG14/inplace_function.h:115:23:static constexpr void stdext::inplace_function_detail::vtable<void>::vtable<Ethernet_COM::<lambda()> >(stdext::inplace_function_detail::wrapper<Ethernet_COM::<lambda()> >)::<lambda(stdext::inplace_function_detail::vtable<void>::storage_ptr_t, stdext::inplace_function_detail::vtable<void>::storage_ptr_t)>::_FUN(stdext::inplace_function_detail::vtable<void>::storage_ptr_t, stdext::inplace_function_detail::vtable<void>::storage_ptr_t)	0	static
/media/tramtran/DATA/Gremsy/Ethernet_COM/SleepMode/../Submodule/SG14/SG14/inplace_function.h:121:25:static constexpr void stdext::inplace_function_detail::vtable<void>::vtable<Ethernet_COM::<lambda()> >(stdext::inplace_function_detail::wrapper<Ethernet_COM::<lambda()> >)::<lambda(stdext::inplace_function_detail::vtable<void>::storage_ptr_t)>::_FUN(stdext::inplace_function_detail::vtable<void>::storage_ptr_t)	0	static
/media/tramtran/DATA/Gremsy/Ethernet_COM/SleepMode/../Submodule/SG14/SG14/inplace_function.h:101:19:static constexpr void stdext::inplace_function_detail::vtable<void>::vtable()::<lambda(stdext::inplace_function_detail::vtable<void>::storage_ptr_t, stdext::inplace_function_detail::vtable<void>::storage_ptr_t)>::_FUN(stdext::inplace_function_detail::vtable<void>::storage_ptr_t, stdext::inplace_function_detail::vtable<void>::storage_ptr_t)	0	static
/media/tramtran/DATA/Gremsy/Ethernet_COM/SleepMode/../Submodule/SG14/SG14/inplace_function.h:102:23:static constexpr void stdext::inplace_function_detail::vtable<void>::vtable()::<lambda(stdext::inplace_function_detail::vtable<void>::storage_ptr_t, stdext::inplace_function_detail::vtable<void>::storage_ptr_t)>::_FUN(stdext::inplace_function_detail::vtable<void>::storage_ptr_t, stdext::inplace_function_detail::vtable<void>::storage_ptr_t)	0	static
/media/tramtran/DATA/Gremsy/Ethernet_COM/SleepMode/../Submodule/SG14/SG14/inplace_function.h:103:25:static constexpr void stdext::inplace_function_detail::vtable<void>::vtable()::<lambda(stdext::inplace_function_detail::vtable<void>::storage_ptr_t)>::_FUN(stdext::inplace_function_detail::vtable<void>::storage_ptr_t)	0	static
/media/tramtran/DATA/Gremsy/Ethernet_COM/SleepMode/../Libraries/RTOS/rtos_include.hpp:92:10:void RTOS::FreeTaskServiceCallback(void*) [with Task = TaskStatic<5048>]	8	static
/media/tramtran/DATA/Gremsy/Ethernet_COM/SleepMode/../Libraries/RTOS/Base/Inc/rtos_base_task.hpp:84:13:RTOS::Base::Task::~Task()	8	static
/media/tramtran/DATA/Gremsy/Ethernet_COM/SleepMode/../Libraries/RTOS/CMSIS_OS_V2/Inc/rtos_cmsis_os_v2_task_static.hpp:41:13:RTOS::TaskStatic<5048>::~TaskStatic()	8	static
/media/tramtran/DATA/Gremsy/Ethernet_COM/SleepMode/../Libraries/RTOS/CMSIS_OS_V2/Inc/rtos_cmsis_os_v2_task_static.hpp:87:16:StatusEnum RTOS::TaskStatic<S>::Close() [with unsigned int S = 5048]	8	static
/media/tramtran/DATA/Gremsy/Ethernet_COM/SleepMode/../Libraries/RTOS/CMSIS_OS_V2/Inc/rtos_cmsis_os_v2_task_static.hpp:58:16:StatusEnum RTOS::TaskStatic<S>::Open() [with unsigned int S = 5048]	8	static
/media/tramtran/DATA/Gremsy/Ethernet_COM/SleepMode/../Libraries/RTOS/Base/Inc/rtos_base_common.hpp:65:13:virtual RTOS::Base::Common::~Common()	8	static
/media/tramtran/DATA/Gremsy/Ethernet_COM/SleepMode/../Libraries/RTOS/Base/Inc/rtos_base_task.hpp:84:13:virtual RTOS::Base::Task::~Task()	8	static
/media/tramtran/DATA/Gremsy/Ethernet_COM/SleepMode/../Libraries/RTOS/CMSIS_OS_V2/Inc/rtos_cmsis_os_v2_task_static.hpp:41:13:virtual RTOS::TaskStatic<5048>::~TaskStatic()	8	static
/media/tramtran/DATA/Gremsy/Ethernet_COM/SleepMode/../Libraries/RTOS/Base/Inc/rtos_base_task.hpp:60:5:RTOS::Base::Task::Task()	8	static
/media/tramtran/DATA/Gremsy/Ethernet_COM/SleepMode/../Libraries/RTOS/Base/Inc/rtos_base_mutex.hpp:71:10:void RTOS::Base::SemaphoreBase::lock()	16	static
/media/tramtran/DATA/Gremsy/Ethernet_COM/SleepMode/../Libraries/RTOS/Base/Inc/rtos_base_mutex.hpp:125:10:void RTOS::Base::SemaphoreBase::unlock()	16	static
/media/tramtran/DATA/Gremsy/Ethernet_COM/SleepMode/../Libraries/RTOS/CMSIS_OS_V2/Inc/rtos_cmsis_os_v2_task.hpp:54:5:RTOS::Task::Task()	8	static
/media/tramtran/DATA/Gremsy/Ethernet_COM/Libraries/Modules/Ethernet_COM/Ethernet_COM.cpp:29:6:bool _ParseIpString(const char*, uint8_t*)	32	static
/media/tramtran/DATA/Gremsy/Ethernet_COM/Libraries/Modules/Ethernet_COM/Ethernet_COM.cpp:50:6:void Ethernet_COM::Open()	24	static
/media/tramtran/DATA/Gremsy/Ethernet_COM/Libraries/Modules/Ethernet_COM/Ethernet_COM.cpp:80:6:void Ethernet_COM::Close()	16	static
/media/tramtran/DATA/Gremsy/Ethernet_COM/Libraries/Modules/Ethernet_COM/Ethernet_COM.cpp:152:6:void Ethernet_COM::ETH_Response(ETH_Frame*, uint16_t)	32	static
/media/tramtran/DATA/Gremsy/Ethernet_COM/Libraries/Modules/Ethernet_COM/Ethernet_COM.cpp:165:10:uint16_t Ethernet_COM::ARP_Process(ARP_Frame*, uint16_t)	16	static
/media/tramtran/DATA/Gremsy/Ethernet_COM/Libraries/Modules/Ethernet_COM/Ethernet_COM.cpp:188:10:uint16_t Ethernet_COM::IP_CalcCheckSum(uint8_t*, uint16_t)	0	static
/media/tramtran/DATA/Gremsy/Ethernet_COM/Libraries/Modules/Ethernet_COM/Ethernet_COM.cpp:260:10:uint16_t Ethernet_COM::ICMP_Process(ICMP_EchoFrame*, uint16_t)	24	static
/media/tramtran/DATA/Gremsy/Ethernet_COM/Libraries/Modules/Ethernet_COM/Ethernet_COM.cpp:281:10:uint16_t Ethernet_COM::UDP_Dispatch(IP_Frame*, UDP_Frame*, uint16_t)	24	static
/media/tramtran/DATA/Gremsy/Ethernet_COM/Libraries/Modules/Ethernet_COM/Ethernet_COM.cpp:215:10:uint16_t Ethernet_COM::IP_Process(IP_Frame*, uint16_t)	24	static
/media/tramtran/DATA/Gremsy/Ethernet_COM/Libraries/Modules/Ethernet_COM/Ethernet_COM.cpp:122:6:void Ethernet_COM::ETH_Process()	16	static
/media/tramtran/DATA/Gremsy/Ethernet_COM/Libraries/Modules/Ethernet_COM/Ethernet_COM.cpp:99:12:StatusEnum Ethernet_COM::EthernetMainTask()	8	static
/media/tramtran/DATA/Gremsy/Ethernet_COM/SleepMode/../Libraries/Modules/Ethernet_COM/Ethernet_COM.hpp:135:9:Ethernet_COM::<lambda()>	8	static
/media/tramtran/DATA/Gremsy/Ethernet_COM/SleepMode/../Submodule/SG14/SG14/inplace_function.h:107:21:static constexpr void stdext::inplace_function_detail::vtable<void>::vtable<Ethernet_COM::<lambda()> >(stdext::inplace_function_detail::wrapper<Ethernet_COM::<lambda()> >)::<lambda(stdext::inplace_function_detail::vtable<void>::storage_ptr_t)>::_FUN(stdext::inplace_function_detail::vtable<void>::storage_ptr_t)	8	static
/media/tramtran/DATA/Gremsy/Ethernet_COM/Libraries/Modules/Ethernet_COM/Ethernet_COM.cpp:304:12:StatusEnum Ethernet_COM::SendUdp(const uint8_t*, uint16_t, UdpMode, const uint8_t*, uint16_t)	56	static
/media/tramtran/DATA/Gremsy/Ethernet_COM/Libraries/Modules/Ethernet_COM/Ethernet_COM.cpp:387:6:bool Ethernet_COM::RegisterUdpReceiver(uint16_t, IUdpReceiver*)	24	static
/media/tramtran/DATA/Gremsy/Ethernet_COM/Libraries/Modules/Ethernet_COM/Ethernet_COM.cpp:403:6:void Ethernet_COM::UnregisterUdpReceiver(uint16_t)	12	static
/media/tramtran/DATA/Gremsy/Ethernet_COM/SleepMode/../Submodule/SG14/SG14/inplace_function.h:98:21:stdext::inplace_function_detail::vtable<void>::vtable()::<lambda(stdext::inplace_function_detail::vtable<void>::storage_ptr_t)>	8	static
/media/tramtran/DATA/Gremsy/Ethernet_COM/SleepMode/../Submodule/SG14/SG14/inplace_function.h:98:21:static constexpr void stdext::inplace_function_detail::vtable<void>::vtable()::<lambda(stdext::inplace_function_detail::vtable<void>::storage_ptr_t)>::_FUN(stdext::inplace_function_detail::vtable<void>::storage_ptr_t)	8	static
/media/tramtran/DATA/Gremsy/Ethernet_COM/SleepMode/../Submodule/SG14/SG14/inplace_function.h:300:23:), Capacity, Alignment>) [with R = void; Args = {}; unsigned int Capacity = 64; unsigned int Alignment = 8]	16	static
/media/tramtran/DATA/Gremsy/Ethernet_COM/SleepMode/../Libraries/RTOS/CMSIS_OS_V2/Inc/rtos_cmsis_os_v2_task_static.hpp:43:5:RTOS::TaskStatic<S>::TaskStatic(PriorityEnum, RTOS::TaskFunc&&, const char*) [with unsigned int S = 5048]	104	static
/media/tramtran/DATA/Gremsy/Ethernet_COM/Libraries/Modules/Ethernet_COM/Ethernet_COM.cpp:46:1:Ethernet_COM::Ethernet_COM(HW::Peripheral::Spi&)	88	static
