/media/tramtran/DATA/Gremsy/Ethernet_COM/SleepMode/User/PowerManager/powermanager.cpp:22:12:StatusEnum PowerManager::__setPin(const PowerRailDescriptor&, bool)	8	static
/media/tramtran/DATA/Gremsy/Ethernet_COM/SleepMode/User/PowerManager/powermanager.cpp:51:12:StatusEnum PowerManager::__setRailWithRetry(PowerRailEnum, bool)	24	static
/media/tramtran/DATA/Gremsy/Ethernet_COM/SleepMode/User/PowerManager/powermanager.cpp:142:6:void PowerManager::__resetCurrentFilter(uint32_t)	0	static
/media/tramtran/DATA/Gremsy/Ethernet_COM/SleepMode/User/PowerManager/powermanager.cpp:159:12:StatusEnum PowerManager::PowerOn()	16	static
/media/tramtran/DATA/Gremsy/Ethernet_COM/SleepMode/User/PowerManager/powermanager.cpp:218:12:StatusEnum PowerManager::PowerOff()	16	static
/media/tramtran/DATA/Gremsy/Ethernet_COM/SleepMode/User/PowerManager/powermanager.cpp:241:12:StatusEnum PowerManager::SleepSom()	16	static
/media/tramtran/DATA/Gremsy/Ethernet_COM/SleepMode/User/PowerManager/powermanager.cpp:266:12:StatusEnum PowerManager::WakeUpSom()	16	static
/media/tramtran/DATA/Gremsy/Ethernet_COM/SleepMode/User/PowerManager/powermanager.cpp:283:12:StatusEnum PowerManager::SetRail(PowerRailEnum, bool)	8	static
/media/tramtran/DATA/Gremsy/Ethernet_COM/SleepMode/User/PowerManager/powermanager.cpp:113:10:uint32_t PowerManager::ReadCurrent12vSys()	16	static
/media/tramtran/DATA/Gremsy/Ethernet_COM/SleepMode/User/PowerManager/powermanager.cpp:129:10:uint32_t PowerManager::CalibrateCurrentOffset()	16	static
/media/tramtran/DATA/Gremsy/Ethernet_COM/SleepMode/User/PowerManager/powermanager.cpp:75:12:StatusEnum PowerManager::Open()	16	static
